Archive member included because of file (symbol)

R:\fehqt\Proteus/EWL/lib/armv7e-m\libc.a(sprintf.o)
                              Libraries\FEHLCD.o (sprintf)
R:\fehqt\Proteus/EWL/lib/armv7e-m\libc.a(vsnprintf.o)
                              R:\fehqt\Proteus/EWL/lib/armv7e-m\libc.a(sprintf.o) (vsnprintf)
R:\fehqt\Proteus/EWL/lib/armv7e-m\libc.a(exit.o)
                              Startup\__arm_start.o (exit)
R:\fehqt\Proteus/EWL/lib/armv7e-m\libc.a(memcpy.o)
                              R:\fehqt\Proteus/EWL/lib/armv7e-m\libc.a(vsnprintf.o) (memcpy)
R:\fehqt\Proteus/EWL/lib/armv7e-m\libc.a(memset.o)
                              Startup\__arm_start.o (memset)
R:\fehqt\Proteus/EWL/lib/armv7e-m\libc.a(printformat_.o)
                              (__pformatter_)
R:\fehqt\Proteus/EWL/lib/armv7e-m\libc.a(scanformat_.o)
                              (__sformatter)
R:\fehqt\Proteus/EWL/lib/armv7e-m\libc.a(ctype_aeabi.o)
                              R:\fehqt\Proteus/EWL/lib/armv7e-m\libc.a(scanformat_.o) (isspace)
R:\fehqt\Proteus/EWL/lib/armv7e-m\libc.a(__strtoul.o)
                              R:\fehqt\Proteus/EWL/lib/armv7e-m\libc.a(scanformat_.o) (__strtoul)
R:\fehqt\Proteus/EWL/lib/armv7e-m\libc.a(__filll_mem.o)
                              R:\fehqt\Proteus/EWL/lib/armv7e-m\libc.a(memset.o) (__fill_mem)
R:\fehqt\Proteus/EWL/lib/armv7e-m\libc.a(memchr.o)
                              R:\fehqt\Proteus/EWL/lib/armv7e-m\libc.a(printformat_.o) (memchr)
R:\fehqt\Proteus/EWL/lib/armv7e-m\libc.a(strchr.o)
                              R:\fehqt\Proteus/EWL/lib/armv7e-m\libc.a(printformat_.o) (strchr)
R:\fehqt\Proteus/EWL/lib/armv7e-m\libc.a(strlen.o)
                              R:\fehqt\Proteus/EWL/lib/armv7e-m\libc.a(printformat_.o) (strlen)
r:/fehqt/proteus/gcc/bin/../lib/gcc/arm-none-eabi/4.6.2/armv7e-m\libgcc.a(_arm_addsubdf3.o)
                              Libraries\FEHUtility.o (__aeabi_dadd)
r:/fehqt/proteus/gcc/bin/../lib/gcc/arm-none-eabi/4.6.2/armv7e-m\libgcc.a(_arm_muldivdf3.o)
                              ..\drivetrain.o (__aeabi_dmul)
r:/fehqt/proteus/gcc/bin/../lib/gcc/arm-none-eabi/4.6.2/armv7e-m\libgcc.a(_arm_cmpdf2.o)
                              ..\drivetrain.o (__aeabi_dcmplt)
r:/fehqt/proteus/gcc/bin/../lib/gcc/arm-none-eabi/4.6.2/armv7e-m\libgcc.a(_arm_fixdfsi.o)
                              ..\drivetrain.o (__aeabi_d2iz)
r:/fehqt/proteus/gcc/bin/../lib/gcc/arm-none-eabi/4.6.2/armv7e-m\libgcc.a(_arm_fixunsdfsi.o)
                              Libraries\FEHUtility.o (__aeabi_d2uiz)
r:/fehqt/proteus/gcc/bin/../lib/gcc/arm-none-eabi/4.6.2/armv7e-m\libgcc.a(_arm_truncdfsf2.o)
                              Libraries\FEHIO.o (__aeabi_d2f)
r:/fehqt/proteus/gcc/bin/../lib/gcc/arm-none-eabi/4.6.2/armv7e-m\libgcc.a(_arm_addsubsf3.o)
                              ..\main.o (__aeabi_fsub)
r:/fehqt/proteus/gcc/bin/../lib/gcc/arm-none-eabi/4.6.2/armv7e-m\libgcc.a(_arm_muldivsf3.o)
                              ..\drivetrain.o (__aeabi_fmul)
r:/fehqt/proteus/gcc/bin/../lib/gcc/arm-none-eabi/4.6.2/armv7e-m\libgcc.a(_arm_cmpsf2.o)
                              Libraries\FEHServo.o (__aeabi_fcmpeq)
r:/fehqt/proteus/gcc/bin/../lib/gcc/arm-none-eabi/4.6.2/armv7e-m\libgcc.a(_arm_fixsfsi.o)
                              ..\drivetrain.o (__aeabi_f2iz)
r:/fehqt/proteus/gcc/bin/../lib/gcc/arm-none-eabi/4.6.2/armv7e-m\libgcc.a(_arm_fixunssfsi.o)
                              Drivers\mcg.o (__aeabi_f2uiz)
R:\fehqt\Proteus/EWL/lib/armv7e-m\librt.a(gcc_ctor_dtor.o)
                              Startup\__arm_start.o (__init_cpp)
R:\fehqt\Proteus/EWL/lib/armv7e-m\librt.a(ROMCopy.o)
                              Startup\__arm_start.o (__copy_rom_sections_to_ram)
R:\fehqt\Proteus/EWL/lib/armv7e-m\librt.a(__arm_eabi_init.o)
                              R:\fehqt\Proteus/EWL/lib/armv7e-m\libc.a(exit.o) (__destroy_global_chain)
R:\fehqt\Proteus/EWL/lib/armv7e-m\librt.a(New.o)
                              ..\main.o (operator new(unsigned int))
r:/fehqt/proteus/gcc/bin/../lib/gcc/arm-none-eabi/4.6.2/../../../../arm-none-eabi/lib/armv7e-m\libsupc++.a(class_type_info.o)
                              R:\fehqt\Proteus/EWL/lib/armv7e-m\librt.a(New.o) (vtable for __cxxabiv1::__class_type_info)
r:/fehqt/proteus/gcc/bin/../lib/gcc/arm-none-eabi/4.6.2/../../../../arm-none-eabi/lib/armv7e-m\libsupc++.a(eh_alloc.o)
                              R:\fehqt\Proteus/EWL/lib/armv7e-m\librt.a(New.o) (__cxa_allocate_exception)
r:/fehqt/proteus/gcc/bin/../lib/gcc/arm-none-eabi/4.6.2/../../../../arm-none-eabi/lib/armv7e-m\libsupc++.a(eh_arm.o)
                              R:\fehqt\Proteus/EWL/lib/armv7e-m\librt.a(New.o) (__cxa_end_cleanup)
r:/fehqt/proteus/gcc/bin/../lib/gcc/arm-none-eabi/4.6.2/../../../../arm-none-eabi/lib/armv7e-m\libsupc++.a(eh_aux_runtime.o)
                              r:/fehqt/proteus/gcc/bin/../lib/gcc/arm-none-eabi/4.6.2/../../../../arm-none-eabi/lib/armv7e-m\libsupc++.a(eh_arm.o) (__cxa_bad_typeid)
[...]
Memory Configuration

Name             Origin             Length             Attributes
m_interrupts     0x0000c000         0x00000400         xr
m_cfmprotrom     0x0000c400         0x00000010         xr
m_text           0x0000c410         0x00073bf0         xr
m_data           0x1fff0400         0x0000fc00         xrw
m_data2          0x20000000         0x00010000         xrw
*default*        0x00000000         0xffffffff

Linker script and memory map

LOAD ..\main.o
LOAD ..\drivetrain.o
LOAD ..\cage.o
LOAD ..\cdscell.o
LOAD Startup\__arm_start.o
LOAD Startup\__arm_end.o
LOAD Startup\kinetis_sysinit.o
LOAD Libraries\FEHMotor.o
LOAD Drivers\mcg.o
LOAD Drivers\uart.o
LOAD Drivers\lptmr.o
LOAD FEHProteus.o
LOAD Drivers\FEHPropeller.o
LOAD Libraries\FEHUtility.o
LOAD Libraries\FEHIO.o
LOAD Drivers\adc16.o
LOAD Libraries\FEHBuzzer.o
LOAD Libraries\FEHServo.o
LOAD Libraries\FEHLCD.o
LOAD Libraries\FEHBattery.o
LOAD Drivers\FEHXBee.o
LOAD Libraries\FEHRPS.o
                0x00014e34                __pformatter = __pformatter_
                [0x0001522c]                __sformatter = __sformatter
LOAD R:\fehqt\Proteus/EWL/lib/armv7e-m\libstdc++.a
LOAD R:\fehqt\Proteus/EWL/lib/armv7e-m\libm.a
START GROUP
LOAD R:\fehqt\Proteus/EWL/lib/armv7e-m\libc.a
LOAD R:\fehqt\Proteus/EWL/lib/armv7e-m\libc++.a
LOAD R:\fehqt\Proteus/EWL/lib/armv7e-m\libm.a
LOAD r:/fehqt/proteus/gcc/bin/../lib/gcc/arm-none-eabi/4.6.2/armv7e-m\libgcc.a
LOAD R:\fehqt\Proteus/EWL/lib/armv7e-m\librt.a
LOAD r:/fehqt/proteus/gcc/bin/../lib/gcc/arm-none-eabi/4.6.2/../../../../arm-none-eabi/lib/armv7e-m\libsupc++.a
END GROUP
                0x20000000                _estack = 0x20000000
                0x20000000                __SP_INIT = _estack
                0x00000800                __heap_size = 0x800
                0x00000800                __stack_size = 0x800

.interrupts     0x0000c000      0x1e0
                0x0000c000                __vector_table = .
                0x0000c000                . = ALIGN (0x4)
 *(.vectortable)
 .vectortable   0x0000c000      0x1e0 Startup\kinetis_sysinit.o
                0x0000c1e0                . = ALIGN (0x4)

.cfmprotect     0x0000c400        0x0
                0x0000c400                . = ALIGN (0x4)
 *(.cfmconfig)
                0x0000c400                . = ALIGN (0x4)

.text           0x0000c410     0xb5a0
                0x0000c410                . = ALIGN (0x4)
 *(.text)
 .text          0x0000c410      0x370 r:/fehqt/proteus/gcc/bin/../lib/gcc/arm-none-eabi/4.6.2/armv7e-m\libgcc.a(_arm_addsubdf3.o)
                0x0000c410                __aeabi_drsub
                0x0000c418                __aeabi_dsub
                0x0000c418                __subdf3
                0x0000c41c                __aeabi_dadd
                0x0000c41c                __adddf3
                0x0000c694                __floatunsidf
                0x0000c694                __aeabi_ui2d
                0x0000c6b4                __floatsidf
                0x0000c6b4                __aeabi_i2d
                0x0000c6d8                __aeabi_f2d
                0x0000c6d8                __extendsfdf2
                0x0000c714                __floatundidf
                0x0000c714                __aeabi_ul2d
                0x0000c724                __floatdidf
                0x0000c724                __aeabi_l2d
 .text          0x0000c780      0x424 r:/fehqt/proteus/gcc/bin/../lib/gcc/arm-none-eabi/4.6.2/armv7e-m\libgcc.a(_arm_muldivdf3.o)
                0x0000c780                __aeabi_dmul
                0x0000c780                __muldf3
                0x0000c9d4                __divdf3
                0x0000c9d4                __aeabi_ddiv
 .text          0x0000cba4      0x110 r:/fehqt/proteus/gcc/bin/../lib/gcc/arm-none-eabi/4.6.2/armv7e-m\libgcc.a(_arm_cmpdf2.o)
                0x0000cba4                __gtdf2
                0x0000cba4                __gedf2
                0x0000cbac                __ltdf2
                0x0000cbac                __ledf2
                0x0000cbb4                __nedf2
                0x0000cbb4                __eqdf2
                0x0000cbb4                __cmpdf2
                0x0000cc30                __aeabi_cdrcmple
                0x0000cc40                __aeabi_cdcmpeq
                0x0000cc40                __aeabi_cdcmple
                0x0000cc50                __aeabi_dcmpeq
                0x0000cc64                __aeabi_dcmplt
                0x0000cc78                __aeabi_dcmple
                0x0000cc8c                __aeabi_dcmpge
                0x0000cca0                __aeabi_dcmpgt
 .text          0x0000ccb4       0x50 r:/fehqt/proteus/gcc/bin/../lib/gcc/arm-none-eabi/4.6.2/armv7e-m\libgcc.a(_arm_fixdfsi.o)
                0x0000ccb4                __aeabi_d2iz
                0x0000ccb4                __fixdfsi
 .text          0x0000cd04       0xa0 r:/fehqt/proteus/gcc/bin/../lib/gcc/arm-none-eabi/4.6.2/armv7e-m\libgcc.a(_arm_truncdfsf2.o)
                0x0000cd04                __truncdfsf2
                0x0000cd04                __aeabi_d2f
 .text          0x0000cda4      0x21c r:/fehqt/proteus/gcc/bin/../lib/gcc/arm-none-eabi/4.6.2/armv7e-m\libgcc.a(_arm_addsubsf3.o)
                0x0000cda4                __aeabi_frsub
                0x0000cdac                __subsf3
                0x0000cdac                __aeabi_fsub
                0x0000cdb0                __aeabi_fadd
                0x0000cdb0                __addsf3
                0x0000cf10                __aeabi_ui2f
                0x0000cf10                __floatunsisf
                0x0000cf18                __aeabi_i2f
                0x0000cf18                __floatsisf
                0x0000cf34                __aeabi_ul2f
                0x0000cf34                __floatundisf
                0x0000cf44                __aeabi_l2f
                0x0000cf44                __floatdisf
 .text          0x0000cfc0      0x2a0 r:/fehqt/proteus/gcc/bin/../lib/gcc/arm-none-eabi/4.6.2/armv7e-m\libgcc.a(_arm_muldivsf3.o)
                0x0000cfc0                __mulsf3
                0x0000cfc0                __aeabi_fmul
                0x0000d128                __aeabi_fdiv
                0x0000d128                __divsf3
 .text          0x0000d260       0xec r:/fehqt/proteus/gcc/bin/../lib/gcc/arm-none-eabi/4.6.2/armv7e-m\libgcc.a(_arm_cmpsf2.o)
                0x0000d260                __gesf2
                0x0000d260                __gtsf2
                0x0000d268                __lesf2
                0x0000d268                __ltsf2
                0x0000d270                __nesf2
                0x0000d270                __eqsf2
                0x0000d270                __cmpsf2
                0x0000d2d0                __aeabi_cfrcmple
                0x0000d2d8                __aeabi_cfcmpeq
                0x0000d2d8                __aeabi_cfcmple
                0x0000d2e8                __aeabi_fcmpeq
                0x0000d2fc                __aeabi_fcmplt
                0x0000d310                __aeabi_fcmple
                0x0000d324                __aeabi_fcmpge
                0x0000d338                __aeabi_fcmpgt
 .text          0x0000d34c       0x4c r:/fehqt/proteus/gcc/bin/../lib/gcc/arm-none-eabi/4.6.2/armv7e-m\libgcc.a(_arm_fixsfsi.o)
                0x0000d34c                __aeabi_f2iz
                0x0000d34c                __fixsfsi
 .text          0x0000d398      0xb54 r:/fehqt/proteus/gcc/bin/../lib/gcc/arm-none-eabi/4.6.2/armv7e-m\libgcc.a(unwind-arm.o)
                0x0000d640                _Unwind_VRS_Get
                0x0000d680                _Unwind_VRS_Set
                0x0000d9e0                __aeabi_unwind_cpp_pr2
                0x0000d9e4                __aeabi_unwind_cpp_pr1
                0x0000d9e8                __aeabi_unwind_cpp_pr0
                0x0000d9ec                _Unwind_VRS_Pop
                0x0000dda0                _Unwind_GetCFA
                0x0000dda4                __gnu_Unwind_RaiseException
                0x0000de04                __gnu_Unwind_ForcedUnwind
                0x0000de18                __gnu_Unwind_Resume
                0x0000de54                __gnu_Unwind_Resume_or_Rethrow
                0x0000de64                _Unwind_Complete
                0x0000de68                _Unwind_DeleteException
                0x0000de78                __gnu_Unwind_Backtrace
 .text          0x0000deec      0x1ac r:/fehqt/proteus/gcc/bin/../lib/gcc/arm-none-eabi/4.6.2/armv7e-m\libgcc.a(libunwind.o)
                0x0000deec                __restore_core_regs
                0x0000deec                restore_core_regs
                0x0000df04                __gnu_Unwind_Restore_VFP
                0x0000df0c                __gnu_Unwind_Save_VFP
                0x0000df14                __gnu_Unwind_Restore_VFP_D
                0x0000df1c                __gnu_Unwind_Save_VFP_D
                0x0000df24                __gnu_Unwind_Restore_VFP_D_16_to_31
                0x0000df2c                __gnu_Unwind_Save_VFP_D_16_to_31
                0x0000df34                __gnu_Unwind_Restore_WMMXD
                0x0000df78                __gnu_Unwind_Save_WMMXD
                0x0000dfbc                __gnu_Unwind_Restore_WMMXC
                0x0000dfd0                __gnu_Unwind_Save_WMMXC
                0x0000dfe4                ___Unwind_RaiseException
                0x0000dfe4                _Unwind_RaiseException
                0x0000e008                _Unwind_Resume
                0x0000e008                ___Unwind_Resume
                0x0000e02c                _Unwind_Resume_or_Rethrow
                0x0000e02c                ___Unwind_Resume_or_Rethrow
                0x0000e050                _Unwind_ForcedUnwind
                0x0000e050                ___Unwind_ForcedUnwind
                0x0000e074                ___Unwind_Backtrace
                0x0000e074                _Unwind_Backtrace
 .text          0x0000e098      0x374 r:/fehqt/proteus/gcc/bin/../lib/gcc/arm-none-eabi/4.6.2/armv7e-m\libgcc.a(pr-support.o)
                0x0000e0ec                __gnu_unwind_execute
                0x0000e3b4                __gnu_unwind_frame
                0x0000e3dc                _Unwind_GetRegionStart
                0x0000e3e8                _Unwind_GetLanguageSpecificData
                0x0000e3fc                _Unwind_GetDataRelBase
                0x0000e404                _Unwind_GetTextRelBase
 *(.text*)
 .text._ZSt3absf
                0x0000e40c       0x1c ..\main.o
                0x0000e40c                std::abs(float)
 .text._ZN11LRDirectionC2ENS_4TypeE
                0x0000e428       0x20 ..\main.o
                0x0000e428                LRDirection::LRDirection(LRDirection::Type)
                0x0000e428                LRDirection::LRDirection(LRDirection::Type)
 .text._ZN11FBDirectionC2ENS_4TypeE
                0x0000e448       0x20 ..\main.o
                0x0000e448                FBDirection::FBDirection(FBDirection::Type)
                0x0000e448                FBDirection::FBDirection(FBDirection::Type)
 .text._ZN10DriveTrainC2ER8FEHMotorS1_R14DigitalEncoderS3_
                0x0000e468       0x34 ..\main.o
                0x0000e468                DriveTrain::DriveTrain(FEHMotor&, FEHMotor&, DigitalEncoder&, DigitalEncoder&)
                0x0000e468                DriveTrain::DriveTrain(FEHMotor&, FEHMotor&, DigitalEncoder&, DigitalEncoder&)
 .text._ZNK5ColorcvNS_4TypeEEv
                0x0000e49c       0x18 ..\main.o
                0x0000e49c                Color::operator Color::Type() const
 .text._ZN7CdSCellC2ER14AnalogInputPin
                0x0000e4b4       0x20 ..\main.o
                0x0000e4b4                CdSCell::CdSCell(AnalogInputPin&)
                0x0000e4b4                CdSCell::CdSCell(AnalogInputPin&)
 .text._ZN4CageC2ER8FEHMotorR15DigitalInputPinS3_
                0x0000e4d4       0x30 ..\main.o
                0x0000e4d4                Cage::Cage(FEHMotor&, DigitalInputPin&, DigitalInputPin&)
                0x0000e4d4                Cage::Cage(FEHMotor&, DigitalInputPin&, DigitalInputPin&)
 .text.main     0x0000e504      0x71c ..\main.o
                0x0000e504                main
 .text._Z41__static_initialization_and_destruction_0ii
                0x0000ec20       0xd4 ..\main.o
 .text._GLOBAL__sub_I_buttons
                0x0000ecf4       0x14 ..\main.o
 .text._ZNK11LRDirectioncvNS_4TypeEEv
                0x0000ed08       0x18 ..\drivetrain.o
                0x0000ed08                LRDirection::operator LRDirection::Type() const
 .text._ZNK11FBDirectioncvNS_4TypeEEv
                0x0000ed20       0x18 ..\drivetrain.o
                0x0000ed20                FBDirection::operator FBDirection::Type() const
 .text._ZN10DriveTrain5DriveE11FBDirectionfi
                0x0000ed38       0x28 ..\drivetrain.o
                0x0000ed38                DriveTrain::Drive(FBDirection, float, int)
 .text._ZN10DriveTrain5DriveE11FBDirectionff
                0x0000ed60       0x70 ..\drivetrain.o
                0x0000ed60                DriveTrain::Drive(FBDirection, float, float)
 .text._ZN10DriveTrain5DriveE11FBDirectionffi
                0x0000edd0       0xfc ..\drivetrain.o
                0x0000edd0                DriveTrain::Drive(FBDirection, float, float, int)
 .text._ZN10DriveTrain4TurnE11LRDirectionfi
                0x0000eecc       0xfc ..\drivetrain.o
                0x0000eecc                DriveTrain::Turn(LRDirection, float, int)
 .text._ZN10DriveTrain4TurnE11LRDirectionf
                0x0000efc8       0x24 ..\drivetrain.o
                0x0000efc8                DriveTrain::Turn(LRDirection, float)
 .text._ZN10DriveTrain10AccelerateE11FBDirectionfff
                0x0000efec      0x1bc ..\drivetrain.o
                0x0000efec                DriveTrain::Accelerate(FBDirection, float, float, float)
 .text._ZN10DriveTrain6CheckXEfb
                0x0000f1a8      0x1d0 ..\drivetrain.o
                0x0000f1a8                DriveTrain::CheckX(float, bool)
 .text._ZN10DriveTrain6CheckYEfb
                0x0000f378      0x1d0 ..\drivetrain.o
                0x0000f378                DriveTrain::CheckY(float, bool)
 .text._ZN10DriveTrain12CheckHeadingEf
                0x0000f548      0x248 ..\drivetrain.o
                0x0000f548                DriveTrain::CheckHeading(float)
 .text._ZN10DriveTrain11ResetCountsEv
                0x0000f790       0x24 ..\drivetrain.o
                0x0000f790                DriveTrain::ResetCounts()
 .text._ZN4Cage5LowerEv
                0x0000f7b4       0x64 ..\cage.o
                0x0000f7b4                Cage::Lower()
 .text._ZN4Cage5RaiseEv
                0x0000f818       0x50 ..\cage.o
                0x0000f818                Cage::Raise()
 .text._ZN4Cage9RaiseHalfEv
                0x0000f868       0x6c ..\cage.o
                0x0000f868                Cage::RaiseHalf()
 .text._ZN5ColorC2ENS_4TypeE
                0x0000f8d4       0x20 ..\cdscell.o
                0x0000f8d4                Color::Color(Color::Type)
                0x0000f8d4                Color::Color(Color::Type)
 .text._ZN7CdSCell12WaitForLightEv
                0x0000f8f4       0x58 ..\cdscell.o
                0x0000f8f4                CdSCell::WaitForLight()
 .text._ZN7CdSCell11DetectColorEv
                0x0000f94c       0x78 ..\cdscell.o
                0x0000f94c                CdSCell::DetectColor()
 .text.zero_fill_bss
                0x0000f9c4       0x34 Startup\__arm_start.o
 .text.__thumb_startup
                0x0000f9f8       0x34 Startup\__arm_start.o
                0x0000f9f8                __thumb_startup
 .text.InitFEHProteus
                0x0000fa2c      0x15c Startup\__arm_start.o
                0x0000fa2c                InitFEHProteus
 .text.pll_init_bl
                0x0000fb88      0x130 Startup\__arm_start.o
 .text.InitPowerButton
                0x0000fcb8       0x90 Startup\__arm_start.o
                0x0000fcb8                InitPowerButton
 .text._ExitProcess
                0x0000fd48        0xc Startup\__arm_end.o
                0x0000fd48                _ExitProcess
 .text.Default_Handler
                0x0000fd54        0xc Startup\kinetis_sysinit.o
                0x0000fd54                BusFault_Handler()
                0x0000fd54                HardFault_Handler()
                0x0000fd54                SysTick_Handler()
                0x0000fd54                PendSV_Handler()
                0x0000fd54                DebugMonitor_Handler()
                0x0000fd54                MemManage_Handler()
                0x0000fd54                NMI_Handler()
                0x0000fd54                SVC_Handler()
                0x0000fd54                Default_Handler
                0x0000fd54                UsageFault_Handler()
 .text.__init_hardware
                0x0000fd60       0x44 Startup\kinetis_sysinit.o
                0x0000fd60                __init_hardware
 .text._Z8PortDISRv
                0x0000fda4       0x5c Startup\kinetis_sysinit.o
                0x0000fda4                PortDISR()
 .text._ZN8FEHMotorC2ENS_12FEHMotorPortE
                0x0000fe00       0x28 Libraries\FEHMotor.o
                0x0000fe00                FEHMotor::FEHMotor(FEHMotor::FEHMotorPort)
                0x0000fe00                FEHMotor::FEHMotor(FEHMotor::FEHMotorPort)
 .text._ZN8FEHMotor4StopEv
                0x0000fe28       0x3c Libraries\FEHMotor.o
                0x0000fe28                FEHMotor::Stop()
 *fill*         0x0000fe64        0x4 00
 .text._ZN8FEHMotor10SetPercentEf
                0x0000fe68       0xd8 Libraries\FEHMotor.o
                0x0000fe68                FEHMotor::SetPercent(float)
 .text._Z9uart_initPV11UART_MemMapii
                0x0000ff40      0x20c Drivers\uart.o
                0x0000ff40                uart_init(UART_MemMap volatile*, int, int)
 .text._Z12uart_getcharPV11UART_MemMap
                0x0001014c       0x34 Drivers\uart.o
                0x0001014c                uart_getchar(UART_MemMap volatile*)
 .text._Z12uart_putcharPV11UART_MemMapc
                0x00010180       0x38 Drivers\uart.o
                0x00010180                uart_putchar(UART_MemMap volatile*, char)
 .text._Z13time_delay_msm
                0x000101b8       0xa4 Drivers\lptmr.o
                0x000101b8                time_delay_ms(unsigned long)
 .text._Z41__static_initialization_and_destruction_0ii
                0x0001025c       0x30 FEHProteus.o
 .text._GLOBAL__sub_I_Propeller
                0x0001028c       0x14 FEHProteus.o
 .text._ZN12FEHPropellerC2Ev
                0x000102a0       0x20 Drivers\FEHPropeller.o
                0x000102a0                FEHPropeller::FEHPropeller()
                0x000102a0                FEHPropeller::FEHPropeller()
 .text._ZN12FEHPropeller10InitializeEv
                0x000102c0       0x94 Drivers\FEHPropeller.o
                0x000102c0                FEHPropeller::Initialize()
 .text._ZN12FEHPropeller12SetMotorRateEhhh
                0x00010354       0x78 Drivers\FEHPropeller.o
                0x00010354                FEHPropeller::SetMotorRate(unsigned char, unsigned char, unsigned char)
 .text._ZL5Delaymjj
                0x000103cc       0xc4 Libraries\FEHUtility.o
 .text._Z5Sleepi
                0x00010490       0x34 Libraries\FEHUtility.o
                0x00010490                Sleep(int)
 .text._Z10TimeNowSecv
                0x000104c4       0x18 Libraries\FEHUtility.o
                0x000104c4                TimeNowSec()
 .text._Z11TimeNowMSecv
                0x000104dc       0x44 Libraries\FEHUtility.o
                0x000104dc                TimeNowMSec()
 .text._Z9ResetTimev
                0x00010520       0x4c Libraries\FEHUtility.o
                0x00010520                ResetTime()
 .text._ZN15DigitalInputPinC2EN5FEHIO8FEHIOPinE
                0x0001056c       0x24 Libraries\FEHIO.o
                0x0001056c                DigitalInputPin::DigitalInputPin(FEHIO::FEHIOPin)
                0x0001056c                DigitalInputPin::DigitalInputPin(FEHIO::FEHIOPin)
 .text._ZN15DigitalInputPinC2Ev
                0x00010590       0x18 Libraries\FEHIO.o
                0x00010590                DigitalInputPin::DigitalInputPin()
                0x00010590                DigitalInputPin::DigitalInputPin()
 .text._ZN15DigitalInputPin10InitializeEN5FEHIO8FEHIOPinE
                0x000105a8      0x224 Libraries\FEHIO.o
                0x000105a8                DigitalInputPin::Initialize(FEHIO::FEHIOPin)
 .text._ZN15DigitalInputPin5ValueEv
                0x000107cc      0x148 Libraries\FEHIO.o
                0x000107cc                DigitalInputPin::Value()
 .text._ZN14DigitalEncoderC2EN5FEHIO8FEHIOPinE
                0x00010914       0x2c Libraries\FEHIO.o
                0x00010914                DigitalEncoder::DigitalEncoder(FEHIO::FEHIOPin)
                0x00010914                DigitalEncoder::DigitalEncoder(FEHIO::FEHIOPin)
 .text._Z10enable_irqi
                0x00010940      0x1cc Libraries\FEHIO.o
                0x00010940                enable_irq(int)
 .text._ZN14DigitalEncoder10InitializeEN5FEHIO8FEHIOPinENS0_21FEHIOInterruptTriggerE
                0x00010b0c      0x224 Libraries\FEHIO.o
                0x00010b0c                DigitalEncoder::Initialize(FEHIO::FEHIOPin, FEHIO::FEHIOInterruptTrigger)
 .text._Z9portB_isrv
                0x00010d30       0xd4 Libraries\FEHIO.o
                0x00010d30                portB_isr()
 .text._Z9portC_isrv
                0x00010e04       0xd8 Libraries\FEHIO.o
                0x00010e04                portC_isr()
 .text._Z9portA_isrv
                0x00010edc       0xd8 Libraries\FEHIO.o
                0x00010edc                portA_isr()
 .text._Z9portE_isrv
                0x00010fb4       0xd0 Libraries\FEHIO.o
                0x00010fb4                portE_isr()
 .text._ZN14DigitalEncoder6CountsEv
                0x00011084       0x28 Libraries\FEHIO.o
                0x00011084                DigitalEncoder::Counts()
 .text._ZN14DigitalEncoder11ResetCountsEv
                0x000110ac       0x28 Libraries\FEHIO.o
                0x000110ac                DigitalEncoder::ResetCounts()
 .text._ZN14AnalogInputPinC2EN5FEHIO8FEHIOPinE
                0x000110d4       0x20 Libraries\FEHIO.o
                0x000110d4                AnalogInputPin::AnalogInputPin(FEHIO::FEHIOPin)
                0x000110d4                AnalogInputPin::AnalogInputPin(FEHIO::FEHIOPin)
 *fill*         0x000110f4        0x4 00
 .text._ZN14AnalogInputPin5ValueEv
                0x000110f8      0x180 Libraries\FEHIO.o
                0x000110f8                AnalogInputPin::Value()
 .text._ZN10FEHEncoder12EncoderValueEv
                0x00011278       0xe4 Libraries\FEHIO.o
                0x00011278                FEHEncoder::EncoderValue()
 .text._ZN14AnalogInputPin8InitADCsEv
                0x0001135c      0x120 Libraries\FEHIO.o
                0x0001135c                AnalogInputPin::InitADCs()
 .text._Z8pit0_isrv
                0x0001147c       0x34 Libraries\FEHIO.o
                0x0001147c                pit0_isr()
 .text._ZN10FEHEncoder4InitEv
                0x000114b0       0x64 Libraries\FEHIO.o
                0x000114b0                FEHEncoder::Init()
 .text._ZN10FEHEncoder14SetCounterInitEj
                0x00011514       0x20 Libraries\FEHIO.o
                0x00011514                FEHEncoder::SetCounterInit(unsigned int)
 .text._ZN10FEHEncoder10ProcessIntEv
                0x00011534       0x80 Libraries\FEHIO.o
                0x00011534                FEHEncoder::ProcessInt()
 .text._ZN10FEHEncoder14ProcessIntSelfEv
                0x000115b4       0x80 Libraries\FEHIO.o
                0x000115b4                FEHEncoder::ProcessIntSelf()
 .text._ZN11ButtonBoardC2EN5FEHIO9FEHIOPortE
                0x00011634      0x10c Libraries\FEHIO.o
                0x00011634                ButtonBoard::ButtonBoard(FEHIO::FEHIOPort)
                0x00011634                ButtonBoard::ButtonBoard(FEHIO::FEHIOPort)
 .text._ZN11ButtonBoard11LeftPressedEv
                0x00011740       0x24 Libraries\FEHIO.o
                0x00011740                ButtonBoard::LeftPressed()
 .text._ZN11ButtonBoard13MiddlePressedEv
                0x00011764       0x28 Libraries\FEHIO.o
                0x00011764                ButtonBoard::MiddlePressed()
 .text._ZN11ButtonBoard12RightPressedEv
                0x0001178c       0x28 Libraries\FEHIO.o
                0x0001178c                ButtonBoard::RightPressed()
 .text._Z7ADC_CalPV10ADC_MemMap
                0x000117b4      0x14c Drivers\adc16.o
                0x000117b4                ADC_Cal(ADC_MemMap volatile*)
 .text._Z14ADC_Config_AltPV10ADC_MemMapP7adc_cfg
                0x00011900       0x6c Drivers\adc16.o
                0x00011900                ADC_Config_Alt(ADC_MemMap volatile*, adc_cfg*)
 .text._ZN9FEHBuzzerC2Ev
                0x0001196c       0x18 Libraries\FEHBuzzer.o
                0x0001196c                FEHBuzzer::FEHBuzzer()
                0x0001196c                FEHBuzzer::FEHBuzzer()
 .text._Z41__static_initialization_and_destruction_0ii
                0x00011984       0x30 Libraries\FEHBuzzer.o
 .text._GLOBAL__sub_I_Buzzer
                0x000119b4       0x14 Libraries\FEHBuzzer.o
 .text._ZN6FEHLCD11_InitializeEv
                0x000119c8      0x5c0 Libraries\FEHLCD.o
                0x000119c8                FEHLCD::_Initialize()
 .text._ZN6FEHLCDC2Ev
                0x00011f88       0x64 Libraries\FEHLCD.o
                0x00011f88                FEHLCD::FEHLCD()
                0x00011f88                FEHLCD::FEHLCD()
 .text._ZN6FEHLCD10InitializeEv
                0x00011fec       0x38 Libraries\FEHLCD.o
                0x00011fec                FEHLCD::Initialize()
 .text._ZN6FEHLCD10PrintImageEii
                0x00012024       0xf4 Libraries\FEHLCD.o
                0x00012024                FEHLCD::PrintImage(int, int)
 .text._ZN6FEHLCD22ConvertFEHColorTo24BitENS_11FEHLCDColorE
                0x00012118       0x80 Libraries\FEHLCD.o
                0x00012118                FEHLCD::ConvertFEHColorTo24Bit(FEHLCD::FEHLCDColor)
 .text._ZN6FEHLCD24Convert24BitColorTo16BitEj
                0x00012198       0x40 Libraries\FEHLCD.o
                0x00012198                FEHLCD::Convert24BitColorTo16Bit(unsigned int)
 .text._ZN6FEHLCD22ConvertRGBColorTo16BitEhhh
                0x000121d8       0x44 Libraries\FEHLCD.o
                0x000121d8                FEHLCD::ConvertRGBColorTo16Bit(unsigned char, unsigned char, unsigned char)
 .text._ZN6FEHLCD5ClearENS_11FEHLCDColorE
                0x0001221c       0x28 Libraries\FEHLCD.o
                0x0001221c                FEHLCD::Clear(FEHLCD::FEHLCDColor)
 .text._ZN6FEHLCD5ClearEj
                0x00012244       0x2c Libraries\FEHLCD.o
                0x00012244                FEHLCD::Clear(unsigned int)
 .text._ZN6FEHLCD5ClearEv
                0x00012270       0x18 Libraries\FEHLCD.o
                0x00012270                FEHLCD::Clear()
 .text._ZN6FEHLCD18SetBackgroundColorENS_11FEHLCDColorE
                0x00012288       0x28 Libraries\FEHLCD.o
                0x00012288                FEHLCD::SetBackgroundColor(FEHLCD::FEHLCDColor)
 .text._ZN6FEHLCD18SetBackgroundColorEj
                0x000122b0       0x28 Libraries\FEHLCD.o
                0x000122b0                FEHLCD::SetBackgroundColor(unsigned int)
 .text._ZN6FEHLCD12SetFontColorENS_11FEHLCDColorE
                0x000122d8       0x28 Libraries\FEHLCD.o
                0x000122d8                FEHLCD::SetFontColor(FEHLCD::FEHLCDColor)
 .text._ZN6FEHLCD12SetFontColorEj
                0x00012300       0x28 Libraries\FEHLCD.o
                0x00012300                FEHLCD::SetFontColor(unsigned int)
 .text._ZN6FEHLCD7WriteAtEPKcii
                0x00012328       0x58 Libraries\FEHLCD.o
                0x00012328                FEHLCD::WriteAt(char const*, int, int)
 .text._ZN6FEHLCD5WriteEPKc
                0x00012380       0x5c Libraries\FEHLCD.o
                0x00012380                FEHLCD::Write(char const*)
 .text._ZN6FEHLCD5WriteEf
                0x000123dc       0xdc Libraries\FEHLCD.o
                0x000123dc                FEHLCD::Write(float)
 .text._ZN6FEHLCD5WriteEc
                0x000124b8       0x30 Libraries\FEHLCD.o
                0x000124b8                FEHLCD::Write(char)
 .text._ZN6FEHLCD9WriteLineEPKc
                0x000124e8       0x28 Libraries\FEHLCD.o
                0x000124e8                FEHLCD::WriteLine(char const*)
 .text._ZN6FEHLCD9WriteLineEf
                0x00012510       0x28 Libraries\FEHLCD.o
                0x00012510                FEHLCD::WriteLine(float)
 .text._ZN6FEHLCD9WriteLineEc
                0x00012538       0x2c Libraries\FEHLCD.o
                0x00012538                FEHLCD::WriteLine(char)
 .text._ZN6FEHLCD10WriteIndexEh
                0x00012564      0x288 Libraries\FEHLCD.o
                0x00012564                FEHLCD::WriteIndex(unsigned char)
 .text._ZN6FEHLCD14WriteParameterEh
                0x000127ec      0x254 Libraries\FEHLCD.o
                0x000127ec                FEHLCD::WriteParameter(unsigned char)
 .text._ZN6FEHLCD6_ClearEv
                0x00012a40      0x228 Libraries\FEHLCD.o
                0x00012a40                FEHLCD::_Clear()
 .text._ZN6FEHLCD8NextLineEv
                0x00012c68       0x30 Libraries\FEHLCD.o
                0x00012c68                FEHLCD::NextLine()
 .text._ZN6FEHLCD9CheckLineEv
                0x00012c98       0x2c Libraries\FEHLCD.o
                0x00012c98                FEHLCD::CheckLine()
 .text._ZN6FEHLCD8NextCharEv
                0x00012cc4       0x34 Libraries\FEHLCD.o
                0x00012cc4                FEHLCD::NextChar()
 .text._ZN6FEHLCD13SetDrawRegionEiiii
                0x00012cf8      0x10c Libraries\FEHLCD.o
                0x00012cf8                FEHLCD::SetDrawRegion(int, int, int, int)
 .text._ZN6FEHLCD9WriteCharEiic
                0x00012e04       0x40 Libraries\FEHLCD.o
                0x00012e04                FEHLCD::WriteChar(int, int, char)
 .text._ZN6FEHLCD11WriteCharAtEiic
                0x00012e44      0x278 Libraries\FEHLCD.o
                0x00012e44                FEHLCD::WriteCharAt(int, int, char)
 .text._ZN6FEHLCD11RepeatColorEv
                0x000130bc       0xbc Libraries\FEHLCD.o
                0x000130bc                FEHLCD::RepeatColor()
 .text._ZN6FEHLCD10_ForePixelEv
                0x00013178      0x160 Libraries\FEHLCD.o
                0x00013178                FEHLCD::_ForePixel()
 .text._ZN6FEHLCD10_BackPixelEv
                0x000132d8      0x160 Libraries\FEHLCD.o
                0x000132d8                FEHLCD::_BackPixel()
 .text._ZN6FEHLCD22SetRegisterColorValuesEv
                0x00013438      0x4c0 Libraries\FEHLCD.o
                0x00013438                FEHLCD::SetRegisterColorValues()
 .text._Z41__static_initialization_and_destruction_0ii
                0x000138f8       0x30 Libraries\FEHLCD.o
 .text._GLOBAL__sub_I_image
                0x00013928       0x14 Libraries\FEHLCD.o
 .text._ZN10FEHBatteryC2EN5FEHIO8FEHIOPinE
                0x0001393c       0x24 Libraries\FEHBattery.o
                0x0001393c                FEHBattery::FEHBattery(FEHIO::FEHIOPin)
                0x0001393c                FEHBattery::FEHBattery(FEHIO::FEHIOPin)
 .text._Z41__static_initialization_and_destruction_0ii
                0x00013960       0x34 Libraries\FEHBattery.o
 .text._GLOBAL__sub_I_Battery
                0x00013994       0x14 Libraries\FEHBattery.o
 .text._ZN7FEHXBeeC2Ev
                0x000139a8       0x20 Drivers\FEHXBee.o
                0x000139a8                FEHXBee::FEHXBee()
                0x000139a8                FEHXBee::FEHXBee()
 .text._ZN7FEHXBee10InitializeEv
                0x000139c8      0x148 Drivers\FEHXBee.o
                0x000139c8                FEHXBee::Initialize()
 .text._ZN7FEHXBee13IsInitializedEv
                0x00013b10       0x18 Drivers\FEHXBee.o
                0x00013b10                FEHXBee::IsInitialized()
 .text._ZN7FEHXBee17ReceiveDataSearchEPcjh
                0x00013b28       0xb4 Drivers\FEHXBee.o
                0x00013b28                FEHXBee::ReceiveDataSearch(char*, unsigned int, unsigned char)
 .text._ZN7FEHXBee8SendDataEPcj
                0x00013bdc       0x50 Drivers\FEHXBee.o
                0x00013bdc                FEHXBee::SendData(char*, unsigned int)
 .text._ZN7FEHXBee17SetPacketCallBackEPFvPhhE
                0x00013c2c       0x20 Drivers\FEHXBee.o
                0x00013c2c                FEHXBee::SetPacketCallBack(void (*)(unsigned char*, unsigned char))
 .text._Z9UART0_ISRv
                0x00013c4c      0x174 Drivers\FEHXBee.o
                0x00013c4c                UART0_ISR()
 .text._ZN6FEHRPSC2Ev
                0x00013dc0       0x88 Libraries\FEHRPS.o
                0x00013dc0                FEHRPS::FEHRPS()
                0x00013dc0                FEHRPS::FEHRPS()
 .text._ZN6FEHRPS14InitializeMenuEv
                0x00013e48      0x1cc Libraries\FEHRPS.o
                0x00013e48                FEHRPS::InitializeMenu()
 .text._ZN6FEHRPS10InitializeEi
                0x00014014      0x8b4 Libraries\FEHRPS.o
                0x00014014                FEHRPS::Initialize(int)
 .text._ZN6FEHRPS10InitializeEc
                0x000148c8       0x4c Libraries\FEHRPS.o
                0x000148c8                FEHRPS::Initialize(char)
 .text._ZN6FEHRPS19CurrentRegionLetterEv
                0x00014914       0x20 Libraries\FEHRPS.o
                0x00014914                FEHRPS::CurrentRegionLetter()
 .text._ZN6FEHRPS13WaitForPacketEv
                0x00014934       0x78 Libraries\FEHRPS.o
                0x00014934                FEHRPS::WaitForPacket()
 .text._ZN6FEHRPS1XEv
                0x000149ac       0x20 Libraries\FEHRPS.o
                0x000149ac                FEHRPS::X()
 .text._ZN6FEHRPS1YEv
                0x000149cc       0x20 Libraries\FEHRPS.o
                0x000149cc                FEHRPS::Y()
 .text._ZN6FEHRPS7HeadingEv
                0x000149ec       0x20 Libraries\FEHRPS.o
                0x000149ec                FEHRPS::Heading()
 .text._Z14RPSDataProcessPhh
                0x00014a0c      0x180 Libraries\FEHRPS.o
                0x00014a0c                RPSDataProcess(unsigned char*, unsigned char)
 .text._Z41__static_initialization_and_destruction_0ii
                0x00014b8c       0x30 Libraries\FEHRPS.o
 .text._GLOBAL__sub_I_RPS
                0x00014bbc       0x14 Libraries\FEHRPS.o
 .text.sprintf  0x00014bd0       0x1c R:\fehqt\Proteus/EWL/lib/armv7e-m\libc.a(sprintf.o)
                0x00014bd0                sprintf
 .text.__StringWrite
                0x00014bec       0x28 R:\fehqt\Proteus/EWL/lib/armv7e-m\libc.a(vsnprintf.o)
                0x00014bec                __StringWrite
 .text.vsnprintf
                0x00014c14       0x34 R:\fehqt\Proteus/EWL/lib/armv7e-m\libc.a(vsnprintf.o)
                0x00014c14                vsnprintf
 .text.exit     0x00014c48       0x38 R:\fehqt\Proteus/EWL/lib/armv7e-m\libc.a(exit.o)
                0x00014c48                exit
 .text.memcpy   0x00014c80       0x12 R:\fehqt\Proteus/EWL/lib/armv7e-m\libc.a(memcpy.o)
                0x00014c80                memcpy
 .text.memset   0x00014c92        0xc R:\fehqt\Proteus/EWL/lib/armv7e-m\libc.a(memset.o)
                0x00014c92                memset
 .text.long2str.isra.0
                0x00014c9e      0x196 R:\fehqt\Proteus/EWL/lib/armv7e-m\libc.a(printformat_.o)
 .text.__pformatter_
                0x00014e34      0x3f8 R:\fehqt\Proteus/EWL/lib/armv7e-m\libc.a(printformat_.o)
                0x00014e34                __pformatter_
 .text.__sformatter
                0x0001522c      0x74e R:\fehqt\Proteus/EWL/lib/armv7e-m\libc.a(scanformat_.o)
                0x0001522c                __sformatter
 *fill*         0x0001597a        0x2 00
 .text.isalpha  0x0001597c       0x1c R:\fehqt\Proteus/EWL/lib/armv7e-m\libc.a(ctype_aeabi.o)
                0x0001597c                isalpha
 .text.isspace  0x00015998       0x1c R:\fehqt\Proteus/EWL/lib/armv7e-m\libc.a(ctype_aeabi.o)
                0x00015998                isspace
 .text.toupper  0x000159b4        0xc R:\fehqt\Proteus/EWL/lib/armv7e-m\libc.a(ctype_aeabi.o)
                0x000159b4                toupper
 .text.__strtoul
                0x000159c0      0x1dc R:\fehqt\Proteus/EWL/lib/armv7e-m\libc.a(__strtoul.o)
                0x000159c0                __strtoul
 .text.__fill_mem
                0x00015b9c       0x76 R:\fehqt\Proteus/EWL/lib/armv7e-m\libc.a(__filll_mem.o)
                0x00015b9c                __fill_mem
 .text.memchr   0x00015c12       0x1a R:\fehqt\Proteus/EWL/lib/armv7e-m\libc.a(memchr.o)
                0x00015c12                memchr
 .text.strchr   0x00015c2c       0x1c R:\fehqt\Proteus/EWL/lib/armv7e-m\libc.a(strchr.o)
                0x00015c2c                strchr
 .text.strlen   0x00015c48       0x10 R:\fehqt\Proteus/EWL/lib/armv7e-m\libc.a(strlen.o)
                0x00015c48                strlen
 .text.__init_cpp
                0x00015c58       0x4c R:\fehqt\Proteus/EWL/lib/armv7e-m\librt.a(gcc_ctor_dtor.o)
                0x00015c58                __init_cpp
 .text.__fini_cpp
                0x00015ca4       0x34 R:\fehqt\Proteus/EWL/lib/armv7e-m\librt.a(gcc_ctor_dtor.o)
                0x00015ca4                __fini_cpp
 .text.__copy_rom_section
                0x00015cd8       0x44 R:\fehqt\Proteus/EWL/lib/armv7e-m\librt.a(ROMCopy.o)
                0x00015cd8                __copy_rom_section
 .text.__copy_rom_sections_to_ram
                0x00015d1c       0x34 R:\fehqt\Proteus/EWL/lib/armv7e-m\librt.a(ROMCopy.o)
                0x00015d1c                __copy_rom_sections_to_ram
 .text.__destroy_global_chain
                0x00015d50       0x1c R:\fehqt\Proteus/EWL/lib/armv7e-m\librt.a(__arm_eabi_init.o)
                0x00015d50                __destroy_global_chain
 .text.__init_registers
                0x00015d6c       0x20 R:\fehqt\Proteus/EWL/lib/armv7e-m\librt.a(__arm_eabi_init.o)
                0x00015d6c                __init_registers
 .text.__init_user
                0x00015d8c        0x4 R:\fehqt\Proteus/EWL/lib/armv7e-m\librt.a(__arm_eabi_init.o)
                0x00015d8c                __init_user
 .text._ZNSt9bad_allocD2Ev
                0x00015d90        0xc R:\fehqt\Proteus/EWL/lib/armv7e-m\librt.a(New.o)
                0x00015d90                std::bad_alloc::~bad_alloc()
                0x00015d90                std::bad_alloc::~bad_alloc()
 .text._ZNKSt9bad_alloc4whatEv
                0x00015d9c        0x8 R:\fehqt\Proteus/EWL/lib/armv7e-m\librt.a(New.o)
                0x00015d9c                std::bad_alloc::what() const
 .text._Znwj    0x00015da4       0x4c R:\fehqt\Proteus/EWL/lib/armv7e-m\librt.a(New.o)
                0x00015da4                operator new(unsigned int)
 .text._ZdlPv   0x00015df0        0x8 R:\fehqt\Proteus/EWL/lib/armv7e-m\librt.a(New.o)
                0x00015df0                operator delete(void*)
 .text._ZNSt9bad_allocD0Ev
                0x00015df8       0x14 R:\fehqt\Proteus/EWL/lib/armv7e-m\librt.a(New.o)
                0x00015df8                std::bad_alloc::~bad_alloc()
 .text._ZNK10__cxxabiv117__class_type_info11__do_upcastEPKS0_PPv
                0x00015e0c       0x38 r:/fehqt/proteus/gcc/bin/../lib/gcc/arm-none-eabi/4.6.2/../../../../arm-none-eabi/lib/armv7e-m\libsupc++.a(class_type_info.o)
                0x00015e0c                __cxxabiv1::__class_type_info::__do_upcast(__cxxabiv1::__class_type_info const*, void**) const
 .text._ZNK10__cxxabiv117__class_type_info20__do_find_public_srcEiPKvPKS0_S2_
                0x00015e44        0xc r:/fehqt/proteus/gcc/bin/../lib/gcc/arm-none-eabi/4.6.2/../../../../arm-none-eabi/lib/armv7e-m\libsupc++.a(class_type_info.o)
                0x00015e44                __cxxabiv1::__class_type_info::__do_find_public_src(int, void const*, __cxxabiv1::__class_type_info const*, void const*) const
 .text._ZNK10__cxxabiv117__class_type_info11__do_upcastEPKS0_PKvRNS0_15__upcast_resultE
                0x00015e50       0x1c r:/fehqt/proteus/gcc/bin/../lib/gcc/arm-none-eabi/4.6.2/../../../../arm-none-eabi/lib/armv7e-m\libsupc++.a(class_type_info.o)
                0x00015e50                __cxxabiv1::__class_type_info::__do_upcast(__cxxabiv1::__class_type_info const*, void const*, __cxxabiv1::__class_type_info::__upcast_result&) const
 .text._ZN10__cxxabiv117__class_type_infoD2Ev
                0x00015e6c       0x14 r:/fehqt/proteus/gcc/bin/../lib/gcc/arm-none-eabi/4.6.2/../../../../arm-none-eabi/lib/armv7e-m\libsupc++.a(class_type_info.o)
                0x00015e6c                __cxxabiv1::__class_type_info::~__class_type_info()
                0x00015e6c                __cxxabiv1::__class_type_info::~__class_type_info()
 .text._ZN10__cxxabiv117__class_type_infoD0Ev
                0x00015e80       0x1c r:/fehqt/proteus/gcc/bin/../lib/gcc/arm-none-eabi/4.6.2/../../../../arm-none-eabi/lib/armv7e-m\libsupc++.a(class_type_info.o)
                0x00015e80                __cxxabiv1::__class_type_info::~__class_type_info()
 .text._ZNK10__cxxabiv117__class_type_info12__do_dyncastEiNS0_10__sub_kindEPKS0_PKvS3_S5_RNS0_16__dyncast_resultE
                0x00015e9c       0x3c r:/fehqt/proteus/gcc/bin/../lib/gcc/arm-none-eabi/4.6.2/../../../../arm-none-eabi/lib/armv7e-m\libsupc++.a(class_type_info.o)
                0x00015e9c                __cxxabiv1::__class_type_info::__do_dyncast(int, __cxxabiv1::__class_type_info::__sub_kind, __cxxabiv1::__class_type_info const*, void const*, __cxxabiv1::__class_type_info const*, void const*, __cxxabiv1::__class_type_info::__dyncast_result&) const
 .text._ZNK10__cxxabiv117__class_type_info10__do_catchEPKSt9type_infoPPvj
                0x00015ed8       0x28 r:/fehqt/proteus/gcc/bin/../lib/gcc/arm-none-eabi/4.6.2/../../../../arm-none-eabi/lib/armv7e-m\libsupc++.a(class_type_info.o)
                0x00015ed8                __cxxabiv1::__class_type_info::__do_catch(std::type_info const*, void**, unsigned int) const
 .text.__cxa_allocate_exception
                0x00015f00       0x70 r:/fehqt/proteus/gcc/bin/../lib/gcc/arm-none-eabi/4.6.2/../../../../arm-none-eabi/lib/armv7e-m\libsupc++.a(eh_alloc.o)
                0x00015f00                __cxa_allocate_exception
 .text.__cxa_free_exception
                0x00015f70       0x34 r:/fehqt/proteus/gcc/bin/../lib/gcc/arm-none-eabi/4.6.2/../../../../arm-none-eabi/lib/armv7e-m\libsupc++.a(eh_alloc.o)
                0x00015f70                __cxa_free_exception
 .text.__cxa_end_cleanup
                0x00015fa4        0xc r:/fehqt/proteus/gcc/bin/../lib/gcc/arm-none-eabi/4.6.2/../../../../arm-none-eabi/lib/armv7e-m\libsupc++.a(eh_arm.o)
                0x00015fa4                __cxa_end_cleanup
 .text.__cxa_type_match
                0x00015fb0       0xec r:/fehqt/proteus/gcc/bin/../lib/gcc/arm-none-eabi/4.6.2/../../../../arm-none-eabi/lib/armv7e-m\libsupc++.a(eh_arm.o)
                0x00015fb0                __cxa_type_match
 .text.__cxa_begin_cleanup
                0x0001609c       0x78 r:/fehqt/proteus/gcc/bin/../lib/gcc/arm-none-eabi/4.6.2/../../../../arm-none-eabi/lib/armv7e-m\libsupc++.a(eh_arm.o)
                0x0001609c                __cxa_begin_cleanup
 .text.__gnu_end_cleanup
                0x00016114       0x7c r:/fehqt/proteus/gcc/bin/../lib/gcc/arm-none-eabi/4.6.2/../../../../arm-none-eabi/lib/armv7e-m\libsupc++.a(eh_arm.o)
                0x00016114                __gnu_end_cleanup
 .text.__cxa_bad_typeid
                0x00016190       0x24 r:/fehqt/proteus/gcc/bin/../lib/gcc/arm-none-eabi/4.6.2/../../../../arm-none-eabi/lib/armv7e-m\libsupc++.a(eh_aux_runtime.o)
                0x00016190                __cxa_bad_typeid
 .text.__cxa_call_terminate
                0x000161b4       0x50 r:/fehqt/proteus/gcc/bin/../lib/gcc/arm-none-eabi/4.6.2/../../../../arm-none-eabi/lib/armv7e-m\libsupc++.a(eh_call.o)
                0x000161b4                __cxa_call_terminate
 .text.__cxa_call_unexpected
                0x00016204      0x120 r:/fehqt/proteus/gcc/bin/../lib/gcc/arm-none-eabi/4.6.2/../../../../arm-none-eabi/lib/armv7e-m\libsupc++.a(eh_call.o)
                0x00016204                __cxa_call_unexpected
 .text.__cxa_begin_catch
                0x00016324       0x98 r:/fehqt/proteus/gcc/bin/../lib/gcc/arm-none-eabi/4.6.2/../../../../arm-none-eabi/lib/armv7e-m\libsupc++.a(eh_catch.o)
                0x00016324                __cxa_begin_catch
 .text.__cxa_end_catch
                0x000163bc       0x98 r:/fehqt/proteus/gcc/bin/../lib/gcc/arm-none-eabi/4.6.2/../../../../arm-none-eabi/lib/armv7e-m\libsupc++.a(eh_catch.o)
                0x000163bc                __cxa_end_catch
 .text._ZNSt9exceptionD2Ev
                0x00016454        0xc r:/fehqt/proteus/gcc/bin/../lib/gcc/arm-none-eabi/4.6.2/../../../../arm-none-eabi/lib/armv7e-m\libsupc++.a(eh_exception.o)
                0x00016454                std::exception::~exception()
                0x00016454                std::exception::~exception()
 .text._ZNSt13bad_exceptionD2Ev
                0x00016460        0xc r:/fehqt/proteus/gcc/bin/../lib/gcc/arm-none-eabi/4.6.2/../../../../arm-none-eabi/lib/armv7e-m\libsupc++.a(eh_exception.o)
                0x00016460                std::bad_exception::~bad_exception()
                0x00016460                std::bad_exception::~bad_exception()
 .text._ZNKSt9exception4whatEv
                0x0001646c        0xc r:/fehqt/proteus/gcc/bin/../lib/gcc/arm-none-eabi/4.6.2/../../../../arm-none-eabi/lib/armv7e-m\libsupc++.a(eh_exception.o)
                0x0001646c                std::exception::what() const
 .text._ZNKSt13bad_exception4whatEv
                0x00016478        0xc r:/fehqt/proteus/gcc/bin/../lib/gcc/arm-none-eabi/4.6.2/../../../../arm-none-eabi/lib/armv7e-m\libsupc++.a(eh_exception.o)
                0x00016478                std::bad_exception::what() const
 .text._ZNSt13bad_exceptionD0Ev
                0x00016484       0x14 r:/fehqt/proteus/gcc/bin/../lib/gcc/arm-none-eabi/4.6.2/../../../../arm-none-eabi/lib/armv7e-m\libsupc++.a(eh_exception.o)
                0x00016484                std::bad_exception::~bad_exception()
 .text._ZNSt9exceptionD0Ev
                0x00016498       0x14 r:/fehqt/proteus/gcc/bin/../lib/gcc/arm-none-eabi/4.6.2/../../../../arm-none-eabi/lib/armv7e-m\libsupc++.a(eh_exception.o)
                0x00016498                std::exception::~exception()
 .text.__cxa_get_globals_fast
                0x000164ac        0xc r:/fehqt/proteus/gcc/bin/../lib/gcc/arm-none-eabi/4.6.2/../../../../arm-none-eabi/lib/armv7e-m\libsupc++.a(eh_globals.o)
                0x000164ac                __cxa_get_globals_fast
 .text.__cxa_get_globals
                0x000164b8        0xc r:/fehqt/proteus/gcc/bin/../lib/gcc/arm-none-eabi/4.6.2/../../../../arm-none-eabi/lib/armv7e-m\libsupc++.a(eh_globals.o)
                0x000164b8                __cxa_get_globals
 .text._ZL12read_sleb128PKhPl
                0x000164c4       0x3c r:/fehqt/proteus/gcc/bin/../lib/gcc/arm-none-eabi/4.6.2/../../../../arm-none-eabi/lib/armv7e-m\libsupc++.a(eh_personality.o)
 .text._ZL28read_encoded_value_with_basehjPKhPj
                0x00016500       0xa4 r:/fehqt/proteus/gcc/bin/../lib/gcc/arm-none-eabi/4.6.2/../../../../arm-none-eabi/lib/armv7e-m\libsupc++.a(eh_personality.o)
 .text._ZL21base_of_encoded_valuehP15_Unwind_Context
                0x000165a4       0x4c r:/fehqt/proteus/gcc/bin/../lib/gcc/arm-none-eabi/4.6.2/../../../../arm-none-eabi/lib/armv7e-m\libsupc++.a(eh_personality.o)
 .text._ZL17parse_lsda_headerP15_Unwind_ContextPKhP16lsda_header_info.constprop.1
                0x000165f0       0x90 r:/fehqt/proteus/gcc/bin/../lib/gcc/arm-none-eabi/4.6.2/../../../../arm-none-eabi/lib/armv7e-m\libsupc++.a(eh_personality.o)
 .text.__gxx_personality_v0
                0x00016680      0x3bc r:/fehqt/proteus/gcc/bin/../lib/gcc/arm-none-eabi/4.6.2/../../../../arm-none-eabi/lib/armv7e-m\libsupc++.a(eh_personality.o)
                0x00016680                __gxx_personality_v0
 .text._ZN10__cxxabiv111__terminateEPFvvE
                0x00016a3c       0x28 r:/fehqt/proteus/gcc/bin/../lib/gcc/arm-none-eabi/4.6.2/../../../../arm-none-eabi/lib/armv7e-m\libsupc++.a(eh_terminate.o)
                0x00016a3c                __cxxabiv1::__terminate(void (*)())
 .text._ZSt9terminatev
                0x00016a64       0x10 r:/fehqt/proteus/gcc/bin/../lib/gcc/arm-none-eabi/4.6.2/../../../../arm-none-eabi/lib/armv7e-m\libsupc++.a(eh_terminate.o)
                0x00016a64                std::terminate()
 .text._ZN10__cxxabiv112__unexpectedEPFvvE
                0x00016a74        0x8 r:/fehqt/proteus/gcc/bin/../lib/gcc/arm-none-eabi/4.6.2/../../../../arm-none-eabi/lib/armv7e-m\libsupc++.a(eh_terminate.o)
                0x00016a74                __cxxabiv1::__unexpected(void (*)())
 .text._ZSt10unexpectedv
                0x00016a7c       0x14 r:/fehqt/proteus/gcc/bin/../lib/gcc/arm-none-eabi/4.6.2/../../../../arm-none-eabi/lib/armv7e-m\libsupc++.a(eh_terminate.o)
                0x00016a7c                std::unexpected()
 .text._ZL23__gxx_exception_cleanup19_Unwind_Reason_CodeP21_Unwind_Control_Block
                0x00016a90       0x4c r:/fehqt/proteus/gcc/bin/../lib/gcc/arm-none-eabi/4.6.2/../../../../arm-none-eabi/lib/armv7e-m\libsupc++.a(eh_throw.o)
 .text.__cxa_throw
                0x00016adc       0x80 r:/fehqt/proteus/gcc/bin/../lib/gcc/arm-none-eabi/4.6.2/../../../../arm-none-eabi/lib/armv7e-m\libsupc++.a(eh_throw.o)
                0x00016adc                __cxa_throw
 .text.__cxa_rethrow
                0x00016b5c       0x78 r:/fehqt/proteus/gcc/bin/../lib/gcc/arm-none-eabi/4.6.2/../../../../arm-none-eabi/lib/armv7e-m\libsupc++.a(eh_throw.o)
                0x00016b5c                __cxa_rethrow
 .text._ZN10__cxxabiv123__fundamental_type_infoD2Ev
                0x00016bd4       0x14 r:/fehqt/proteus/gcc/bin/../lib/gcc/arm-none-eabi/4.6.2/../../../../arm-none-eabi/lib/armv7e-m\libsupc++.a(fundamental_type_info.o)
                0x00016bd4                __cxxabiv1::__fundamental_type_info::~__fundamental_type_info()
                0x00016bd4                __cxxabiv1::__fundamental_type_info::~__fundamental_type_info()
 .text._ZN10__cxxabiv123__fundamental_type_infoD0Ev
                0x00016be8       0x1c r:/fehqt/proteus/gcc/bin/../lib/gcc/arm-none-eabi/4.6.2/../../../../arm-none-eabi/lib/armv7e-m\libsupc++.a(fundamental_type_info.o)
                0x00016be8                __cxxabiv1::__fundamental_type_info::~__fundamental_type_info()
 .text._ZNK10__cxxabiv119__pointer_type_info14__is_pointer_pEv
                0x00016c04        0x4 r:/fehqt/proteus/gcc/bin/../lib/gcc/arm-none-eabi/4.6.2/../../../../arm-none-eabi/lib/armv7e-m\libsupc++.a(pointer_type_info.o)
                0x00016c04                __cxxabiv1::__pointer_type_info::__is_pointer_p() const
 .text._ZN10__cxxabiv119__pointer_type_infoD2Ev
                0x00016c08       0x14 r:/fehqt/proteus/gcc/bin/../lib/gcc/arm-none-eabi/4.6.2/../../../../arm-none-eabi/lib/armv7e-m\libsupc++.a(pointer_type_info.o)
                0x00016c08                __cxxabiv1::__pointer_type_info::~__pointer_type_info()
                0x00016c08                __cxxabiv1::__pointer_type_info::~__pointer_type_info()
 .text._ZN10__cxxabiv119__pointer_type_infoD0Ev
                0x00016c1c       0x1c r:/fehqt/proteus/gcc/bin/../lib/gcc/arm-none-eabi/4.6.2/../../../../arm-none-eabi/lib/armv7e-m\libsupc++.a(pointer_type_info.o)
                0x00016c1c                __cxxabiv1::__pointer_type_info::~__pointer_type_info()
 .text._ZNK10__cxxabiv119__pointer_type_info15__pointer_catchEPKNS_17__pbase_type_infoEPPvj
                0x00016c38       0x44 r:/fehqt/proteus/gcc/bin/../lib/gcc/arm-none-eabi/4.6.2/../../../../arm-none-eabi/lib/armv7e-m\libsupc++.a(pointer_type_info.o)
                0x00016c38                __cxxabiv1::__pointer_type_info::__pointer_catch(__cxxabiv1::__pbase_type_info const*, void**, unsigned int) const
 .text._ZN10__cxxabiv120__si_class_type_infoD2Ev
                0x00016c7c       0x14 r:/fehqt/proteus/gcc/bin/../lib/gcc/arm-none-eabi/4.6.2/../../../../arm-none-eabi/lib/armv7e-m\libsupc++.a(si_class_type_info.o)
                0x00016c7c                __cxxabiv1::__si_class_type_info::~__si_class_type_info()
                0x00016c7c                __cxxabiv1::__si_class_type_info::~__si_class_type_info()
 .text._ZN10__cxxabiv120__si_class_type_infoD0Ev
                0x00016c90       0x1c r:/fehqt/proteus/gcc/bin/../lib/gcc/arm-none-eabi/4.6.2/../../../../arm-none-eabi/lib/armv7e-m\libsupc++.a(si_class_type_info.o)
                0x00016c90                __cxxabiv1::__si_class_type_info::~__si_class_type_info()
 .text._ZNK10__cxxabiv120__si_class_type_info11__do_upcastEPKNS_17__class_type_infoEPKvRNS1_15__upcast_resultE
                0x00016cac       0x24 r:/fehqt/proteus/gcc/bin/../lib/gcc/arm-none-eabi/4.6.2/../../../../arm-none-eabi/lib/armv7e-m\libsupc++.a(si_class_type_info.o)
                0x00016cac                __cxxabiv1::__si_class_type_info::__do_upcast(__cxxabiv1::__class_type_info const*, void const*, __cxxabiv1::__class_type_info::__upcast_result&) const
 .text._ZNK10__cxxabiv120__si_class_type_info12__do_dyncastEiNS_17__class_type_info10__sub_kindEPKS1_PKvS4_S6_RNS1_16__dyncast_resultE
                0x00016cd0       0x94 r:/fehqt/proteus/gcc/bin/../lib/gcc/arm-none-eabi/4.6.2/../../../../arm-none-eabi/lib/armv7e-m\libsupc++.a(si_class_type_info.o)
                0x00016cd0                __cxxabiv1::__si_class_type_info::__do_dyncast(int, __cxxabiv1::__class_type_info::__sub_kind, __cxxabiv1::__class_type_info const*, void const*, __cxxabiv1::__class_type_info const*, void const*, __cxxabiv1::__class_type_info::__dyncast_result&) const
 .text._ZNK10__cxxabiv120__si_class_type_info20__do_find_public_srcEiPKvPKNS_17__class_type_infoES2_
                0x00016d64       0x34 r:/fehqt/proteus/gcc/bin/../lib/gcc/arm-none-eabi/4.6.2/../../../../arm-none-eabi/lib/armv7e-m\libsupc++.a(si_class_type_info.o)
                0x00016d64                __cxxabiv1::__si_class_type_info::__do_find_public_src(int, void const*, __cxxabiv1::__class_type_info const*, void const*) const
 .text._ZNSt9type_infoD2Ev
                0x00016d98        0xc r:/fehqt/proteus/gcc/bin/../lib/gcc/arm-none-eabi/4.6.2/../../../../arm-none-eabi/lib/armv7e-m\libsupc++.a(tinfo.o)
                0x00016d98                std::type_info::~type_info()
                0x00016d98                std::type_info::~type_info()
 .text._ZNKSt9type_info14__is_pointer_pEv
                0x00016da4        0x4 r:/fehqt/proteus/gcc/bin/../lib/gcc/arm-none-eabi/4.6.2/../../../../arm-none-eabi/lib/armv7e-m\libsupc++.a(tinfo.o)
                0x00016da4                std::type_info::__is_pointer_p() const
 .text._ZNKSt9type_info15__is_function_pEv
                0x00016da8        0x4 r:/fehqt/proteus/gcc/bin/../lib/gcc/arm-none-eabi/4.6.2/../../../../arm-none-eabi/lib/armv7e-m\libsupc++.a(tinfo.o)
                0x00016da8                std::type_info::__is_function_p() const
 .text._ZNKSt9type_info11__do_upcastEPKN10__cxxabiv117__class_type_infoEPPv
                0x00016dac        0x4 r:/fehqt/proteus/gcc/bin/../lib/gcc/arm-none-eabi/4.6.2/../../../../arm-none-eabi/lib/armv7e-m\libsupc++.a(tinfo.o)
                0x00016dac                std::type_info::__do_upcast(__cxxabiv1::__class_type_info const*, void**) const
 .text._ZNSt9type_infoD0Ev
                0x00016db0       0x14 r:/fehqt/proteus/gcc/bin/../lib/gcc/arm-none-eabi/4.6.2/../../../../arm-none-eabi/lib/armv7e-m\libsupc++.a(tinfo.o)
                0x00016db0                std::type_info::~type_info()
 .text._ZNKSt9type_infoeqERKS_
                0x00016dc4       0x30 r:/fehqt/proteus/gcc/bin/../lib/gcc/arm-none-eabi/4.6.2/../../../../arm-none-eabi/lib/armv7e-m\libsupc++.a(tinfo.o)
                0x00016dc4                std::type_info::operator==(std::type_info const&) const
 .text._ZNKSt9type_info10__do_catchEPKS_PPvj
                0x00016df4        0x4 r:/fehqt/proteus/gcc/bin/../lib/gcc/arm-none-eabi/4.6.2/../../../../arm-none-eabi/lib/armv7e-m\libsupc++.a(tinfo.o)
                0x00016df4                std::type_info::__do_catch(std::type_info const*, void**, unsigned int) const
 .text._ZNKSt10bad_typeid4whatEv
                0x00016df8        0xc r:/fehqt/proteus/gcc/bin/../lib/gcc/arm-none-eabi/4.6.2/../../../../arm-none-eabi/lib/armv7e-m\libsupc++.a(bad_typeid.o)
                0x00016df8                std::bad_typeid::what() const
 .text._ZNSt10bad_typeidD2Ev
                0x00016e04       0x14 r:/fehqt/proteus/gcc/bin/../lib/gcc/arm-none-eabi/4.6.2/../../../../arm-none-eabi/lib/armv7e-m\libsupc++.a(bad_typeid.o)
                0x00016e04                std::bad_typeid::~bad_typeid()
                0x00016e04                std::bad_typeid::~bad_typeid()
 .text._ZNSt10bad_typeidD0Ev
                0x00016e18       0x1c r:/fehqt/proteus/gcc/bin/../lib/gcc/arm-none-eabi/4.6.2/../../../../arm-none-eabi/lib/armv7e-m\libsupc++.a(bad_typeid.o)
                0x00016e18                std::bad_typeid::~bad_typeid()
 .text._ZNK10__cxxabiv117__pbase_type_info15__pointer_catchEPKS0_PPvj
                0x00016e34       0x10 r:/fehqt/proteus/gcc/bin/../lib/gcc/arm-none-eabi/4.6.2/../../../../arm-none-eabi/lib/armv7e-m\libsupc++.a(pbase_type_info.o)
                0x00016e34                __cxxabiv1::__pbase_type_info::__pointer_catch(__cxxabiv1::__pbase_type_info const*, void**, unsigned int) const
 .text._ZN10__cxxabiv117__pbase_type_infoD2Ev
                0x00016e44       0x14 r:/fehqt/proteus/gcc/bin/../lib/gcc/arm-none-eabi/4.6.2/../../../../arm-none-eabi/lib/armv7e-m\libsupc++.a(pbase_type_info.o)
                0x00016e44                __cxxabiv1::__pbase_type_info::~__pbase_type_info()
                0x00016e44                __cxxabiv1::__pbase_type_info::~__pbase_type_info()
 .text._ZN10__cxxabiv117__pbase_type_infoD0Ev
                0x00016e58       0x1c r:/fehqt/proteus/gcc/bin/../lib/gcc/arm-none-eabi/4.6.2/../../../../arm-none-eabi/lib/armv7e-m\libsupc++.a(pbase_type_info.o)
                0x00016e58                __cxxabiv1::__pbase_type_info::~__pbase_type_info()
 .text._ZNK10__cxxabiv117__pbase_type_info10__do_catchEPKSt9type_infoPPvj
                0x00016e74       0x68 r:/fehqt/proteus/gcc/bin/../lib/gcc/arm-none-eabi/4.6.2/../../../../arm-none-eabi/lib/armv7e-m\libsupc++.a(pbase_type_info.o)
                0x00016e74                __cxxabiv1::__pbase_type_info::__do_catch(std::type_info const*, void**, unsigned int) const
 .text.abort    0x00016edc       0x24 R:\fehqt\Proteus/EWL/lib/armv7e-m\libc.a(abort.o)
                0x00016edc                abort
 .text.sbrk     0x00016f00       0x28 R:\fehqt\Proteus/EWL/lib/armv7e-m\libc.a(alloc.o)
                0x00016f00                sbrk
 .text.malloc   0x00016f28      0x110 R:\fehqt\Proteus/EWL/lib/armv7e-m\libc.a(alloc.o)
                0x00016f28                malloc
 .text.free     0x00017038       0x10 R:\fehqt\Proteus/EWL/lib/armv7e-m\libc.a(alloc.o)
                0x00017038                free
 .text.strcmp   0x00017048       0x18 R:\fehqt\Proteus/EWL/lib/armv7e-m\libc.a(strcmp.o)
                0x00017048                strcmp
 .text.raise    0x00017060       0x3c R:\fehqt\Proteus/EWL/lib/armv7e-m\libc.a(raise.o)
                0x00017060                raise
 *(.rodata)
 .rodata        0x0001709c       0x44 ..\main.o
 .rodata        0x000170e0       0x3c ..\drivetrain.o
 .rodata        0x0001711c       0x3c ..\cage.o
 .rodata        0x00017158       0x2c ..\cdscell.o
 .rodata        0x00017184       0x78 Libraries\FEHIO.o
 .rodata        0x000171fc       0x34 Libraries\FEHLCD.o
 .rodata        0x00017230      0x198 Libraries\FEHRPS.o
 *(.rodata*)
 .rodata._ZL9GPIOPorts
                0x000173c8       0x20 Libraries\FEHIO.o
 .rodata._ZL10ADCNumbers
                0x000173e8       0x24 Libraries\FEHIO.o
 .rodata._ZL14GPIOPinNumbers
                0x0001740c       0x80 Libraries\FEHIO.o
 .rodata._ZL16AnalogPinNumbers
                0x0001748c       0x84 Libraries\FEHIO.o
 .rodata.str1.1
                0x00000000        0x0 R:\fehqt\Proteus/EWL/lib/armv7e-m\libc.a(printformat_.o)
                                  0x1 (size before relaxing)
 .rodata.__aeabi_ctype_table_C
                0x00017510      0x101 R:\fehqt\Proteus/EWL/lib/armv7e-m\libc.a(ctype_aeabi.o)
                0x00017510                __aeabi_ctype_table_C
 *fill*         0x00017611        0x7 00
 .rodata._ZTVSt9bad_alloc
                0x00017618       0x18 R:\fehqt\Proteus/EWL/lib/armv7e-m\librt.a(New.o)
                0x00017618                vtable for std::bad_alloc
 .rodata._ZTISt9bad_alloc
                0x00017630        0xc R:\fehqt\Proteus/EWL/lib/armv7e-m\librt.a(New.o)
                0x00017630                typeinfo for std::bad_alloc
 .rodata._ZTSSt9bad_alloc
                0x0001763c        0xd R:\fehqt\Proteus/EWL/lib/armv7e-m\librt.a(New.o)
                0x0001763c                typeinfo name for std::bad_alloc
 .rodata.str1.1
                0x00017649       0x14 R:\fehqt\Proteus/EWL/lib/armv7e-m\librt.a(New.o)
 *fill*         0x0001765d        0x3 00
 .rodata._ZTVN10__cxxabiv117__class_type_infoE
                0x00017660       0x30 r:/fehqt/proteus/gcc/bin/../lib/gcc/arm-none-eabi/4.6.2/../../../../arm-none-eabi/lib/armv7e-m\libsupc++.a(class_type_info.o)
                0x00017660                vtable for __cxxabiv1::__class_type_info
 .rodata._ZTIN10__cxxabiv117__class_type_infoE
                0x00017690        0xc r:/fehqt/proteus/gcc/bin/../lib/gcc/arm-none-eabi/4.6.2/../../../../arm-none-eabi/lib/armv7e-m\libsupc++.a(class_type_info.o)
                0x00017690                typeinfo for __cxxabiv1::__class_type_info
 .rodata._ZTSN10__cxxabiv117__class_type_infoE
                0x0001769c       0x24 r:/fehqt/proteus/gcc/bin/../lib/gcc/arm-none-eabi/4.6.2/../../../../arm-none-eabi/lib/armv7e-m\libsupc++.a(class_type_info.o)
                0x0001769c                typeinfo name for __cxxabiv1::__class_type_info
 .rodata._ZTVSt9exception
                0x000176c0       0x18 r:/fehqt/proteus/gcc/bin/../lib/gcc/arm-none-eabi/4.6.2/../../../../arm-none-eabi/lib/armv7e-m\libsupc++.a(eh_exception.o)
                0x000176c0                vtable for std::exception
 .rodata._ZTIN10__cxxabiv115__forced_unwindE
                0x000176d8        0x8 r:/fehqt/proteus/gcc/bin/../lib/gcc/arm-none-eabi/4.6.2/../../../../arm-none-eabi/lib/armv7e-m\libsupc++.a(eh_exception.o)
                0x000176d8                typeinfo for __cxxabiv1::__forced_unwind
 .rodata._ZTISt9exception
                0x000176e0        0x8 r:/fehqt/proteus/gcc/bin/../lib/gcc/arm-none-eabi/4.6.2/../../../../arm-none-eabi/lib/armv7e-m\libsupc++.a(eh_exception.o)
                0x000176e0                typeinfo for std::exception
 .rodata._ZTSSt13bad_exception
                0x000176e8       0x14 r:/fehqt/proteus/gcc/bin/../lib/gcc/arm-none-eabi/4.6.2/../../../../arm-none-eabi/lib/armv7e-m\libsupc++.a(eh_exception.o)
                0x000176e8                typeinfo name for std::bad_exception
 .rodata.str1.4
                0x000176fc       0x23 r:/fehqt/proteus/gcc/bin/../lib/gcc/arm-none-eabi/4.6.2/../../../../arm-none-eabi/lib/armv7e-m\libsupc++.a(eh_exception.o)
                                 0x24 (size before relaxing)
 *fill*         0x0001771f        0x1 00
 .rodata._ZTSN10__cxxabiv119__foreign_exceptionE
                0x00017720       0x24 r:/fehqt/proteus/gcc/bin/../lib/gcc/arm-none-eabi/4.6.2/../../../../arm-none-eabi/lib/armv7e-m\libsupc++.a(eh_exception.o)
                0x00017720                typeinfo name for __cxxabiv1::__foreign_exception
 .rodata._ZTIN10__cxxabiv119__foreign_exceptionE
                0x00017744        0x8 r:/fehqt/proteus/gcc/bin/../lib/gcc/arm-none-eabi/4.6.2/../../../../arm-none-eabi/lib/armv7e-m\libsupc++.a(eh_exception.o)
                0x00017744                typeinfo for __cxxabiv1::__foreign_exception
 *fill*         0x0001774c        0x4 00
 .rodata._ZTVSt13bad_exception
                0x00017750       0x18 r:/fehqt/proteus/gcc/bin/../lib/gcc/arm-none-eabi/4.6.2/../../../../arm-none-eabi/lib/armv7e-m\libsupc++.a(eh_exception.o)
                0x00017750                vtable for std::bad_exception
 .rodata._ZTSSt9exception
                0x00017768       0x10 r:/fehqt/proteus/gcc/bin/../lib/gcc/arm-none-eabi/4.6.2/../../../../arm-none-eabi/lib/armv7e-m\libsupc++.a(eh_exception.o)
                0x00017768                typeinfo name for std::exception
 .rodata._ZTSN10__cxxabiv115__forced_unwindE
                0x00017778       0x20 r:/fehqt/proteus/gcc/bin/../lib/gcc/arm-none-eabi/4.6.2/../../../../arm-none-eabi/lib/armv7e-m\libsupc++.a(eh_exception.o)
                0x00017778                typeinfo name for __cxxabiv1::__forced_unwind
 .rodata._ZTISt13bad_exception
                0x00017798        0xc r:/fehqt/proteus/gcc/bin/../lib/gcc/arm-none-eabi/4.6.2/../../../../arm-none-eabi/lib/armv7e-m\libsupc++.a(eh_exception.o)
                0x00017798                typeinfo for std::bad_exception
 .rodata._ZTIPv
                0x000177a4       0x10 r:/fehqt/proteus/gcc/bin/../lib/gcc/arm-none-eabi/4.6.2/../../../../arm-none-eabi/lib/armv7e-m\libsupc++.a(fundamental_type_info.o)
                0x000177a4                typeinfo for void*
 .rodata._ZTIv  0x000177b4        0x8 r:/fehqt/proteus/gcc/bin/../lib/gcc/arm-none-eabi/4.6.2/../../../../arm-none-eabi/lib/armv7e-m\libsupc++.a(fundamental_type_info.o)
                0x000177b4                typeinfo for void
 .rodata._ZTSPv
                0x000177bc        0x4 r:/fehqt/proteus/gcc/bin/../lib/gcc/arm-none-eabi/4.6.2/../../../../arm-none-eabi/lib/armv7e-m\libsupc++.a(fundamental_type_info.o)
                0x000177bc                typeinfo name for void*
 .rodata._ZTSv  0x000177c0        0x4 r:/fehqt/proteus/gcc/bin/../lib/gcc/arm-none-eabi/4.6.2/../../../../arm-none-eabi/lib/armv7e-m\libsupc++.a(fundamental_type_info.o)
                0x000177c0                typeinfo name for void
 .rodata._ZTIN10__cxxabiv123__fundamental_type_infoE
                0x000177c4        0xc r:/fehqt/proteus/gcc/bin/../lib/gcc/arm-none-eabi/4.6.2/../../../../arm-none-eabi/lib/armv7e-m\libsupc++.a(fundamental_type_info.o)
                0x000177c4                typeinfo for __cxxabiv1::__fundamental_type_info
 .rodata._ZTSN10__cxxabiv123__fundamental_type_infoE
                0x000177d0       0x28 r:/fehqt/proteus/gcc/bin/../lib/gcc/arm-none-eabi/4.6.2/../../../../arm-none-eabi/lib/armv7e-m\libsupc++.a(fundamental_type_info.o)
                0x000177d0                typeinfo name for __cxxabiv1::__fundamental_type_info
 .rodata._ZTVN10__cxxabiv123__fundamental_type_infoE
                0x000177f8       0x20 r:/fehqt/proteus/gcc/bin/../lib/gcc/arm-none-eabi/4.6.2/../../../../arm-none-eabi/lib/armv7e-m\libsupc++.a(fundamental_type_info.o)
                0x000177f8                vtable for __cxxabiv1::__fundamental_type_info
 .rodata._ZTSN10__cxxabiv119__pointer_type_infoE
                0x00017818       0x24 r:/fehqt/proteus/gcc/bin/../lib/gcc/arm-none-eabi/4.6.2/../../../../arm-none-eabi/lib/armv7e-m\libsupc++.a(pointer_type_info.o)
                0x00017818                typeinfo name for __cxxabiv1::__pointer_type_info
 .rodata._ZTIN10__cxxabiv119__pointer_type_infoE
                0x0001783c        0xc r:/fehqt/proteus/gcc/bin/../lib/gcc/arm-none-eabi/4.6.2/../../../../arm-none-eabi/lib/armv7e-m\libsupc++.a(pointer_type_info.o)
                0x0001783c                typeinfo for __cxxabiv1::__pointer_type_info
 .rodata._ZTVN10__cxxabiv119__pointer_type_infoE
                0x00017848       0x28 r:/fehqt/proteus/gcc/bin/../lib/gcc/arm-none-eabi/4.6.2/../../../../arm-none-eabi/lib/armv7e-m\libsupc++.a(pointer_type_info.o)
                0x00017848                vtable for __cxxabiv1::__pointer_type_info
 .rodata._ZTVN10__cxxabiv120__si_class_type_infoE
                0x00017870       0x30 r:/fehqt/proteus/gcc/bin/../lib/gcc/arm-none-eabi/4.6.2/../../../../arm-none-eabi/lib/armv7e-m\libsupc++.a(si_class_type_info.o)
                0x00017870                vtable for __cxxabiv1::__si_class_type_info
 .rodata._ZTIN10__cxxabiv120__si_class_type_infoE
                0x000178a0        0xc r:/fehqt/proteus/gcc/bin/../lib/gcc/arm-none-eabi/4.6.2/../../../../arm-none-eabi/lib/armv7e-m\libsupc++.a(si_class_type_info.o)
                0x000178a0                typeinfo for __cxxabiv1::__si_class_type_info
 .rodata._ZTSN10__cxxabiv120__si_class_type_infoE
                0x000178ac       0x28 r:/fehqt/proteus/gcc/bin/../lib/gcc/arm-none-eabi/4.6.2/../../../../arm-none-eabi/lib/armv7e-m\libsupc++.a(si_class_type_info.o)
                0x000178ac                typeinfo name for __cxxabiv1::__si_class_type_info
 .rodata._ZTISt9type_info
                0x000178d4        0x8 r:/fehqt/proteus/gcc/bin/../lib/gcc/arm-none-eabi/4.6.2/../../../../arm-none-eabi/lib/armv7e-m\libsupc++.a(tinfo.o)
                0x000178d4                typeinfo for std::type_info
 .rodata._ZTSSt9type_info
                0x000178dc       0x10 r:/fehqt/proteus/gcc/bin/../lib/gcc/arm-none-eabi/4.6.2/../../../../arm-none-eabi/lib/armv7e-m\libsupc++.a(tinfo.o)
                0x000178dc                typeinfo name for std::type_info
 *fill*         0x000178ec        0x4 00
 .rodata._ZTVSt9type_info
                0x000178f0       0x20 r:/fehqt/proteus/gcc/bin/../lib/gcc/arm-none-eabi/4.6.2/../../../../arm-none-eabi/lib/armv7e-m\libsupc++.a(tinfo.o)
                0x000178f0                vtable for std::type_info
 .rodata._ZTVSt10bad_typeid
                0x00017910       0x18 r:/fehqt/proteus/gcc/bin/../lib/gcc/arm-none-eabi/4.6.2/../../../../arm-none-eabi/lib/armv7e-m\libsupc++.a(bad_typeid.o)
                0x00017910                vtable for std::bad_typeid
 .rodata._ZTISt10bad_typeid
                0x00017928        0xc r:/fehqt/proteus/gcc/bin/../lib/gcc/arm-none-eabi/4.6.2/../../../../arm-none-eabi/lib/armv7e-m\libsupc++.a(bad_typeid.o)
                0x00017928                typeinfo for std::bad_typeid
 .rodata.str1.4
                0x00017934       0x10 r:/fehqt/proteus/gcc/bin/../lib/gcc/arm-none-eabi/4.6.2/../../../../arm-none-eabi/lib/armv7e-m\libsupc++.a(bad_typeid.o)
 .rodata._ZTSSt10bad_typeid
                0x00017944       0x10 r:/fehqt/proteus/gcc/bin/../lib/gcc/arm-none-eabi/4.6.2/../../../../arm-none-eabi/lib/armv7e-m\libsupc++.a(bad_typeid.o)
                0x00017944                typeinfo name for std::bad_typeid
 .rodata._ZTIN10__cxxabiv117__pbase_type_infoE
                0x00017954        0xc r:/fehqt/proteus/gcc/bin/../lib/gcc/arm-none-eabi/4.6.2/../../../../arm-none-eabi/lib/armv7e-m\libsupc++.a(pbase_type_info.o)
                0x00017954                typeinfo for __cxxabiv1::__pbase_type_info
 .rodata._ZTSN10__cxxabiv117__pbase_type_infoE
                0x00017960       0x24 r:/fehqt/proteus/gcc/bin/../lib/gcc/arm-none-eabi/4.6.2/../../../../arm-none-eabi/lib/armv7e-m\libsupc++.a(pbase_type_info.o)
                0x00017960                typeinfo name for __cxxabiv1::__pbase_type_info
 *fill*         0x00017984        0x4 00
 .rodata._ZTVN10__cxxabiv117__pbase_type_infoE
                0x00017988       0x28 r:/fehqt/proteus/gcc/bin/../lib/gcc/arm-none-eabi/4.6.2/../../../../arm-none-eabi/lib/armv7e-m\libsupc++.a(pbase_type_info.o)
                0x00017988                vtable for __cxxabiv1::__pbase_type_info
 *(.glue_7)
 .glue_7        0x00000000        0x0 linker stubs
 *(.glue_7t)
 .glue_7t       0x00000000        0x0 linker stubs
 *(.eh_frame)
 *(.init)
 *(.fini)
                0x000179b0                . = ALIGN (0x4)
                0x000179b0                _etext = .

.vfp11_veneer   0x000179b0        0x0
 .vfp11_veneer  0x00000000        0x0 linker stubs

.v4_bx          0x000179b0        0x0
 .v4_bx         0x00000000        0x0 linker stubs

.ARM.extab      0x000179b0      0x114
 *(.ARM.extab* .gnu.linkonce.armextab.*)
 .ARM.extab.text._ZNSt9bad_allocD2Ev
                0x000179b0        0x0 R:\fehqt\Proteus/EWL/lib/armv7e-m\librt.a(New.o)
 .ARM.extab.text._ZNKSt9bad_alloc4whatEv
                0x000179b0        0x0 R:\fehqt\Proteus/EWL/lib/armv7e-m\librt.a(New.o)
 .ARM.extab.text._Znwj
                0x000179b0       0x20 R:\fehqt\Proteus/EWL/lib/armv7e-m\librt.a(New.o)
 .ARM.extab.text._ZNSt9bad_allocD0Ev
                0x000179d0        0x0 R:\fehqt\Proteus/EWL/lib/armv7e-m\librt.a(New.o)
 .ARM.extab.text.__cxa_bad_typeid
                0x000179d0        0xc r:/fehqt/proteus/gcc/bin/../lib/gcc/arm-none-eabi/4.6.2/../../../../arm-none-eabi/lib/armv7e-m\libsupc++.a(eh_aux_runtime.o)
 .ARM.extab.text.__cxa_call_unexpected
                0x000179dc       0x28 r:/fehqt/proteus/gcc/bin/../lib/gcc/arm-none-eabi/4.6.2/../../../../arm-none-eabi/lib/armv7e-m\libsupc++.a(eh_call.o)
 .ARM.extab.text.__cxa_begin_catch
                0x00017a04       0x20 r:/fehqt/proteus/gcc/bin/../lib/gcc/arm-none-eabi/4.6.2/../../../../arm-none-eabi/lib/armv7e-m\libsupc++.a(eh_catch.o)
 .ARM.extab.text._ZL21base_of_encoded_valuehP15_Unwind_Context
                0x00017a24        0xc r:/fehqt/proteus/gcc/bin/../lib/gcc/arm-none-eabi/4.6.2/../../../../arm-none-eabi/lib/armv7e-m\libsupc++.a(eh_personality.o)
 .ARM.extab.text.__gxx_personality_v0
                0x00017a30       0x20 r:/fehqt/proteus/gcc/bin/../lib/gcc/arm-none-eabi/4.6.2/../../../../arm-none-eabi/lib/armv7e-m\libsupc++.a(eh_personality.o)
 .ARM.extab.text._ZN10__cxxabiv111__terminateEPFvvE
                0x00017a50       0x2c r:/fehqt/proteus/gcc/bin/../lib/gcc/arm-none-eabi/4.6.2/../../../../arm-none-eabi/lib/armv7e-m\libsupc++.a(eh_terminate.o)
 .ARM.extab.text._ZN10__cxxabiv112__unexpectedEPFvvE
                0x00017a7c        0xc r:/fehqt/proteus/gcc/bin/../lib/gcc/arm-none-eabi/4.6.2/../../../../arm-none-eabi/lib/armv7e-m\libsupc++.a(eh_terminate.o)
 .ARM.extab.text._ZSt10unexpectedv
                0x00017a88        0xc r:/fehqt/proteus/gcc/bin/../lib/gcc/arm-none-eabi/4.6.2/../../../../arm-none-eabi/lib/armv7e-m\libsupc++.a(eh_terminate.o)
 .ARM.extab.text._ZNK10__cxxabiv117__pbase_type_info15__pointer_catchEPKS0_PPvj
                0x00017a94        0x0 r:/fehqt/proteus/gcc/bin/../lib/gcc/arm-none-eabi/4.6.2/../../../../arm-none-eabi/lib/armv7e-m\libsupc++.a(pbase_type_info.o)
 .ARM.extab     0x00017a94       0x18 r:/fehqt/proteus/gcc/bin/../lib/gcc/arm-none-eabi/4.6.2/armv7e-m\libgcc.a(unwind-arm.o)
 .ARM.extab     0x00017aac       0x18 r:/fehqt/proteus/gcc/bin/../lib/gcc/arm-none-eabi/4.6.2/armv7e-m\libgcc.a(pr-support.o)

.ARM            0x00017ac4      0x1f0
                0x00017ac4                __exidx_start = .
 *(.ARM.exidx*)
 .ARM.exidx.text._ZNSt9bad_allocD2Ev
                0x00017b84        0x0 R:\fehqt\Proteus/EWL/lib/armv7e-m\librt.a(New.o)
                                  0x8 (size before relaxing)
 .ARM.exidx.text._ZNKSt9bad_alloc4whatEv
                0x00017b84        0x0 R:\fehqt\Proteus/EWL/lib/armv7e-m\librt.a(New.o)
                                  0x8 (size before relaxing)
 .ARM.exidx.text._Znwj
                0x00017b84        0x8 R:\fehqt\Proteus/EWL/lib/armv7e-m\librt.a(New.o)
 .ARM.exidx.text._ZdlPv
                0x00017b8c        0x8 R:\fehqt\Proteus/EWL/lib/armv7e-m\librt.a(New.o)
 .ARM.exidx.text._ZNSt9bad_allocD0Ev
                0x00017b94        0x0 R:\fehqt\Proteus/EWL/lib/armv7e-m\librt.a(New.o)
                                  0x8 (size before relaxing)
 .ARM.exidx.text._ZNK10__cxxabiv117__class_type_info11__do_upcastEPKS0_PPv
                0x00017b94        0x8 r:/fehqt/proteus/gcc/bin/../lib/gcc/arm-none-eabi/4.6.2/../../../../arm-none-eabi/lib/armv7e-m\libsupc++.a(class_type_info.o)
 .ARM.exidx.text._ZNK10__cxxabiv117__class_type_info20__do_find_public_srcEiPKvPKS0_S2_
                0x00017b9c        0x8 r:/fehqt/proteus/gcc/bin/../lib/gcc/arm-none-eabi/4.6.2/../../../../arm-none-eabi/lib/armv7e-m\libsupc++.a(class_type_info.o)
 .ARM.exidx.text._ZNK10__cxxabiv117__class_type_info11__do_upcastEPKS0_PKvRNS0_15__upcast_resultE
                0x00017ba4        0x8 r:/fehqt/proteus/gcc/bin/../lib/gcc/arm-none-eabi/4.6.2/../../../../arm-none-eabi/lib/armv7e-m\libsupc++.a(class_type_info.o)
 .ARM.exidx.text._ZN10__cxxabiv117__class_type_infoD2Ev
                0x00017bac        0x8 r:/fehqt/proteus/gcc/bin/../lib/gcc/arm-none-eabi/4.6.2/../../../../arm-none-eabi/lib/armv7e-m\libsupc++.a(class_type_info.o)
 .ARM.exidx.text._ZN10__cxxabiv117__class_type_infoD0Ev
                0x00017bb4        0x0 r:/fehqt/proteus/gcc/bin/../lib/gcc/arm-none-eabi/4.6.2/../../../../arm-none-eabi/lib/armv7e-m\libsupc++.a(class_type_info.o)
                                  0x8 (size before relaxing)
 .ARM.exidx.text._ZNK10__cxxabiv117__class_type_info12__do_dyncastEiNS0_10__sub_kindEPKS0_PKvS3_S5_RNS0_16__dyncast_resultE
                0x00017bb4        0x8 r:/fehqt/proteus/gcc/bin/../lib/gcc/arm-none-eabi/4.6.2/../../../../arm-none-eabi/lib/armv7e-m\libsupc++.a(class_type_info.o)
 .ARM.exidx.text._ZNK10__cxxabiv117__class_type_info10__do_catchEPKSt9type_infoPPvj
                0x00017bbc        0x8 r:/fehqt/proteus/gcc/bin/../lib/gcc/arm-none-eabi/4.6.2/../../../../arm-none-eabi/lib/armv7e-m\libsupc++.a(class_type_info.o)
 .ARM.exidx.text.__cxa_allocate_exception
                0x00017bc4        0x8 r:/fehqt/proteus/gcc/bin/../lib/gcc/arm-none-eabi/4.6.2/../../../../arm-none-eabi/lib/armv7e-m\libsupc++.a(eh_alloc.o)
 .ARM.exidx.text.__cxa_free_exception
                0x00017bcc        0x0 r:/fehqt/proteus/gcc/bin/../lib/gcc/arm-none-eabi/4.6.2/../../../../arm-none-eabi/lib/armv7e-m\libsupc++.a(eh_alloc.o)
                                  0x8 (size before relaxing)
 .ARM.exidx.text.__cxa_type_match
                0x00017bcc        0x8 r:/fehqt/proteus/gcc/bin/../lib/gcc/arm-none-eabi/4.6.2/../../../../arm-none-eabi/lib/armv7e-m\libsupc++.a(eh_arm.o)
 .ARM.exidx.text.__cxa_begin_cleanup
                0x00017bd4        0x8 r:/fehqt/proteus/gcc/bin/../lib/gcc/arm-none-eabi/4.6.2/../../../../arm-none-eabi/lib/armv7e-m\libsupc++.a(eh_arm.o)
 .ARM.exidx.text.__gnu_end_cleanup
                0x00017bdc        0x0 r:/fehqt/proteus/gcc/bin/../lib/gcc/arm-none-eabi/4.6.2/../../../../arm-none-eabi/lib/armv7e-m\libsupc++.a(eh_arm.o)
                                  0x8 (size before relaxing)
 .ARM.exidx.text.__cxa_bad_typeid
                0x00017bdc        0x8 r:/fehqt/proteus/gcc/bin/../lib/gcc/arm-none-eabi/4.6.2/../../../../arm-none-eabi/lib/armv7e-m\libsupc++.a(eh_aux_runtime.o)
 .ARM.exidx.text.__cxa_call_terminate
                0x00017be4        0x8 r:/fehqt/proteus/gcc/bin/../lib/gcc/arm-none-eabi/4.6.2/../../../../arm-none-eabi/lib/armv7e-m\libsupc++.a(eh_call.o)
 .ARM.exidx.text.__cxa_call_unexpected
                0x00017bec        0x8 r:/fehqt/proteus/gcc/bin/../lib/gcc/arm-none-eabi/4.6.2/../../../../arm-none-eabi/lib/armv7e-m\libsupc++.a(eh_call.o)
 .ARM.exidx.text.__cxa_begin_catch
                0x00017bf4        0x8 r:/fehqt/proteus/gcc/bin/../lib/gcc/arm-none-eabi/4.6.2/../../../../arm-none-eabi/lib/armv7e-m\libsupc++.a(eh_catch.o)
 .ARM.exidx.text.__cxa_end_catch
                0x00017bfc        0x8 r:/fehqt/proteus/gcc/bin/../lib/gcc/arm-none-eabi/4.6.2/../../../../arm-none-eabi/lib/armv7e-m\libsupc++.a(eh_catch.o)
 .ARM.exidx.text._ZNSt9exceptionD2Ev
                0x00017c04        0x0 r:/fehqt/proteus/gcc/bin/../lib/gcc/arm-none-eabi/4.6.2/../../../../arm-none-eabi/lib/armv7e-m\libsupc++.a(eh_exception.o)
                                  0x8 (size before relaxing)
 .ARM.exidx.text._ZNSt13bad_exceptionD2Ev
                0x00017c04        0x0 r:/fehqt/proteus/gcc/bin/../lib/gcc/arm-none-eabi/4.6.2/../../../../arm-none-eabi/lib/armv7e-m\libsupc++.a(eh_exception.o)
                                  0x8 (size before relaxing)
 .ARM.exidx.text._ZNKSt9exception4whatEv
                0x00017c04        0x0 r:/fehqt/proteus/gcc/bin/../lib/gcc/arm-none-eabi/4.6.2/../../../../arm-none-eabi/lib/armv7e-m\libsupc++.a(eh_exception.o)
                                  0x8 (size before relaxing)
 .ARM.exidx.text._ZNKSt13bad_exception4whatEv
                0x00017c04        0x0 r:/fehqt/proteus/gcc/bin/../lib/gcc/arm-none-eabi/4.6.2/../../../../arm-none-eabi/lib/armv7e-m\libsupc++.a(eh_exception.o)
                                  0x8 (size before relaxing)
 .ARM.exidx.text._ZNSt13bad_exceptionD0Ev
                0x00017c04        0x0 r:/fehqt/proteus/gcc/bin/../lib/gcc/arm-none-eabi/4.6.2/../../../../arm-none-eabi/lib/armv7e-m\libsupc++.a(eh_exception.o)
                                  0x8 (size before relaxing)
 .ARM.exidx.text._ZNSt9exceptionD0Ev
                0x00017c04        0x0 r:/fehqt/proteus/gcc/bin/../lib/gcc/arm-none-eabi/4.6.2/../../../../arm-none-eabi/lib/armv7e-m\libsupc++.a(eh_exception.o)
                                  0x8 (size before relaxing)
 .ARM.exidx.text.__cxa_get_globals_fast
                0x00017c04        0x0 r:/fehqt/proteus/gcc/bin/../lib/gcc/arm-none-eabi/4.6.2/../../../../arm-none-eabi/lib/armv7e-m\libsupc++.a(eh_globals.o)
                                  0x8 (size before relaxing)
 .ARM.exidx.text.__cxa_get_globals
                0x00017c04        0x0 r:/fehqt/proteus/gcc/bin/../lib/gcc/arm-none-eabi/4.6.2/../../../../arm-none-eabi/lib/armv7e-m\libsupc++.a(eh_globals.o)
                                  0x8 (size before relaxing)
 .ARM.exidx.text._ZL12read_sleb128PKhPl
                0x00017c04        0x0 r:/fehqt/proteus/gcc/bin/../lib/gcc/arm-none-eabi/4.6.2/../../../../arm-none-eabi/lib/armv7e-m\libsupc++.a(eh_personality.o)
                                  0x8 (size before relaxing)
 .ARM.exidx.text._ZL28read_encoded_value_with_basehjPKhPj
                0x00017c04        0x8 r:/fehqt/proteus/gcc/bin/../lib/gcc/arm-none-eabi/4.6.2/../../../../arm-none-eabi/lib/armv7e-m\libsupc++.a(eh_personality.o)
 .ARM.exidx.text._ZL21base_of_encoded_valuehP15_Unwind_Context
                0x00017c0c        0x8 r:/fehqt/proteus/gcc/bin/../lib/gcc/arm-none-eabi/4.6.2/../../../../arm-none-eabi/lib/armv7e-m\libsupc++.a(eh_personality.o)
 .ARM.exidx.text._ZL17parse_lsda_headerP15_Unwind_ContextPKhP16lsda_header_info.constprop.1
                0x00017c14        0x8 r:/fehqt/proteus/gcc/bin/../lib/gcc/arm-none-eabi/4.6.2/../../../../arm-none-eabi/lib/armv7e-m\libsupc++.a(eh_personality.o)
 .ARM.exidx.text.__gxx_personality_v0
                0x00017c1c        0x8 r:/fehqt/proteus/gcc/bin/../lib/gcc/arm-none-eabi/4.6.2/../../../../arm-none-eabi/lib/armv7e-m\libsupc++.a(eh_personality.o)
 .ARM.exidx.text._ZN10__cxxabiv111__terminateEPFvvE
                0x00017c24        0x8 r:/fehqt/proteus/gcc/bin/../lib/gcc/arm-none-eabi/4.6.2/../../../../arm-none-eabi/lib/armv7e-m\libsupc++.a(eh_terminate.o)
 .ARM.exidx.text._ZSt9terminatev
                0x00017c2c        0x8 r:/fehqt/proteus/gcc/bin/../lib/gcc/arm-none-eabi/4.6.2/../../../../arm-none-eabi/lib/armv7e-m\libsupc++.a(eh_terminate.o)
 .ARM.exidx.text._ZN10__cxxabiv112__unexpectedEPFvvE
                0x00017c34        0x8 r:/fehqt/proteus/gcc/bin/../lib/gcc/arm-none-eabi/4.6.2/../../../../arm-none-eabi/lib/armv7e-m\libsupc++.a(eh_terminate.o)
 .ARM.exidx.text._ZSt10unexpectedv
                0x00017c3c        0x8 r:/fehqt/proteus/gcc/bin/../lib/gcc/arm-none-eabi/4.6.2/../../../../arm-none-eabi/lib/armv7e-m\libsupc++.a(eh_terminate.o)
 .ARM.exidx.text._ZL23__gxx_exception_cleanup19_Unwind_Reason_CodeP21_Unwind_Control_Block
                0x00017c44        0x8 r:/fehqt/proteus/gcc/bin/../lib/gcc/arm-none-eabi/4.6.2/../../../../arm-none-eabi/lib/armv7e-m\libsupc++.a(eh_throw.o)
 .ARM.exidx.text.__cxa_throw
                0x00017c4c        0x8 r:/fehqt/proteus/gcc/bin/../lib/gcc/arm-none-eabi/4.6.2/../../../../arm-none-eabi/lib/armv7e-m\libsupc++.a(eh_throw.o)
 .ARM.exidx.text.__cxa_rethrow
                0x00017c54        0x8 r:/fehqt/proteus/gcc/bin/../lib/gcc/arm-none-eabi/4.6.2/../../../../arm-none-eabi/lib/armv7e-m\libsupc++.a(eh_throw.o)
 .ARM.exidx.text._ZN10__cxxabiv123__fundamental_type_infoD2Ev
                0x00017c5c        0x0 r:/fehqt/proteus/gcc/bin/../lib/gcc/arm-none-eabi/4.6.2/../../../../arm-none-eabi/lib/armv7e-m\libsupc++.a(fundamental_type_info.o)
                                  0x8 (size before relaxing)
 .ARM.exidx.text._ZN10__cxxabiv123__fundamental_type_infoD0Ev
                0x00017c5c        0x0 r:/fehqt/proteus/gcc/bin/../lib/gcc/arm-none-eabi/4.6.2/../../../../arm-none-eabi/lib/armv7e-m\libsupc++.a(fundamental_type_info.o)
                                  0x8 (size before relaxing)
 .ARM.exidx.text._ZNK10__cxxabiv119__pointer_type_info14__is_pointer_pEv
                0x00017c5c        0x8 r:/fehqt/proteus/gcc/bin/../lib/gcc/arm-none-eabi/4.6.2/../../../../arm-none-eabi/lib/armv7e-m\libsupc++.a(pointer_type_info.o)
 .ARM.exidx.text._ZN10__cxxabiv119__pointer_type_infoD2Ev
                0x00017c64        0x8 r:/fehqt/proteus/gcc/bin/../lib/gcc/arm-none-eabi/4.6.2/../../../../arm-none-eabi/lib/armv7e-m\libsupc++.a(pointer_type_info.o)
 .ARM.exidx.text._ZN10__cxxabiv119__pointer_type_infoD0Ev
                0x00017c6c        0x0 r:/fehqt/proteus/gcc/bin/../lib/gcc/arm-none-eabi/4.6.2/../../../../arm-none-eabi/lib/armv7e-m\libsupc++.a(pointer_type_info.o)
                                  0x8 (size before relaxing)
 .ARM.exidx.text._ZNK10__cxxabiv119__pointer_type_info15__pointer_catchEPKNS_17__pbase_type_infoEPPvj
                0x00017c6c        0x8 r:/fehqt/proteus/gcc/bin/../lib/gcc/arm-none-eabi/4.6.2/../../../../arm-none-eabi/lib/armv7e-m\libsupc++.a(pointer_type_info.o)
 .ARM.exidx.text._ZN10__cxxabiv120__si_class_type_infoD2Ev
                0x00017c74        0x8 r:/fehqt/proteus/gcc/bin/../lib/gcc/arm-none-eabi/4.6.2/../../../../arm-none-eabi/lib/armv7e-m\libsupc++.a(si_class_type_info.o)
 .ARM.exidx.text._ZN10__cxxabiv120__si_class_type_infoD0Ev
                0x00017c7c        0x0 r:/fehqt/proteus/gcc/bin/../lib/gcc/arm-none-eabi/4.6.2/../../../../arm-none-eabi/lib/armv7e-m\libsupc++.a(si_class_type_info.o)
                                  0x8 (size before relaxing)
 .ARM.exidx.text._ZNK10__cxxabiv120__si_class_type_info11__do_upcastEPKNS_17__class_type_infoEPKvRNS1_15__upcast_resultE
                0x00017c7c        0x8 r:/fehqt/proteus/gcc/bin/../lib/gcc/arm-none-eabi/4.6.2/../../../../arm-none-eabi/lib/armv7e-m\libsupc++.a(si_class_type_info.o)
 .ARM.exidx.text._ZNK10__cxxabiv120__si_class_type_info12__do_dyncastEiNS_17__class_type_info10__sub_kindEPKS1_PKvS4_S6_RNS1_16__dyncast_resultE
                0x00017c84        0x8 r:/fehqt/proteus/gcc/bin/../lib/gcc/arm-none-eabi/4.6.2/../../../../arm-none-eabi/lib/armv7e-m\libsupc++.a(si_class_type_info.o)
 .ARM.exidx.text._ZNK10__cxxabiv120__si_class_type_info20__do_find_public_srcEiPKvPKNS_17__class_type_infoES2_
                0x00017c8c        0x8 r:/fehqt/proteus/gcc/bin/../lib/gcc/arm-none-eabi/4.6.2/../../../../arm-none-eabi/lib/armv7e-m\libsupc++.a(si_class_type_info.o)
 .ARM.exidx.text._ZNSt9type_infoD2Ev
                0x00017c94        0x8 r:/fehqt/proteus/gcc/bin/../lib/gcc/arm-none-eabi/4.6.2/../../../../arm-none-eabi/lib/armv7e-m\libsupc++.a(tinfo.o)
 .ARM.exidx.text._ZNKSt9type_info14__is_pointer_pEv
                0x00017c9c        0x0 r:/fehqt/proteus/gcc/bin/../lib/gcc/arm-none-eabi/4.6.2/../../../../arm-none-eabi/lib/armv7e-m\libsupc++.a(tinfo.o)
                                  0x8 (size before relaxing)
 .ARM.exidx.text._ZNKSt9type_info15__is_function_pEv
                0x00017c9c        0x0 r:/fehqt/proteus/gcc/bin/../lib/gcc/arm-none-eabi/4.6.2/../../../../arm-none-eabi/lib/armv7e-m\libsupc++.a(tinfo.o)
                                  0x8 (size before relaxing)
 .ARM.exidx.text._ZNKSt9type_info11__do_upcastEPKN10__cxxabiv117__class_type_infoEPPv
                0x00017c9c        0x0 r:/fehqt/proteus/gcc/bin/../lib/gcc/arm-none-eabi/4.6.2/../../../../arm-none-eabi/lib/armv7e-m\libsupc++.a(tinfo.o)
                                  0x8 (size before relaxing)
 .ARM.exidx.text._ZNSt9type_infoD0Ev
                0x00017c9c        0x0 r:/fehqt/proteus/gcc/bin/../lib/gcc/arm-none-eabi/4.6.2/../../../../arm-none-eabi/lib/armv7e-m\libsupc++.a(tinfo.o)
                                  0x8 (size before relaxing)
 .ARM.exidx.text._ZNKSt9type_infoeqERKS_
                0x00017c9c        0x0 r:/fehqt/proteus/gcc/bin/../lib/gcc/arm-none-eabi/4.6.2/../../../../arm-none-eabi/lib/armv7e-m\libsupc++.a(tinfo.o)
                                  0x8 (size before relaxing)
 .ARM.exidx.text._ZNKSt9type_info10__do_catchEPKS_PPvj
                0x00017c9c        0x0 r:/fehqt/proteus/gcc/bin/../lib/gcc/arm-none-eabi/4.6.2/../../../../arm-none-eabi/lib/armv7e-m\libsupc++.a(tinfo.o)
                                  0x8 (size before relaxing)
 .ARM.exidx.text._ZNKSt10bad_typeid4whatEv
                0x00017c9c        0x0 r:/fehqt/proteus/gcc/bin/../lib/gcc/arm-none-eabi/4.6.2/../../../../arm-none-eabi/lib/armv7e-m\libsupc++.a(bad_typeid.o)
                                  0x8 (size before relaxing)
 .ARM.exidx.text._ZNSt10bad_typeidD2Ev
                0x00017c9c        0x0 r:/fehqt/proteus/gcc/bin/../lib/gcc/arm-none-eabi/4.6.2/../../../../arm-none-eabi/lib/armv7e-m\libsupc++.a(bad_typeid.o)
                                  0x8 (size before relaxing)
 .ARM.exidx.text._ZNSt10bad_typeidD0Ev
                0x00017c9c        0x0 r:/fehqt/proteus/gcc/bin/../lib/gcc/arm-none-eabi/4.6.2/../../../../arm-none-eabi/lib/armv7e-m\libsupc++.a(bad_typeid.o)
                                  0x8 (size before relaxing)
 .ARM.exidx.text._ZNK10__cxxabiv117__pbase_type_info15__pointer_catchEPKS0_PPvj
                0x00017c9c        0x8 r:/fehqt/proteus/gcc/bin/../lib/gcc/arm-none-eabi/4.6.2/../../../../arm-none-eabi/lib/armv7e-m\libsupc++.a(pbase_type_info.o)
 .ARM.exidx.text._ZN10__cxxabiv117__pbase_type_infoD2Ev
                0x00017ca4        0x0 r:/fehqt/proteus/gcc/bin/../lib/gcc/arm-none-eabi/4.6.2/../../../../arm-none-eabi/lib/armv7e-m\libsupc++.a(pbase_type_info.o)
                                  0x8 (size before relaxing)
 .ARM.exidx.text._ZN10__cxxabiv117__pbase_type_infoD0Ev
                0x00017ca4        0x0 r:/fehqt/proteus/gcc/bin/../lib/gcc/arm-none-eabi/4.6.2/../../../../arm-none-eabi/lib/armv7e-m\libsupc++.a(pbase_type_info.o)
                                  0x8 (size before relaxing)
 .ARM.exidx.text._ZNK10__cxxabiv117__pbase_type_info10__do_catchEPKSt9type_infoPPvj
                0x00017ca4       0x10 r:/fehqt/proteus/gcc/bin/../lib/gcc/arm-none-eabi/4.6.2/../../../../arm-none-eabi/lib/armv7e-m\libsupc++.a(pbase_type_info.o)
                                  0x8 (size before relaxing)
 .ARM.exidx     0x00017ac4       0x88 r:/fehqt/proteus/gcc/bin/../lib/gcc/arm-none-eabi/4.6.2/armv7e-m\libgcc.a(unwind-arm.o)
                                 0xc0 (size before relaxing)
 .ARM.exidx     0x00017b4c       0x38 r:/fehqt/proteus/gcc/bin/../lib/gcc/arm-none-eabi/4.6.2/armv7e-m\libgcc.a(pr-support.o)
                                 0x48 (size before relaxing)
                0x00017cb4                __exidx_end = .

.ctors          0x00017cb4        0x0
                0x00017cb4                __CTOR_LIST__ = .
 *crtbegin.o(.ctors)
 *(EXCLUDE_FILE(*crtend.o) .ctors)
 *(SORT(.ctors.*))
 *(.ctors)
                0x00017cb4                __CTOR_END__ = .

.dtors          0x00017cb4        0x0
                0x00017cb4                __DTOR_LIST__ = .
 *crtbegin.o(.dtors)
 *(EXCLUDE_FILE(*crtend.o) .dtors)
 *(SORT(.dtors.*))
 *(.dtors)
                0x00017cb4                __DTOR_END__ = .

.preinit_array  0x00017cb4        0x0
                0x00017cb4                PROVIDE (__preinit_array_start, .)
 *(.preinit_array*)
                0x00017cb4                PROVIDE (__preinit_array_end, .)

.init_array     0x00017cb4       0x18
                0x00017cb4                PROVIDE (__init_array_start, .)
 *(SORT(.init_array.*))
 *(.init_array*)
 .init_array    0x00017cb4        0x4 ..\main.o
 .init_array    0x00017cb8        0x4 FEHProteus.o
 .init_array    0x00017cbc        0x4 Libraries\FEHBuzzer.o
 .init_array    0x00017cc0        0x4 Libraries\FEHLCD.o
 .init_array    0x00017cc4        0x4 Libraries\FEHBattery.o
 .init_array    0x00017cc8        0x4 Libraries\FEHRPS.o
                0x00017ccc                PROVIDE (__init_array_end, .)

.fini_array     0x00017ccc        0x0
                0x00017ccc                PROVIDE (__fini_array_start, .)
 *(SORT(.fini_array.*))
 *(.fini_array*)
                0x00017ccc                PROVIDE (__fini_array_end, .)
                0x00017ccc                ___ROM_AT = .

.data           0x1fff0400     0x3228 load address 0x00017ccc
                0x1fff0400                . = ALIGN (0x4)
                0x1fff0400                _sdata = .
 *(.data)
 *(.data*)
 .data.image    0x1fff0400     0x303c Libraries\FEHLCD.o
                0x1fff0400                image
 .data._ZN6FEHLCD8fontDataE
                0x1fff343c      0x1e0 Libraries\FEHLCD.o
                0x1fff343c                FEHLCD::fontData
 .data._ZN10__cxxabiv120__unexpected_handlerE
                0x1fff361c        0x4 r:/fehqt/proteus/gcc/bin/../lib/gcc/arm-none-eabi/4.6.2/../../../../arm-none-eabi/lib/armv7e-m\libsupc++.a(eh_unex_handler.o)
                0x1fff361c                __cxxabiv1::__unexpected_handler
 .data._ZN10__cxxabiv119__terminate_handlerE
                0x1fff3620        0x4 r:/fehqt/proteus/gcc/bin/../lib/gcc/arm-none-eabi/4.6.2/../../../../arm-none-eabi/lib/armv7e-m\libsupc++.a(eh_term_handler.o)
                0x1fff3620                __cxxabiv1::__terminate_handler
 .data.tail     0x1fff3624        0x4 R:\fehqt\Proteus/EWL/lib/armv7e-m\libc.a(alloc.o)
                0x1fff3628                . = ALIGN (0x4)
                0x1fff3628                _edata = .
                0x00003228                ___data_size = (_edata - _sdata)
                0x0001aef4                ___m_data2_ROMStart = (___ROM_AT + SIZEOF (.data))

.user_data2     0x20000000        0x0 load address 0x0001aef4
                0x20000000                . = ALIGN (0x4)