Archive member included because of file (symbol)

/Applications/FEH//Proteus/EWL/lib/armv7e-m/libc.a(sprintf.o)
                              Libraries/FEHLCD.o (sprintf)
/Applications/FEH//Proteus/EWL/lib/armv7e-m/libc.a(vsnprintf.o)
                              /Applications/FEH//Proteus/EWL/lib/armv7e-m/libc.a(sprintf.o) (vsnprintf)
/Applications/FEH//Proteus/EWL/lib/armv7e-m/libc.a(exit.o)
                              Startup/__arm_start.o (exit)
/Applications/FEH//Proteus/EWL/lib/armv7e-m/libc.a(memcpy.o)
                              /Applications/FEH//Proteus/EWL/lib/armv7e-m/libc.a(vsnprintf.o) (memcpy)
/Applications/FEH//Proteus/EWL/lib/armv7e-m/libc.a(memset.o)
                              Startup/__arm_start.o (memset)
/Applications/FEH//Proteus/EWL/lib/armv7e-m/libc.a(printformat_.o)
                              (__pformatter_)
/Applications/FEH//Proteus/EWL/lib/armv7e-m/libc.a(scanformat_.o)
                              (__sformatter)
/Applications/FEH//Proteus/EWL/lib/armv7e-m/libc.a(ctype_aeabi.o)
                              /Applications/FEH//Proteus/EWL/lib/armv7e-m/libc.a(scanformat_.o) (isspace)
/Applications/FEH//Proteus/EWL/lib/armv7e-m/libc.a(__strtoul.o)
                              /Applications/FEH//Proteus/EWL/lib/armv7e-m/libc.a(scanformat_.o) (__strtoul)
/Applications/FEH//Proteus/EWL/lib/armv7e-m/libc.a(__filll_mem.o)
                              /Applications/FEH//Proteus/EWL/lib/armv7e-m/libc.a(memset.o) (__fill_mem)
/Applications/FEH//Proteus/EWL/lib/armv7e-m/libc.a(memchr.o)
                              /Applications/FEH//Proteus/EWL/lib/armv7e-m/libc.a(printformat_.o) (memchr)
/Applications/FEH//Proteus/EWL/lib/armv7e-m/libc.a(strchr.o)
                              /Applications/FEH//Proteus/EWL/lib/armv7e-m/libc.a(printformat_.o) (strchr)
/Applications/FEH//Proteus/EWL/lib/armv7e-m/libc.a(strlen.o)
                              /Applications/FEH//Proteus/EWL/lib/armv7e-m/libc.a(printformat_.o) (strlen)
/Applications/FEH/Proteus/GCC/bin/../lib/gcc/arm-none-eabi/4.7.4/armv7e-m/libgcc.a(_arm_addsubdf3.o)
                              Libraries/FEHUtility.o (__aeabi_dadd)
/Applications/FEH/Proteus/GCC/bin/../lib/gcc/arm-none-eabi/4.7.4/armv7e-m/libgcc.a(_arm_muldivdf3.o)
                              ../main.o (__aeabi_dmul)
/Applications/FEH/Proteus/GCC/bin/../lib/gcc/arm-none-eabi/4.7.4/armv7e-m/libgcc.a(_arm_cmpdf2.o)
                              ../main.o (__aeabi_dcmplt)
/Applications/FEH/Proteus/GCC/bin/../lib/gcc/arm-none-eabi/4.7.4/armv7e-m/libgcc.a(_arm_fixdfsi.o)
                              Libraries/FEHMotor.o (__aeabi_d2iz)
/Applications/FEH/Proteus/GCC/bin/../lib/gcc/arm-none-eabi/4.7.4/armv7e-m/libgcc.a(_arm_fixunsdfsi.o)
                              Libraries/FEHUtility.o (__aeabi_d2uiz)
/Applications/FEH/Proteus/GCC/bin/../lib/gcc/arm-none-eabi/4.7.4/armv7e-m/libgcc.a(_arm_truncdfsf2.o)
                              Libraries/FEHIO.o (__aeabi_d2f)
/Applications/FEH/Proteus/GCC/bin/../lib/gcc/arm-none-eabi/4.7.4/armv7e-m/libgcc.a(_arm_addsubsf3.o)
                              ../main.o (__aeabi_fsub)
/Applications/FEH/Proteus/GCC/bin/../lib/gcc/arm-none-eabi/4.7.4/armv7e-m/libgcc.a(_arm_muldivsf3.o)
                              Drivers/mcg.o (__aeabi_fmul)
/Applications/FEH/Proteus/GCC/bin/../lib/gcc/arm-none-eabi/4.7.4/armv7e-m/libgcc.a(_arm_cmpsf2.o)
                              ../main.o (__aeabi_fcmpeq)
/Applications/FEH/Proteus/GCC/bin/../lib/gcc/arm-none-eabi/4.7.4/armv7e-m/libgcc.a(_arm_fixsfsi.o)
                              Libraries/FEHLCD.o (__aeabi_f2iz)
/Applications/FEH/Proteus/GCC/bin/../lib/gcc/arm-none-eabi/4.7.4/armv7e-m/libgcc.a(_arm_fixunssfsi.o)
                              Drivers/mcg.o (__aeabi_f2uiz)
/Applications/FEH//Proteus/EWL/lib/armv7e-m/librt.a(gcc_ctor_dtor.o)
                              Startup/__arm_start.o (__init_cpp)
/Applications/FEH//Proteus/EWL/lib/armv7e-m/librt.a(ROMCopy.o)
                              Startup/__arm_start.o (__copy_rom_sections_to_ram)
/Applications/FEH//Proteus/EWL/lib/armv7e-m/librt.a(__arm_eabi_init.o)
                              /Applications/FEH//Proteus/EWL/lib/armv7e-m/libc.a(exit.o) (__destroy_global_chain)
/Applications/FEH//Proteus/EWL/lib/armv7e-m/librt.a(New.o)
                              Libraries/FEHIO.o (operator new(unsigned int))
/Applications/FEH/Proteus/GCC/bin/../lib/gcc/arm-none-eabi/4.7.4/../../../../arm-none-eabi/lib/armv7e-m/libsupc++.a(class_type_info.o)
                              /Applications/FEH//Proteus/EWL/lib/armv7e-m/librt.a(New.o) (vtable for __cxxabiv1::__class_type_info)
/Applications/FEH/Proteus/GCC/bin/../lib/gcc/arm-none-eabi/4.7.4/../../../../arm-none-eabi/lib/armv7e-m/libsupc++.a(eh_alloc.o)
                              /Applications/FEH//Proteus/EWL/lib/armv7e-m/librt.a(New.o) (__cxa_allocate_exception)
/Applications/FEH/Proteus/GCC/bin/../lib/gcc/arm-none-eabi/4.7.4/../../../../arm-none-eabi/lib/armv7e-m/libsupc++.a(eh_arm.o)
[...]
Memory Configuration

Name             Origin             Length             Attributes
m_interrupts     0x000000000000c000 0x0000000000000400 xr
m_cfmprotrom     0x000000000000c400 0x0000000000000010 xr
m_text           0x000000000000c410 0x0000000000073bf0 xr
m_data           0x000000001fff0400 0x000000000000fc00 xrw
m_data2          0x0000000020000000 0x0000000000010000 xrw
*default*        0x0000000000000000 0xffffffffffffffff

Linker script and memory map

LOAD ../main.o
LOAD Startup/__arm_start.o
LOAD Startup/__arm_end.o
LOAD Startup/kinetis_sysinit.o
LOAD Libraries/FEHMotor.o
LOAD Drivers/mcg.o
LOAD Drivers/uart.o
LOAD Drivers/lptmr.o
LOAD FEHProteus.o
LOAD Drivers/FEHPropeller.o
LOAD Libraries/FEHUtility.o
LOAD Libraries/FEHIO.o
LOAD Drivers/adc16.o
LOAD Libraries/FEHBuzzer.o
LOAD Libraries/FEHServo.o
LOAD Libraries/FEHLCD.o
LOAD Libraries/FEHBattery.o
LOAD Drivers/FEHXBee.o
LOAD Libraries/FEHRPS.o
                0x0000000000012f80                __pformatter = __pformatter_
                [0x0000000000013378]                __sformatter = __sformatter
LOAD /Applications/FEH//Proteus/EWL/lib/armv7e-m/libstdc++.a
LOAD /Applications/FEH//Proteus/EWL/lib/armv7e-m/libm.a
START GROUP
LOAD /Applications/FEH//Proteus/EWL/lib/armv7e-m/libc.a
LOAD /Applications/FEH//Proteus/EWL/lib/armv7e-m/libc++.a
LOAD /Applications/FEH//Proteus/EWL/lib/armv7e-m/libm.a
LOAD /Applications/FEH/Proteus/GCC/bin/../lib/gcc/arm-none-eabi/4.7.4/armv7e-m/libgcc.a
LOAD /Applications/FEH//Proteus/EWL/lib/armv7e-m/librt.a
LOAD /Applications/FEH/Proteus/GCC/bin/../lib/gcc/arm-none-eabi/4.7.4/../../../../arm-none-eabi/lib/armv7e-m/libsupc++.a
END GROUP
                0x0000000020000000                _estack = 0x20000000
                0x0000000020000000                __SP_INIT = _estack
                0x0000000000000800                __heap_size = 0x800
                0x0000000000000800                __stack_size = 0x800

.interrupts     0x000000000000c000      0x1e0
                0x000000000000c000                __vector_table = .
                0x000000000000c000                . = ALIGN (0x4)
 *(.vectortable)
 .vectortable   0x000000000000c000      0x1e0 Startup/kinetis_sysinit.o
                0x000000000000c1e0                . = ALIGN (0x4)

.cfmprotect     0x000000000000c400        0x0
                0x000000000000c400                . = ALIGN (0x4)
 *(.cfmconfig)
                0x000000000000c400                . = ALIGN (0x4)

.text           0x000000000000c410     0x7fdc
                0x000000000000c410                . = ALIGN (0x4)
 *(.text)
 .text          0x000000000000c410      0x370 /Applications/FEH/Proteus/GCC/bin/../lib/gcc/arm-none-eabi/4.7.4/armv7e-m/libgcc.a(_arm_addsubdf3.o)
                0x000000000000c410                __aeabi_drsub
                0x000000000000c418                __subdf3
                0x000000000000c418                __aeabi_dsub
                0x000000000000c41c                __aeabi_dadd
                0x000000000000c41c                __adddf3
                0x000000000000c694                __aeabi_ui2d
                0x000000000000c694                __floatunsidf
                0x000000000000c6b4                __floatsidf
                0x000000000000c6b4                __aeabi_i2d
                0x000000000000c6d8                __extendsfdf2
                0x000000000000c6d8                __aeabi_f2d
                0x000000000000c714                __aeabi_ul2d
                0x000000000000c714                __floatundidf
                0x000000000000c724                __aeabi_l2d
                0x000000000000c724                __floatdidf
 .text          0x000000000000c780      0x424 /Applications/FEH/Proteus/GCC/bin/../lib/gcc/arm-none-eabi/4.7.4/armv7e-m/libgcc.a(_arm_muldivdf3.o)
                0x000000000000c780                __aeabi_dmul
                0x000000000000c780                __muldf3
                0x000000000000c9d4                __aeabi_ddiv
                0x000000000000c9d4                __divdf3
 .text          0x000000000000cba4      0x110 /Applications/FEH/Proteus/GCC/bin/../lib/gcc/arm-none-eabi/4.7.4/armv7e-m/libgcc.a(_arm_cmpdf2.o)
                0x000000000000cba4                __gtdf2
                0x000000000000cba4                __gedf2
                0x000000000000cbac                __ltdf2
                0x000000000000cbac                __ledf2
                0x000000000000cbb4                __eqdf2
                0x000000000000cbb4                __nedf2
                0x000000000000cbb4                __cmpdf2
                0x000000000000cc30                __aeabi_cdrcmple
                0x000000000000cc40                __aeabi_cdcmple
                0x000000000000cc40                __aeabi_cdcmpeq
                0x000000000000cc50                __aeabi_dcmpeq
                0x000000000000cc64                __aeabi_dcmplt
                0x000000000000cc78                __aeabi_dcmple
                0x000000000000cc8c                __aeabi_dcmpge
                0x000000000000cca0                __aeabi_dcmpgt
 .text          0x000000000000ccb4       0x50 /Applications/FEH/Proteus/GCC/bin/../lib/gcc/arm-none-eabi/4.7.4/armv7e-m/libgcc.a(_arm_fixdfsi.o)
                0x000000000000ccb4                __fixdfsi
                0x000000000000ccb4                __aeabi_d2iz
 .text          0x000000000000cd04      0x21c /Applications/FEH/Proteus/GCC/bin/../lib/gcc/arm-none-eabi/4.7.4/armv7e-m/libgcc.a(_arm_addsubsf3.o)
                0x000000000000cd04                __aeabi_frsub
                0x000000000000cd0c                __aeabi_fsub
                0x000000000000cd0c                __subsf3
                0x000000000000cd10                __aeabi_fadd
                0x000000000000cd10                __addsf3
                0x000000000000ce70                __aeabi_ui2f
                0x000000000000ce70                __floatunsisf
                0x000000000000ce78                __floatsisf
                0x000000000000ce78                __aeabi_i2f
                0x000000000000ce94                __aeabi_ul2f
                0x000000000000ce94                __floatundisf
                0x000000000000cea4                __aeabi_l2f
                0x000000000000cea4                __floatdisf
 .text          0x000000000000cf20      0x2a0 /Applications/FEH/Proteus/GCC/bin/../lib/gcc/arm-none-eabi/4.7.4/armv7e-m/libgcc.a(_arm_muldivsf3.o)
                0x000000000000cf20                __mulsf3
                0x000000000000cf20                __aeabi_fmul
                0x000000000000d088                __divsf3
                0x000000000000d088                __aeabi_fdiv
 .text          0x000000000000d1c0       0xec /Applications/FEH/Proteus/GCC/bin/../lib/gcc/arm-none-eabi/4.7.4/armv7e-m/libgcc.a(_arm_cmpsf2.o)
                0x000000000000d1c0                __gesf2
                0x000000000000d1c0                __gtsf2
                0x000000000000d1c8                __ltsf2
                0x000000000000d1c8                __lesf2
                0x000000000000d1d0                __nesf2
                0x000000000000d1d0                __eqsf2
                0x000000000000d1d0                __cmpsf2
                0x000000000000d230                __aeabi_cfrcmple
                0x000000000000d238                __aeabi_cfcmpeq
                0x000000000000d238                __aeabi_cfcmple
                0x000000000000d248                __aeabi_fcmpeq
                0x000000000000d25c                __aeabi_fcmplt
                0x000000000000d270                __aeabi_fcmple
                0x000000000000d284                __aeabi_fcmpge
                0x000000000000d298                __aeabi_fcmpgt
 .text          0x000000000000d2ac       0x4c /Applications/FEH/Proteus/GCC/bin/../lib/gcc/arm-none-eabi/4.7.4/armv7e-m/libgcc.a(_arm_fixsfsi.o)
                0x000000000000d2ac                __fixsfsi
                0x000000000000d2ac                __aeabi_f2iz
 *(.text*)
 .text._Z12move_forwardii
                0x000000000000d2f8       0xfc ../main.o
                0x000000000000d2f8                move_forward(int, int)
 .text._Z9turn_leftii
                0x000000000000d3f4      0x108 ../main.o
                0x000000000000d3f4                turn_left(int, int)
 .text._Z12check_x_plusf
                0x000000000000d4fc      0x1bc ../main.o
                0x000000000000d4fc                check_x_plus(float)
 .text._Z13check_y_minusf
                0x000000000000d6b8      0x1bc ../main.o
                0x000000000000d6b8                check_y_minus(float)
 .text._Z12check_y_plusf
                0x000000000000d874      0x1bc ../main.o
                0x000000000000d874                check_y_plus(float)
 .text._Z13check_headingf
                0x000000000000da30      0x1bc ../main.o
                0x000000000000da30                check_heading(float)
 .text.main     0x000000000000dbec      0x178 ../main.o
                0x000000000000dbec                main
 .text._Z41__static_initialization_and_destruction_0ii
                0x000000000000dd64       0x74 ../main.o
 .text._GLOBAL__sub_I_buttons
                0x000000000000ddd8       0x14 ../main.o
 .text.zero_fill_bss
                0x000000000000ddec       0x2c Startup/__arm_start.o
 .text.__thumb_startup
                0x000000000000de18       0x34 Startup/__arm_start.o
                0x000000000000de18                __thumb_startup
 .text.InitFEHProteus
                0x000000000000de4c      0x15c Startup/__arm_start.o
                0x000000000000de4c                InitFEHProteus
 .text.pll_init_bl
                0x000000000000dfa8      0x130 Startup/__arm_start.o
 .text.InitPowerButton
                0x000000000000e0d8       0x90 Startup/__arm_start.o
                0x000000000000e0d8                InitPowerButton
 .text._ExitProcess
                0x000000000000e168        0xc Startup/__arm_end.o
                0x000000000000e168                _ExitProcess
 .text.Default_Handler
                0x000000000000e174        0xc Startup/kinetis_sysinit.o
                0x000000000000e174                UsageFault_Handler()
                0x000000000000e174                HardFault_Handler()
                0x000000000000e174                SysTick_Handler()
                0x000000000000e174                PendSV_Handler()
                0x000000000000e174                DebugMonitor_Handler()
                0x000000000000e174                MemManage_Handler()
                0x000000000000e174                NMI_Handler()
                0x000000000000e174                SVC_Handler()
                0x000000000000e174                Default_Handler
                0x000000000000e174                BusFault_Handler()
 .text.__init_hardware
                0x000000000000e180       0x44 Startup/kinetis_sysinit.o
                0x000000000000e180                __init_hardware
 .text._Z8PortDISRv
                0x000000000000e1c4       0x5c Startup/kinetis_sysinit.o
                0x000000000000e1c4                PortDISR()
 .text._ZN8FEHMotorC2ENS_12FEHMotorPortE
                0x000000000000e220       0x28 Libraries/FEHMotor.o
                0x000000000000e220                FEHMotor::FEHMotor(FEHMotor::FEHMotorPort)
                0x000000000000e220                FEHMotor::FEHMotor(FEHMotor::FEHMotorPort)
 .text._ZN8FEHMotor4StopEv
                0x000000000000e248       0x3c Libraries/FEHMotor.o
                0x000000000000e248                FEHMotor::Stop()
 *fill*         0x000000000000e284        0x4 00
 .text._ZN8FEHMotor10SetPercentEf
                0x000000000000e288       0xc8 Libraries/FEHMotor.o
                0x000000000000e288                FEHMotor::SetPercent(float)
 .text._Z9uart_initPV11UART_MemMapii
                0x000000000000e350      0x20c Drivers/uart.o
                0x000000000000e350                uart_init(UART_MemMap volatile*, int, int)
 .text._Z12uart_getcharPV11UART_MemMap
                0x000000000000e55c       0x34 Drivers/uart.o
                0x000000000000e55c                uart_getchar(UART_MemMap volatile*)
 .text._Z12uart_putcharPV11UART_MemMapc
                0x000000000000e590       0x38 Drivers/uart.o
                0x000000000000e590                uart_putchar(UART_MemMap volatile*, char)
 .text._Z13time_delay_msm
                0x000000000000e5c8       0xa4 Drivers/lptmr.o
                0x000000000000e5c8                time_delay_ms(unsigned long)
 .text._Z41__static_initialization_and_destruction_0ii
                0x000000000000e66c       0x30 FEHProteus.o
 .text._GLOBAL__sub_I_Propeller
                0x000000000000e69c       0x14 FEHProteus.o
 .text._ZN12FEHPropellerC2Ev
                0x000000000000e6b0       0x20 Drivers/FEHPropeller.o
                0x000000000000e6b0                FEHPropeller::FEHPropeller()
                0x000000000000e6b0                FEHPropeller::FEHPropeller()
 .text._ZN12FEHPropeller10InitializeEv
                0x000000000000e6d0       0x94 Drivers/FEHPropeller.o
                0x000000000000e6d0                FEHPropeller::Initialize()
 .text._ZN12FEHPropeller12SetMotorRateEhhh
                0x000000000000e764       0x78 Drivers/FEHPropeller.o
                0x000000000000e764                FEHPropeller::SetMotorRate(unsigned char, unsigned char, unsigned char)
 .text._ZL5Delaymjj
                0x000000000000e7dc       0xc0 Libraries/FEHUtility.o
 .text._Z5Sleepi
                0x000000000000e89c       0x34 Libraries/FEHUtility.o
                0x000000000000e89c                Sleep(int)
 .text._Z11TimeNowMSecv
                0x000000000000e8d0       0x44 Libraries/FEHUtility.o
                0x000000000000e8d0                TimeNowMSec()
 .text._ZN15DigitalInputPinC2Ev
                0x000000000000e914       0x18 Libraries/FEHIO.o
                0x000000000000e914                DigitalInputPin::DigitalInputPin()
                0x000000000000e914                DigitalInputPin::DigitalInputPin()
 .text._ZN15DigitalInputPin10InitializeEN5FEHIO8FEHIOPinE
                0x000000000000e92c      0x21c Libraries/FEHIO.o
                0x000000000000e92c                DigitalInputPin::Initialize(FEHIO::FEHIOPin)
 .text._ZN15DigitalInputPin5ValueEv
                0x000000000000eb48      0x13c Libraries/FEHIO.o
                0x000000000000eb48                DigitalInputPin::Value()
 .text._ZN14DigitalEncoderC2EN5FEHIO8FEHIOPinE
                0x000000000000ec84       0x2c Libraries/FEHIO.o
                0x000000000000ec84                DigitalEncoder::DigitalEncoder(FEHIO::FEHIOPin)
                0x000000000000ec84                DigitalEncoder::DigitalEncoder(FEHIO::FEHIOPin)
 .text._Z10enable_irqi
                0x000000000000ecb0      0x1c0 Libraries/FEHIO.o
                0x000000000000ecb0                enable_irq(int)
 .text._ZN14DigitalEncoder10InitializeEN5FEHIO8FEHIOPinENS0_21FEHIOInterruptTriggerE
                0x000000000000ee70      0x21c Libraries/FEHIO.o
                0x000000000000ee70                DigitalEncoder::Initialize(FEHIO::FEHIOPin, FEHIO::FEHIOInterruptTrigger)
 .text._Z9portB_isrv
                0x000000000000f08c       0xd0 Libraries/FEHIO.o
                0x000000000000f08c                portB_isr()
 .text._Z9portC_isrv
                0x000000000000f15c       0xd4 Libraries/FEHIO.o
                0x000000000000f15c                portC_isr()
 .text._Z9portA_isrv
                0x000000000000f230       0xd4 Libraries/FEHIO.o
                0x000000000000f230                portA_isr()
 .text._Z9portE_isrv
                0x000000000000f304       0xcc Libraries/FEHIO.o
                0x000000000000f304                portE_isr()
 .text._ZN14DigitalEncoder6CountsEv
                0x000000000000f3d0       0x28 Libraries/FEHIO.o
                0x000000000000f3d0                DigitalEncoder::Counts()
 .text._ZN14DigitalEncoder11ResetCountsEv
                0x000000000000f3f8       0x28 Libraries/FEHIO.o
                0x000000000000f3f8                DigitalEncoder::ResetCounts()
 .text._ZN14AnalogInputPinC2EN5FEHIO8FEHIOPinE
                0x000000000000f420       0x20 Libraries/FEHIO.o
                0x000000000000f420                AnalogInputPin::AnalogInputPin(FEHIO::FEHIOPin)
                0x000000000000f420                AnalogInputPin::AnalogInputPin(FEHIO::FEHIOPin)
 .text._ZN10FEHEncoder12EncoderValueEv
                0x000000000000f440       0xe4 Libraries/FEHIO.o
                0x000000000000f440                FEHEncoder::EncoderValue()
 .text._ZN14AnalogInputPin8InitADCsEv
                0x000000000000f524      0x120 Libraries/FEHIO.o
                0x000000000000f524                AnalogInputPin::InitADCs()
 .text._Z8pit0_isrv
                0x000000000000f644       0x34 Libraries/FEHIO.o
                0x000000000000f644                pit0_isr()
 .text._ZN10FEHEncoder4InitEv
                0x000000000000f678       0x64 Libraries/FEHIO.o
                0x000000000000f678                FEHEncoder::Init()
 .text._ZN10FEHEncoder14SetCounterInitEj
                0x000000000000f6dc       0x20 Libraries/FEHIO.o
                0x000000000000f6dc                FEHEncoder::SetCounterInit(unsigned int)
 .text._ZN10FEHEncoder10ProcessIntEv
                0x000000000000f6fc       0x80 Libraries/FEHIO.o
                0x000000000000f6fc                FEHEncoder::ProcessInt()
 .text._ZN10FEHEncoder14ProcessIntSelfEv
                0x000000000000f77c       0x80 Libraries/FEHIO.o
                0x000000000000f77c                FEHEncoder::ProcessIntSelf()
 .text._ZN11ButtonBoardC2EN5FEHIO9FEHIOPortE
                0x000000000000f7fc      0x10c Libraries/FEHIO.o
                0x000000000000f7fc                ButtonBoard::ButtonBoard(FEHIO::FEHIOPort)
                0x000000000000f7fc                ButtonBoard::ButtonBoard(FEHIO::FEHIOPort)
 .text._ZN11ButtonBoard11LeftPressedEv
                0x000000000000f908       0x24 Libraries/FEHIO.o
                0x000000000000f908                ButtonBoard::LeftPressed()
 .text._ZN11ButtonBoard13MiddlePressedEv
                0x000000000000f92c       0x28 Libraries/FEHIO.o
                0x000000000000f92c                ButtonBoard::MiddlePressed()
 .text._ZN11ButtonBoard12RightPressedEv
                0x000000000000f954       0x28 Libraries/FEHIO.o
                0x000000000000f954                ButtonBoard::RightPressed()
 .text._Z7ADC_CalPV10ADC_MemMap
                0x000000000000f97c      0x138 Drivers/adc16.o
                0x000000000000f97c                ADC_Cal(ADC_MemMap volatile*)
 .text._Z14ADC_Config_AltPV10ADC_MemMapP7adc_cfg
                0x000000000000fab4       0x6c Drivers/adc16.o
                0x000000000000fab4                ADC_Config_Alt(ADC_MemMap volatile*, adc_cfg*)
 .text._ZN9FEHBuzzerC2Ev
                0x000000000000fb20       0x18 Libraries/FEHBuzzer.o
                0x000000000000fb20                FEHBuzzer::FEHBuzzer()
                0x000000000000fb20                FEHBuzzer::FEHBuzzer()
 .text._Z41__static_initialization_and_destruction_0ii
                0x000000000000fb38       0x30 Libraries/FEHBuzzer.o
 .text._GLOBAL__sub_I_Buzzer
                0x000000000000fb68       0x14 Libraries/FEHBuzzer.o
 .text._ZN6FEHLCD11_InitializeEv
                0x000000000000fb7c      0x5bc Libraries/FEHLCD.o
                0x000000000000fb7c                FEHLCD::_Initialize()
 .text._ZN6FEHLCDC2Ev
                0x0000000000010138       0x64 Libraries/FEHLCD.o
                0x0000000000010138                FEHLCD::FEHLCD()
                0x0000000000010138                FEHLCD::FEHLCD()
 .text._ZN6FEHLCD10InitializeEv
                0x000000000001019c       0x38 Libraries/FEHLCD.o
                0x000000000001019c                FEHLCD::Initialize()
 .text._ZN6FEHLCD10PrintImageEii
                0x00000000000101d4       0xf4 Libraries/FEHLCD.o
                0x00000000000101d4                FEHLCD::PrintImage(int, int)
 .text._ZN6FEHLCD22ConvertFEHColorTo24BitENS_11FEHLCDColorE
                0x00000000000102c8       0x80 Libraries/FEHLCD.o
                0x00000000000102c8                FEHLCD::ConvertFEHColorTo24Bit(FEHLCD::FEHLCDColor)
 .text._ZN6FEHLCD24Convert24BitColorTo16BitEj
                0x0000000000010348       0x40 Libraries/FEHLCD.o
                0x0000000000010348                FEHLCD::Convert24BitColorTo16Bit(unsigned int)
 .text._ZN6FEHLCD22ConvertRGBColorTo16BitEhhh
                0x0000000000010388       0x44 Libraries/FEHLCD.o
                0x0000000000010388                FEHLCD::ConvertRGBColorTo16Bit(unsigned char, unsigned char, unsigned char)
 .text._ZN6FEHLCD5ClearENS_11FEHLCDColorE
                0x00000000000103cc       0x28 Libraries/FEHLCD.o
                0x00000000000103cc                FEHLCD::Clear(FEHLCD::FEHLCDColor)
 .text._ZN6FEHLCD5ClearEj
                0x00000000000103f4       0x2c Libraries/FEHLCD.o
                0x00000000000103f4                FEHLCD::Clear(unsigned int)
 .text._ZN6FEHLCD5ClearEv
                0x0000000000010420       0x18 Libraries/FEHLCD.o
                0x0000000000010420                FEHLCD::Clear()
 .text._ZN6FEHLCD18SetBackgroundColorENS_11FEHLCDColorE
                0x0000000000010438       0x28 Libraries/FEHLCD.o
                0x0000000000010438                FEHLCD::SetBackgroundColor(FEHLCD::FEHLCDColor)
 .text._ZN6FEHLCD18SetBackgroundColorEj
                0x0000000000010460       0x28 Libraries/FEHLCD.o
                0x0000000000010460                FEHLCD::SetBackgroundColor(unsigned int)
 .text._ZN6FEHLCD12SetFontColorENS_11FEHLCDColorE
                0x0000000000010488       0x28 Libraries/FEHLCD.o
                0x0000000000010488                FEHLCD::SetFontColor(FEHLCD::FEHLCDColor)
 .text._ZN6FEHLCD12SetFontColorEj
                0x00000000000104b0       0x28 Libraries/FEHLCD.o
                0x00000000000104b0                FEHLCD::SetFontColor(unsigned int)
 .text._ZN6FEHLCD7WriteAtEPKcii
                0x00000000000104d8       0x58 Libraries/FEHLCD.o
                0x00000000000104d8                FEHLCD::WriteAt(char const*, int, int)
 .text._ZN6FEHLCD5WriteEPKc
                0x0000000000010530       0x5c Libraries/FEHLCD.o
                0x0000000000010530                FEHLCD::Write(char const*)
 .text._ZN6FEHLCD5WriteEi
                0x000000000001058c       0x34 Libraries/FEHLCD.o
                0x000000000001058c                FEHLCD::Write(int)
 .text._ZN6FEHLCD5WriteEf
                0x00000000000105c0       0xd0 Libraries/FEHLCD.o
                0x00000000000105c0                FEHLCD::Write(float)
 .text._ZN6FEHLCD5WriteEc
                0x0000000000010690       0x30 Libraries/FEHLCD.o
                0x0000000000010690                FEHLCD::Write(char)
 .text._ZN6FEHLCD9WriteLineEPKc
                0x00000000000106c0       0x28 Libraries/FEHLCD.o
                0x00000000000106c0                FEHLCD::WriteLine(char const*)
 .text._ZN6FEHLCD9WriteLineEi
                0x00000000000106e8       0x28 Libraries/FEHLCD.o
                0x00000000000106e8                FEHLCD::WriteLine(int)
 .text._ZN6FEHLCD9WriteLineEf
                0x0000000000010710       0x28 Libraries/FEHLCD.o
                0x0000000000010710                FEHLCD::WriteLine(float)
 .text._ZN6FEHLCD9WriteLineEc
                0x0000000000010738       0x2c Libraries/FEHLCD.o
                0x0000000000010738                FEHLCD::WriteLine(char)
 .text._ZN6FEHLCD10WriteIndexEh
                0x0000000000010764      0x26c Libraries/FEHLCD.o
                0x0000000000010764                FEHLCD::WriteIndex(unsigned char)
 .text._ZN6FEHLCD14WriteParameterEh
                0x00000000000109d0      0x238 Libraries/FEHLCD.o
                0x00000000000109d0                FEHLCD::WriteParameter(unsigned char)
 .text._ZN6FEHLCD6_ClearEv
                0x0000000000010c08      0x21c Libraries/FEHLCD.o
                0x0000000000010c08                FEHLCD::_Clear()
 .text._ZN6FEHLCD8NextLineEv
                0x0000000000010e24       0x30 Libraries/FEHLCD.o
                0x0000000000010e24                FEHLCD::NextLine()
 .text._ZN6FEHLCD9CheckLineEv
                0x0000000000010e54       0x2c Libraries/FEHLCD.o
                0x0000000000010e54                FEHLCD::CheckLine()
 .text._ZN6FEHLCD8NextCharEv
                0x0000000000010e80       0x34 Libraries/FEHLCD.o
                0x0000000000010e80                FEHLCD::NextChar()
 .text._ZN6FEHLCD13SetDrawRegionEiiii
                0x0000000000010eb4      0x10c Libraries/FEHLCD.o
                0x0000000000010eb4                FEHLCD::SetDrawRegion(int, int, int, int)
 .text._ZN6FEHLCD9WriteCharEiic
                0x0000000000010fc0       0x40 Libraries/FEHLCD.o
                0x0000000000010fc0                FEHLCD::WriteChar(int, int, char)
 .text._ZN6FEHLCD11WriteCharAtEiic
                0x0000000000011000      0x288 Libraries/FEHLCD.o
                0x0000000000011000                FEHLCD::WriteCharAt(int, int, char)
 .text._ZN6FEHLCD11RepeatColorEv
                0x0000000000011288       0xbc Libraries/FEHLCD.o
                0x0000000000011288                FEHLCD::RepeatColor()
 .text._ZN6FEHLCD10_ForePixelEv
                0x0000000000011344      0x154 Libraries/FEHLCD.o
                0x0000000000011344                FEHLCD::_ForePixel()
 .text._ZN6FEHLCD10_BackPixelEv
                0x0000000000011498      0x154 Libraries/FEHLCD.o
                0x0000000000011498                FEHLCD::_BackPixel()
 .text._ZN6FEHLCD22SetRegisterColorValuesEv
                0x00000000000115ec      0x478 Libraries/FEHLCD.o
                0x00000000000115ec                FEHLCD::SetRegisterColorValues()
 .text._Z41__static_initialization_and_destruction_0ii
                0x0000000000011a64       0x30 Libraries/FEHLCD.o
 .text._GLOBAL__sub_I_image
                0x0000000000011a94       0x14 Libraries/FEHLCD.o
 .text._ZN10FEHBatteryC2EN5FEHIO8FEHIOPinE
                0x0000000000011aa8       0x24 Libraries/FEHBattery.o
                0x0000000000011aa8                FEHBattery::FEHBattery(FEHIO::FEHIOPin)
                0x0000000000011aa8                FEHBattery::FEHBattery(FEHIO::FEHIOPin)
 .text._Z41__static_initialization_and_destruction_0ii
                0x0000000000011acc       0x34 Libraries/FEHBattery.o
 .text._GLOBAL__sub_I_Battery
                0x0000000000011b00       0x14 Libraries/FEHBattery.o
 .text._ZN7FEHXBeeC2Ev
                0x0000000000011b14       0x20 Drivers/FEHXBee.o
                0x0000000000011b14                FEHXBee::FEHXBee()
                0x0000000000011b14                FEHXBee::FEHXBee()
 .text._ZN7FEHXBee10InitializeEv
                0x0000000000011b34      0x148 Drivers/FEHXBee.o
                0x0000000000011b34                FEHXBee::Initialize()
 .text._ZN7FEHXBee13IsInitializedEv
                0x0000000000011c7c       0x18 Drivers/FEHXBee.o
                0x0000000000011c7c                FEHXBee::IsInitialized()
 .text._ZN7FEHXBee17ReceiveDataSearchEPcjh
                0x0000000000011c94       0xb4 Drivers/FEHXBee.o
                0x0000000000011c94                FEHXBee::ReceiveDataSearch(char*, unsigned int, unsigned char)
 .text._ZN7FEHXBee8SendDataEPcj
                0x0000000000011d48       0x50 Drivers/FEHXBee.o
                0x0000000000011d48                FEHXBee::SendData(char*, unsigned int)
 .text._ZN7FEHXBee17SetPacketCallBackEPFvPhhE
                0x0000000000011d98       0x20 Drivers/FEHXBee.o
                0x0000000000011d98                FEHXBee::SetPacketCallBack(void (*)(unsigned char*, unsigned char))
 .text._Z9UART0_ISRv
                0x0000000000011db8      0x174 Drivers/FEHXBee.o
                0x0000000000011db8                UART0_ISR()
 .text._ZN6FEHRPSC2Ev
                0x0000000000011f2c       0x88 Libraries/FEHRPS.o
                0x0000000000011f2c                FEHRPS::FEHRPS()
                0x0000000000011f2c                FEHRPS::FEHRPS()
 .text._ZN6FEHRPS14InitializeMenuEv
                0x0000000000011fb4      0x1cc Libraries/FEHRPS.o
                0x0000000000011fb4                FEHRPS::InitializeMenu()
 .text._ZN6FEHRPS10InitializeEi
                0x0000000000012180      0x894 Libraries/FEHRPS.o
                0x0000000000012180                FEHRPS::Initialize(int)
 .text._ZN6FEHRPS10InitializeEc
                0x0000000000012a14       0x4c Libraries/FEHRPS.o
                0x0000000000012a14                FEHRPS::Initialize(char)
 .text._ZN6FEHRPS19CurrentRegionLetterEv
                0x0000000000012a60       0x20 Libraries/FEHRPS.o
                0x0000000000012a60                FEHRPS::CurrentRegionLetter()
 .text._ZN6FEHRPS13WaitForPacketEv
                0x0000000000012a80       0x74 Libraries/FEHRPS.o
                0x0000000000012a80                FEHRPS::WaitForPacket()
 .text._ZN6FEHRPS1XEv
                0x0000000000012af4       0x20 Libraries/FEHRPS.o
                0x0000000000012af4                FEHRPS::X()
 .text._ZN6FEHRPS1YEv
                0x0000000000012b14       0x20 Libraries/FEHRPS.o
                0x0000000000012b14                FEHRPS::Y()
 .text._ZN6FEHRPS7HeadingEv
                0x0000000000012b34       0x20 Libraries/FEHRPS.o
                0x0000000000012b34                FEHRPS::Heading()
 .text._Z14RPSDataProcessPhh
                0x0000000000012b54      0x180 Libraries/FEHRPS.o
                0x0000000000012b54                RPSDataProcess(unsigned char*, unsigned char)
 .text._Z41__static_initialization_and_destruction_0ii
                0x0000000000012cd4       0x30 Libraries/FEHRPS.o
 .text._GLOBAL__sub_I_RPS
                0x0000000000012d04       0x14 Libraries/FEHRPS.o
 .text.sprintf  0x0000000000012d18       0x1c /Applications/FEH//Proteus/EWL/lib/armv7e-m/libc.a(sprintf.o)
                0x0000000000012d18                sprintf
 .text.__StringWrite
                0x0000000000012d34       0x2a /Applications/FEH//Proteus/EWL/lib/armv7e-m/libc.a(vsnprintf.o)
                0x0000000000012d34                __StringWrite
 *fill*         0x0000000000012d5e        0x2 00
 .text.vsnprintf
                0x0000000000012d60       0x34 /Applications/FEH//Proteus/EWL/lib/armv7e-m/libc.a(vsnprintf.o)
                0x0000000000012d60                vsnprintf
 .text.exit     0x0000000000012d94       0x38 /Applications/FEH//Proteus/EWL/lib/armv7e-m/libc.a(exit.o)
                0x0000000000012d94                exit
 .text.memcpy   0x0000000000012dcc       0x12 /Applications/FEH//Proteus/EWL/lib/armv7e-m/libc.a(memcpy.o)
                0x0000000000012dcc                memcpy
 .text.memset   0x0000000000012dde        0xc /Applications/FEH//Proteus/EWL/lib/armv7e-m/libc.a(memset.o)
                0x0000000000012dde                memset
 .text.long2str.isra.0
                0x0000000000012dea      0x196 /Applications/FEH//Proteus/EWL/lib/armv7e-m/libc.a(printformat_.o)
 .text.__pformatter_
                0x0000000000012f80      0x3f8 /Applications/FEH//Proteus/EWL/lib/armv7e-m/libc.a(printformat_.o)
                0x0000000000012f80                __pformatter_
 .text.__sformatter
                0x0000000000013378      0x6f4 /Applications/FEH//Proteus/EWL/lib/armv7e-m/libc.a(scanformat_.o)
                0x0000000000013378                __sformatter
 .text.isalpha  0x0000000000013a6c       0x1c /Applications/FEH//Proteus/EWL/lib/armv7e-m/libc.a(ctype_aeabi.o)
                0x0000000000013a6c                isalpha
 .text.isspace  0x0000000000013a88       0x1c /Applications/FEH//Proteus/EWL/lib/armv7e-m/libc.a(ctype_aeabi.o)
                0x0000000000013a88                isspace
 .text.toupper  0x0000000000013aa4        0xc /Applications/FEH//Proteus/EWL/lib/armv7e-m/libc.a(ctype_aeabi.o)
                0x0000000000013aa4                toupper
 .text.__strtoul
                0x0000000000013ab0      0x214 /Applications/FEH//Proteus/EWL/lib/armv7e-m/libc.a(__strtoul.o)
                0x0000000000013ab0                __strtoul
 .text.__fill_mem
                0x0000000000013cc4       0x76 /Applications/FEH//Proteus/EWL/lib/armv7e-m/libc.a(__filll_mem.o)
                0x0000000000013cc4                __fill_mem
 .text.memchr   0x0000000000013d3a       0x18 /Applications/FEH//Proteus/EWL/lib/armv7e-m/libc.a(memchr.o)
                0x0000000000013d3a                memchr
 .text.strchr   0x0000000000013d52       0x1a /Applications/FEH//Proteus/EWL/lib/armv7e-m/libc.a(strchr.o)
                0x0000000000013d52                strchr
 .text.strlen   0x0000000000013d6c       0x10 /Applications/FEH//Proteus/EWL/lib/armv7e-m/libc.a(strlen.o)
                0x0000000000013d6c                strlen
 .text.__init_cpp
                0x0000000000013d7c       0x4c /Applications/FEH//Proteus/EWL/lib/armv7e-m/librt.a(gcc_ctor_dtor.o)
                0x0000000000013d7c                __init_cpp
 .text.__fini_cpp
                0x0000000000013dc8       0x34 /Applications/FEH//Proteus/EWL/lib/armv7e-m/librt.a(gcc_ctor_dtor.o)
                0x0000000000013dc8                __fini_cpp
 .text.__copy_rom_section
                0x0000000000013dfc       0x44 /Applications/FEH//Proteus/EWL/lib/armv7e-m/librt.a(ROMCopy.o)
                0x0000000000013dfc                __copy_rom_section
 .text.__copy_rom_sections_to_ram
                0x0000000000013e40       0x30 /Applications/FEH//Proteus/EWL/lib/armv7e-m/librt.a(ROMCopy.o)
                0x0000000000013e40                __copy_rom_sections_to_ram
 .text.__destroy_global_chain
                0x0000000000013e70       0x18 /Applications/FEH//Proteus/EWL/lib/armv7e-m/librt.a(__arm_eabi_init.o)
                0x0000000000013e70                __destroy_global_chain
 .text.__init_registers
                0x0000000000013e88       0x24 /Applications/FEH//Proteus/EWL/lib/armv7e-m/librt.a(__arm_eabi_init.o)
                0x0000000000013e88                __init_registers
 .text.__init_user
                0x0000000000013eac        0x4 /Applications/FEH//Proteus/EWL/lib/armv7e-m/librt.a(__arm_eabi_init.o)
                0x0000000000013eac                __init_user
 *(.rodata)
 .rodata        0x0000000000013eb0       0xa4 ../main.o
 .rodata        0x0000000000013f54       0x78 Libraries/FEHIO.o
 .rodata        0x0000000000013fcc       0x34 Libraries/FEHLCD.o
 .rodata        0x0000000000014000      0x198 Libraries/FEHRPS.o
 *(.rodata*)
 .rodata._ZL9GPIOPorts
                0x0000000000014198       0x20 Libraries/FEHIO.o
 .rodata._ZL10ADCNumbers
                0x00000000000141b8       0x24 Libraries/FEHIO.o
 .rodata._ZL14GPIOPinNumbers
                0x00000000000141dc       0x80 Libraries/FEHIO.o
 .rodata._ZL16AnalogPinNumbers
                0x000000000001425c       0x84 Libraries/FEHIO.o
 .rodata.str1.1
                0x00000000000142e0        0x1 /Applications/FEH//Proteus/EWL/lib/armv7e-m/libc.a(printformat_.o)
 .rodata.CSWTCH.20
                0x00000000000142e1        0x5 /Applications/FEH//Proteus/EWL/lib/armv7e-m/libc.a(printformat_.o)
 .rodata.CSWTCH.21
                0x00000000000142e6        0x5 /Applications/FEH//Proteus/EWL/lib/armv7e-m/libc.a(printformat_.o)
 .rodata.__aeabi_ctype_table_C
                0x00000000000142eb      0x101 /Applications/FEH//Proteus/EWL/lib/armv7e-m/libc.a(ctype_aeabi.o)
                0x00000000000142eb                __aeabi_ctype_table_C
 *(.glue_7)
 .glue_7        0x0000000000000000        0x0 linker stubs
 *(.glue_7t)
 .glue_7t       0x0000000000000000        0x0 linker stubs
 *(.eh_frame)
 *(.init)
 *(.fini)
                0x00000000000143ec                . = ALIGN (0x4)
                0x00000000000143ec                _etext = .

.vfp11_veneer   0x00000000000143ec        0x0
 .vfp11_veneer  0x0000000000000000        0x0 linker stubs

.v4_bx          0x00000000000143ec        0x0
 .v4_bx         0x0000000000000000        0x0 linker stubs

.iplt           0x00000000000143ec        0x0
 .iplt          0x0000000000000000        0x0 ../main.o

.rel.dyn        0x00000000000143ec        0x0
 .rel.iplt      0x0000000000000000        0x0 ../main.o

.ARM.extab
 *(.ARM.extab* .gnu.linkonce.armextab.*)

.ARM            0x00000000000143ec        0x0
                0x00000000000143ec                __exidx_start = .
 *(.ARM.exidx*)
                0x00000000000143ec                __exidx_end = .

.ctors          0x00000000000143ec        0x0
                0x00000000000143ec                __CTOR_LIST__ = .
 *crtbegin.o(.ctors)
 *(EXCLUDE_FILE(*crtend.o) .ctors)
 *(SORT(.ctors.*))
 *(.ctors)
                0x00000000000143ec                __CTOR_END__ = .

.dtors          0x00000000000143ec        0x0
                0x00000000000143ec                __DTOR_LIST__ = .
 *crtbegin.o(.dtors)
 *(EXCLUDE_FILE(*crtend.o) .dtors)
 *(SORT(.dtors.*))
 *(.dtors)
                0x00000000000143ec                __DTOR_END__ = .

.preinit_array  0x00000000000143ec        0x0
                0x00000000000143ec                PROVIDE (__preinit_array_start, .)
 *(.preinit_array*)
                0x00000000000143ec                PROVIDE (__preinit_array_end, .)

.init_array     0x00000000000143ec       0x18
                0x00000000000143ec                PROVIDE (__init_array_start, .)
 *(SORT(.init_array.*))
 *(.init_array*)
 .init_array    0x00000000000143ec        0x4 ../main.o
 .init_array    0x00000000000143f0        0x4 FEHProteus.o
 .init_array    0x00000000000143f4        0x4 Libraries/FEHBuzzer.o
 .init_array    0x00000000000143f8        0x4 Libraries/FEHLCD.o
 .init_array    0x00000000000143fc        0x4 Libraries/FEHBattery.o
 .init_array    0x0000000000014400        0x4 Libraries/FEHRPS.o
                0x0000000000014404                PROVIDE (__init_array_end, .)

.fini_array     0x0000000000014404        0x0
                0x0000000000014404                PROVIDE (__fini_array_start, .)
 *(SORT(.fini_array.*))
 *(.fini_array*)
                0x0000000000014404                PROVIDE (__fini_array_end, .)
                0x0000000000014404                ___ROM_AT = .

.data           0x000000001fff0400     0x321c load address 0x0000000000014404
                0x000000001fff0400                . = ALIGN (0x4)
                0x000000001fff0400                _sdata = .
 *(.data)
 *(.data*)
 .data.image    0x000000001fff0400     0x303c Libraries/FEHLCD.o
                0x000000001fff0400                image
 .data._ZN6FEHLCD8fontDataE
                0x000000001fff343c      0x1e0 Libraries/FEHLCD.o
                0x000000001fff343c                FEHLCD::fontData
                0x000000001fff361c                . = ALIGN (0x4)
                0x000000001fff361c                _edata = .
                0x000000000000321c                ___data_size = (_edata - _sdata)
                0x0000000000017620                ___m_data2_ROMStart = (___ROM_AT + SIZEOF (.data))

.igot.plt       0x000000001fff361c        0x0 load address 0x0000000000017620
 .igot.plt      0x0000000000000000        0x0 ../main.o

.user_data2     0x0000000020000000        0x0 load address 0x0000000000017620
                0x0000000020000000                . = ALIGN (0x4)
                0x0000000020000000                ___m_data2_RAMStart = .
 *(.data2)
                0x0000000020000000                ___m_data2_RAMEnd = .
                0x0000000020000000                . = ALIGN (0x4)
                0x0000000000000000                ___m_data2_ROMSize = (___m_data2_RAMEnd - ___m_data2_RAMStart)
                0x0000000020000000                . = ALIGN (0x4)

.bss            0x000000001fff361c      0x168 load address 0x0000000000017620
                0x000000001fff361c                __START_BSS = .
                0x000000001fff361c                PROVIDE (__bss_start__, __START_BSS)
 *(.bss)
 *(.bss*)
 .bss.buttons   0x000000001fff361c        0x4 ../main.o
                0x000000001fff361c                buttons
 .bss.left_encoder
                0x000000001fff3620        0x4 ../main.o
                0x000000001fff3620                left_encoder
 .bss.right_encoder
                0x000000001fff3624        0x4 ../main.o
                0x000000001fff3624                right_encoder
 .bss.right_motor
                0x000000001fff3628        0x4 ../main.o
                0x000000001fff3628                right_motor
 .bss.left_motor
                0x000000001fff362c        0x4 ../main.o
                0x000000001fff362c                left_motor
 .bss._ZL4argv  0x000000001fff3630        0x4 Startup/__arm_start.o
 .bss.Propeller
                0x000000001fff3634        0x4 FEHProteus.o
                0x000000001fff3634                Propeller
 .bss.CoreClockKHz
                0x000000001fff3638        0x4 FEHProteus.o
                0x000000001fff3638                CoreClockKHz
 .bss.CoreClockMHz
                0x000000001fff363c        0x4 FEHProteus.o
                0x000000001fff363c                CoreClockMHz
 .bss.PeripheralClockKHz
                0x000000001fff3640        0x4 FEHProteus.o
                0x000000001fff3640                PeripheralClockKHz
 .bss._ZN14AnalogInputPin17Master_Adc_ConfigE
                0x000000001fff3644       0x10 Libraries/FEHIO.o
                0x000000001fff3644                AnalogInputPin::Master_Adc_Config
 .bss._ZN14AnalogInputPin18Encoder_Adc_ConfigE
                0x000000001fff3654       0x10 Libraries/FEHIO.o
                0x000000001fff3654                AnalogInputPin::Encoder_Adc_Config
 .bss.interrupt_counts
                0x000000001fff3664       0x80 Libraries/FEHIO.o
                0x000000001fff3664                interrupt_counts
 .bss._ZN10FEHEncoder7pinListE
                0x000000001fff36e4        0x4 Libraries/FEHIO.o
                0x000000001fff36e4                FEHEncoder::pinList
 .bss.__interrupt_counter
                0x000000001fff36e8        0x4 Libraries/FEHIO.o
                0x000000001fff36e8                __interrupt_counter
 .bss.Buzzer    0x000000001fff36ec        0x4 Libraries/FEHBuzzer.o
                0x000000001fff36ec                Buzzer
 .bss.LCD       0x000000001fff36f0       0x3c Libraries/FEHLCD.o
                0x000000001fff36f0                LCD
 .bss.initialized
                0x000000001fff372c        0x1 Libraries/FEHLCD.o
                0x000000001fff372c                initialized
 *fill*         0x000000001fff372d        0x3 00
 .bss.Battery   0x000000001fff3730        0x4 Libraries/FEHBattery.o
                0x000000001fff3730                Battery
 .bss.XBeeDataProcess
                0x000000001fff3734        0x4 Drivers/FEHXBee.o
                0x000000001fff3734                XBeeDataProcess
 .bss._xbeebuffer
                0x000000001fff3738       0x10 Drivers/FEHXBee.o
                0x000000001fff3738                _xbeebuffer
 .bss._xbeebufferindex
                0x000000001fff3748        0x1 Drivers/FEHXBee.o
                0x000000001fff3748                _xbeebufferindex
 .bss._xbeestate
                0x000000001fff3749        0x1 Drivers/FEHXBee.o
                0x000000001fff3749                _xbeestate
 .bss._xbeebytereceived
                0x000000001fff374a        0x1 Drivers/FEHXBee.o
                0x000000001fff374a                _xbeebytereceived
 .bss._xbeebyte
                0x000000001fff374b        0x1 Drivers/FEHXBee.o
                0x000000001fff374b                _xbeebyte
 .bss.RPS       0x000000001fff374c        0x8 Libraries/FEHRPS.o
                0x000000001fff374c                RPS
 .bss._enabled  0x000000001fff3754        0x1 Libraries/FEHRPS.o
                0x000000001fff3754                _enabled
 *fill*         0x000000001fff3755        0x3 00
 .bss._RPS_x    0x000000001fff3758        0x4 Libraries/FEHRPS.o
                0x000000001fff3758                _RPS_x
 .bss._RPS_y    0x000000001fff375c        0x4 Libraries/FEHRPS.o
                0x000000001fff375c                _RPS_y
 .bss._RPS_heading
                0x000000001fff3760        0x4 Libraries/FEHRPS.o
                0x000000001fff3760                _RPS_heading
 .bss._RPS_objective
                0x000000001fff3764        0x4 Libraries/FEHRPS.o
                0x000000001fff3764                _RPS_objective
 .bss._RPS_time
                0x000000001fff3768        0x1 Libraries/FEHRPS.o
                0x000000001fff3768                _RPS_time
 .bss._RPS_stop
                0x000000001fff3769        0x1 Libraries/FEHRPS.o
                0x000000001fff3769                _RPS_stop
 .bss._RPS_foundpacket
                0x000000001fff376a        0x1 Libraries/FEHRPS.o
                0x000000001fff376a                _RPS_foundpacket
 *fill*         0x000000001fff376b        0x1 00
 .bss.__stdio_exit
                0x000000001fff376c        0x4 /Applications/FEH//Proteus/EWL/lib/armv7e-m/libc.a(exit.o)
                0x000000001fff376c                __stdio_exit
 .bss.__console_exit
                0x000000001fff3770        0x4 /Applications/FEH//Proteus/EWL/lib/armv7e-m/libc.a(exit.o)
                0x000000001fff3770                __console_exit
 .bss.__S_romp  0x000000001fff3774        0xc /Applications/FEH//Proteus/EWL/lib/armv7e-m/librt.a(ROMCopy.o)
 .bss.__global_destructor_chain
                0x000000001fff3780        0x4 /Applications/FEH//Proteus/EWL/lib/armv7e-m/librt.a(__arm_eabi_init.o)
                0x000000001fff3780                __global_destructor_chain
 *(COMMON)
                0x000000001fff3784                . = ALIGN (0x4)
                0x000000001fff3784                __END_BSS = .
                0x000000001fff3784                PROVIDE (__bss_end__, __END_BSS)

._user_heap_stack
                0x000000001fff3784     0x1000 load address 0x0000000000017788
                0x000000001fff3784                . = ALIGN (0x4)
                0x000000001fff3784                PROVIDE (end, .)
                0x000000001fff3784                PROVIDE (_end, .)
                0x000000001fff3784                __heap_addr = .
                0x000000001fff3f84                . = (. + __heap_size)
 *fill*         0x000000001fff3784      0x800 00
                0x000000001fff4784                . = (. + __stack_size)
 *fill*         0x000000001fff3f84      0x800 00
                0x000000001fff4784                . = ALIGN (0x4)
                0x0000000000017620                _romp_at = ((___ROM_AT + SIZEOF (.data)) + SIZEOF (.user_data2))

.romp           0x0000000020000000       0x24 load address 0x0000000000017620
                0x0000000000017620                __S_romp = _romp_at
                0x0000000020000000        0x4 LONG 0x14404 ___ROM_AT
                0x0000000020000004        0x4 LONG 0x1fff0400 _sdata
                0x0000000020000008        0x4 LONG 0x321c ___data_size
                0x000000002000000c        0x4 LONG 0x17620 ___m_data2_ROMStart
                0x0000000020000010        0x4 LONG 0x20000000 ___m_data2_RAMStart
                0x0000000020000014        0x4 LONG 0x0 ___m_data2_ROMSize
                0x0000000020000018        0x4 LONG 0x0
                0x000000002000001c        0x4 LONG 0x0
                0x0000000020000020        0x4 LONG 0x0

.ARM.attributes
                0x0000000000000000       0x33
 *(.ARM.attributes)
 .ARM.attributes
                0x0000000000000000       0x33 ../main.o
 .ARM.attributes
                0x0000000000000033       0x33 Startup/__arm_start.o
 .ARM.attributes
                0x0000000000000066       0x33 Startup/__arm_end.o
 .ARM.attributes
                0x0000000000000099       0x33 Startup/kinetis_sysinit.o
 .ARM.attributes
                0x00000000000000cc       0x33 Libraries/FEHMotor.o
 .ARM.attributes
                0x00000000000000ff       0x33 Drivers/uart.o
 .ARM.attributes
                0x0000000000000132       0x33 Drivers/lptmr.o
 .ARM.attributes
                0x0000000000000165       0x33 FEHProteus.o
 .ARM.attributes
                0x0000000000000198       0x33 Drivers/FEHPropeller.o
 .ARM.attributes
                0x00000000000001cb       0x33 Libraries/FEHUtility.o
 .ARM.attributes
                0x00000000000001fe       0x33 Libraries/FEHIO.o
 .ARM.attributes
                0x0000000000000231       0x33 Drivers/adc16.o
 .ARM.attributes
                0x0000000000000264       0x33 Libraries/FEHBuzzer.o
 .ARM.attributes
                0x0000000000000297       0x33 Libraries/FEHLCD.o
 .ARM.attributes
                0x00000000000002ca       0x33 Libraries/FEHBattery.o
 .ARM.attributes
                0x00000000000002fd       0x33 Drivers/FEHXBee.o
 .ARM.attributes
                0x0000000000000330       0x33 Libraries/FEHRPS.o
 .ARM.attributes
                0x0000000000000363       0x33 /Applications/FEH//Proteus/EWL/lib/armv7e-m/libc.a(sprintf.o)
 .ARM.attributes
                0x0000000000000396       0x33 /Applications/FEH//Proteus/EWL/lib/armv7e-m/libc.a(vsnprintf.o)
 .ARM.attributes
                0x00000000000003c9       0x33 /Applications/FEH//Proteus/EWL/lib/armv7e-m/libc.a(exit.o)
 .ARM.attributes
                0x00000000000003fc       0x33 /Applications/FEH//Proteus/EWL/lib/armv7e-m/libc.a(memcpy.o)
 .ARM.attributes
                0x000000000000042f       0x33 /Applications/FEH//Proteus/EWL/lib/armv7e-m/libc.a(memset.o)
 .ARM.attributes
                0x0000000000000462       0x33 /Applications/FEH//Proteus/EWL/lib/armv7e-m/libc.a(printformat_.o)
 .ARM.attributes
                0x0000000000000495       0x33 /Applications/FEH//Proteus/EWL/lib/armv7e-m/libc.a(scanformat_.o)
 .ARM.attributes
                0x00000000000004c8       0x33 /Applications/FEH//Proteus/EWL/lib/armv7e-m/libc.a(ctype_aeabi.o)
 .ARM.attributes
                0x00000000000004fb       0x33 /Applications/FEH//Proteus/EWL/lib/armv7e-m/libc.a(__strtoul.o)
 .ARM.attributes
                0x000000000000052e       0x33 /Applications/FEH//Proteus/EWL/lib/armv7e-m/libc.a(__filll_mem.o)
 .ARM.attributes
                0x0000000000000561       0x33 /Applications/FEH//Proteus/EWL/lib/armv7e-m/libc.a(memchr.o)
 .ARM.attributes
                0x0000000000000594       0x33 /Applications/FEH//Proteus/EWL/lib/armv7e-m/libc.a(strchr.o)
 .ARM.attributes
                0x00000000000005c7       0x33 /Applications/FEH//Proteus/EWL/lib/armv7e-m/libc.a(strlen.o)
 .ARM.attributes
                0x00000000000005fa       0x1e /Applications/FEH/Proteus/GCC/bin/../lib/gcc/arm-none-eabi/4.7.4/armv7e-m/libgcc.a(_arm_addsubdf3.o)
 .ARM.attributes
                0x0000000000000618       0x1e /Applications/FEH/Proteus/GCC/bin/../lib/gcc/arm-none-eabi/4.7.4/armv7e-m/libgcc.a(_arm_muldivdf3.o)
 .ARM.attributes
                0x0000000000000636       0x1e /Applications/FEH/Proteus/GCC/bin/../lib/gcc/arm-none-eabi/4.7.4/armv7e-m/libgcc.a(_arm_cmpdf2.o)
 .ARM.attributes
                0x0000000000000654       0x1e /Applications/FEH/Proteus/GCC/bin/../lib/gcc/arm-none-eabi/4.7.4/armv7e-m/libgcc.a(_arm_fixdfsi.o)
 .ARM.attributes
                0x0000000000000672       0x1e /Applications/FEH/Proteus/GCC/bin/../lib/gcc/arm-none-eabi/4.7.4/armv7e-m/libgcc.a(_arm_addsubsf3.o)
 .ARM.attributes
                0x0000000000000690       0x1e /Applications/FEH/Proteus/GCC/bin/../lib/gcc/arm-none-eabi/4.7.4/armv7e-m/libgcc.a(_arm_muldivsf3.o)
 .ARM.attributes
                0x00000000000006ae       0x1e /Applications/FEH/Proteus/GCC/bin/../lib/gcc/arm-none-eabi/4.7.4/armv7e-m/libgcc.a(_arm_cmpsf2.o)
 .ARM.attributes
                0x00000000000006cc       0x1e /Applications/FEH/Proteus/GCC/bin/../lib/gcc/arm-none-eabi/4.7.4/armv7e-m/libgcc.a(_arm_fixsfsi.o)
 .ARM.attributes
                0x00000000000006ea       0x33 /Applications/FEH//Proteus/EWL/lib/armv7e-m/librt.a(gcc_ctor_dtor.o)
 .ARM.attributes
                0x000000000000071d       0x33 /Applications/FEH//Proteus/EWL/lib/armv7e-m/librt.a(ROMCopy.o)
 .ARM.attributes
                0x0000000000000750       0x33 /Applications/FEH//Proteus/EWL/lib/armv7e-m/librt.a(__arm_eabi_init.o)
OUTPUT(../PerformanceTest1.elf elf32-littlearm)

.debug_info     0x0000000000000000     0xd585
 .debug_info    0x0000000000000000     0x13de ../main.o
 .debug_info    0x00000000000013de     0x121d Startup/__arm_start.o
 .debug_info    0x00000000000025fb       0x50 Startup/__arm_end.o
 .debug_info    0x000000000000264b      0x4ab Startup/kinetis_sysinit.o
 .debug_info    0x0000000000002af6      0x309 Libraries/FEHMotor.o
 .debug_info    0x0000000000002dff      0x594 Drivers/uart.o
 .debug_info    0x0000000000003393      0x2d6 Drivers/lptmr.o
 .debug_info    0x0000000000003669      0x19f FEHProteus.o
 .debug_info    0x0000000000003808      0x71e Drivers/FEHPropeller.o
 .debug_info    0x0000000000003f26      0x36b Libraries/FEHUtility.o
 .debug_info    0x0000000000004291     0x1c8f Libraries/FEHIO.o
 .debug_info    0x0000000000005f20      0x4a3 Drivers/adc16.o
 .debug_info    0x00000000000063c3      0xa3e Libraries/FEHBuzzer.o
 .debug_info    0x0000000000006e01     0x2396 Libraries/FEHLCD.o
 .debug_info    0x0000000000009197      0x3ac Libraries/FEHBattery.o
 .debug_info    0x0000000000009543      0xac6 Drivers/FEHXBee.o
 .debug_info    0x000000000000a009     0x165a Libraries/FEHRPS.o
 .debug_info    0x000000000000b663      0x11e /Applications/FEH//Proteus/EWL/lib/armv7e-m/libc.a(sprintf.o)
 .debug_info    0x000000000000b781      0x205 /Applications/FEH//Proteus/EWL/lib/armv7e-m/libc.a(vsnprintf.o)
 .debug_info    0x000000000000b986       0xe8 /Applications/FEH//Proteus/EWL/lib/armv7e-m/libc.a(exit.o)
 .debug_info    0x000000000000ba6e      0x10f /Applications/FEH//Proteus/EWL/lib/armv7e-m/libc.a(memcpy.o)
 .debug_info    0x000000000000bb7d       0xec /Applications/FEH//Proteus/EWL/lib/armv7e-m/libc.a(memset.o)
 .debug_info    0x000000000000bc69      0x50e /Applications/FEH//Proteus/EWL/lib/armv7e-m/libc.a(printformat_.o)
 .debug_info    0x000000000000c177      0x565 /Applications/FEH//Proteus/EWL/lib/armv7e-m/libc.a(scanformat_.o)
 .debug_info    0x000000000000c6dc      0x306 /Applications/FEH//Proteus/EWL/lib/armv7e-m/libc.a(ctype_aeabi.o)
 .debug_info    0x000000000000c9e2      0x1d6 /Applications/FEH//Proteus/EWL/lib/armv7e-m/libc.a(__strtoul.o)
 .debug_info    0x000000000000cbb8      0x135 /Applications/FEH//Proteus/EWL/lib/armv7e-m/libc.a(__filll_mem.o)
 .debug_info    0x000000000000cced      0x120 /Applications/FEH//Proteus/EWL/lib/armv7e-m/libc.a(memchr.o)
 .debug_info    0x000000000000ce0d      0x108 /Applications/FEH//Proteus/EWL/lib/armv7e-m/libc.a(strchr.o)
 .debug_info    0x000000000000cf15       0xeb /Applications/FEH//Proteus/EWL/lib/armv7e-m/libc.a(strlen.o)
 .debug_info    0x000000000000d000      0x136 /Applications/FEH//Proteus/EWL/lib/armv7e-m/librt.a(gcc_ctor_dtor.o)
 .debug_info    0x000000000000d136      0x19a /Applications/FEH//Proteus/EWL/lib/armv7e-m/librt.a(ROMCopy.o)
 .debug_info    0x000000000000d2d0      0x2b5 /Applications/FEH//Proteus/EWL/lib/armv7e-m/librt.a(__arm_eabi_init.o)

.debug_abbrev   0x0000000000000000     0x2d5d
 .debug_abbrev  0x0000000000000000      0x23c ../main.o
 .debug_abbrev  0x000000000000023c      0x273 Startup/__arm_start.o
 .debug_abbrev  0x00000000000004af       0x41 Startup/__arm_end.o
 .debug_abbrev  0x00000000000004f0      0x103 Startup/kinetis_sysinit.o
 .debug_abbrev  0x00000000000005f3      0x177 Libraries/FEHMotor.o
 .debug_abbrev  0x000000000000076a      0x15b Drivers/uart.o
 .debug_abbrev  0x00000000000008c5       0xce Drivers/lptmr.o
 .debug_abbrev  0x0000000000000993       0xfd FEHProteus.o
 .debug_abbrev  0x0000000000000a90      0x1c5 Drivers/FEHPropeller.o
 .debug_abbrev  0x0000000000000c55      0x150 Libraries/FEHUtility.o
 .debug_abbrev  0x0000000000000da5      0x447 Libraries/FEHIO.o
 .debug_abbrev  0x00000000000011ec      0x126 Drivers/adc16.o
 .debug_abbrev  0x0000000000001312      0x1d9 Libraries/FEHBuzzer.o
 .debug_abbrev  0x00000000000014eb      0x33a Libraries/FEHLCD.o
 .debug_abbrev  0x0000000000001825      0x1ca Libraries/FEHBattery.o
 .debug_abbrev  0x00000000000019ef      0x230 Drivers/FEHXBee.o
 .debug_abbrev  0x0000000000001c1f      0x33a Libraries/FEHRPS.o
 .debug_abbrev  0x0000000000001f59       0xb1 /Applications/FEH//Proteus/EWL/lib/armv7e-m/libc.a(sprintf.o)
 .debug_abbrev  0x000000000000200a       0xf0 /Applications/FEH//Proteus/EWL/lib/armv7e-m/libc.a(vsnprintf.o)
 .debug_abbrev  0x00000000000020fa       0x7a /Applications/FEH//Proteus/EWL/lib/armv7e-m/libc.a(exit.o)
 .debug_abbrev  0x0000000000002174       0x95 /Applications/FEH//Proteus/EWL/lib/armv7e-m/libc.a(memcpy.o)
 .debug_abbrev  0x0000000000002209       0x62 /Applications/FEH//Proteus/EWL/lib/armv7e-m/libc.a(memset.o)
 .debug_abbrev  0x000000000000226b      0x200 /Applications/FEH//Proteus/EWL/lib/armv7e-m/libc.a(printformat_.o)
 .debug_abbrev  0x000000000000246b      0x1f0 /Applications/FEH//Proteus/EWL/lib/armv7e-m/libc.a(scanformat_.o)
 .debug_abbrev  0x000000000000265b       0x85 /Applications/FEH//Proteus/EWL/lib/armv7e-m/libc.a(ctype_aeabi.o)
 .debug_abbrev  0x00000000000026e0       0xc2 /Applications/FEH//Proteus/EWL/lib/armv7e-m/libc.a(__strtoul.o)
 .debug_abbrev  0x00000000000027a2       0x87 /Applications/FEH//Proteus/EWL/lib/armv7e-m/libc.a(__filll_mem.o)
 .debug_abbrev  0x0000000000002829       0x95 /Applications/FEH//Proteus/EWL/lib/armv7e-m/libc.a(memchr.o)
 .debug_abbrev  0x00000000000028be       0x89 /Applications/FEH//Proteus/EWL/lib/armv7e-m/libc.a(strchr.o)
 .debug_abbrev  0x0000000000002947       0x7a /Applications/FEH//Proteus/EWL/lib/armv7e-m/libc.a(strlen.o)
 .debug_abbrev  0x00000000000029c1       0x99 /Applications/FEH//Proteus/EWL/lib/armv7e-m/librt.a(gcc_ctor_dtor.o)
 .debug_abbrev  0x0000000000002a5a      0x137 /Applications/FEH//Proteus/EWL/lib/armv7e-m/librt.a(ROMCopy.o)
 .debug_abbrev  0x0000000000002b91      0x1cc /Applications/FEH//Proteus/EWL/lib/armv7e-m/librt.a(__arm_eabi_init.o)

.debug_loc      0x0000000000000000     0x4a95
 .debug_loc     0x0000000000000000      0x218 ../main.o
 .debug_loc     0x0000000000000218       0xb0 Startup/__arm_start.o
 .debug_loc     0x00000000000002c8       0x38 Startup/__arm_end.o
 .debug_loc     0x0000000000000300       0x84 Startup/kinetis_sysinit.o
 .debug_loc     0x0000000000000384       0xe0 Libraries/FEHMotor.o
 .debug_loc     0x0000000000000464       0xe0 Drivers/uart.o
 .debug_loc     0x0000000000000544       0x38 Drivers/lptmr.o
 .debug_loc     0x000000000000057c       0x64 FEHProteus.o
 .debug_loc     0x00000000000005e0      0x118 Drivers/FEHPropeller.o
 .debug_loc     0x00000000000006f8      0x1a8 Libraries/FEHUtility.o
 .debug_loc     0x00000000000008a0      0x8d6 Libraries/FEHIO.o
 .debug_loc     0x0000000000001176       0xa8 Drivers/adc16.o
 .debug_loc     0x000000000000121e      0x304 Libraries/FEHBuzzer.o
 .debug_loc     0x0000000000001522      0xdfd Libraries/FEHLCD.o
 .debug_loc     0x000000000000231f       0xd4 Libraries/FEHBattery.o
 .debug_loc     0x00000000000023f3      0x1c0 Drivers/FEHXBee.o
 .debug_loc     0x00000000000025b3      0x4fe Libraries/FEHRPS.o
 .debug_loc     0x0000000000002ab1       0x3f /Applications/FEH//Proteus/EWL/lib/armv7e-m/libc.a(sprintf.o)
 .debug_loc     0x0000000000002af0      0x105 /Applications/FEH//Proteus/EWL/lib/armv7e-m/libc.a(vsnprintf.o)
 .debug_loc     0x0000000000002bf5       0x3e /Applications/FEH//Proteus/EWL/lib/armv7e-m/libc.a(exit.o)
 .debug_loc     0x0000000000002c33       0x59 /Applications/FEH//Proteus/EWL/lib/armv7e-m/libc.a(memcpy.o)
 .debug_loc     0x0000000000002c8c       0x64 /Applications/FEH//Proteus/EWL/lib/armv7e-m/libc.a(memset.o)
 .debug_loc     0x0000000000002cf0      0xbdc /Applications/FEH//Proteus/EWL/lib/armv7e-m/libc.a(printformat_.o)
 .debug_loc     0x00000000000038cc      0x8b6 /Applications/FEH//Proteus/EWL/lib/armv7e-m/libc.a(scanformat_.o)
 .debug_loc     0x0000000000004182      0x18e /Applications/FEH//Proteus/EWL/lib/armv7e-m/libc.a(ctype_aeabi.o)
 .debug_loc     0x0000000000004310      0x2bb /Applications/FEH//Proteus/EWL/lib/armv7e-m/libc.a(__strtoul.o)
 .debug_loc     0x00000000000045cb      0x12c /Applications/FEH//Proteus/EWL/lib/armv7e-m/libc.a(__filll_mem.o)
 .debug_loc     0x00000000000046f7       0x62 /Applications/FEH//Proteus/EWL/lib/armv7e-m/libc.a(memchr.o)
 .debug_loc     0x0000000000004759       0x7c /Applications/FEH//Proteus/EWL/lib/armv7e-m/libc.a(strchr.o)
 .debug_loc     0x00000000000047d5       0x26 /Applications/FEH//Proteus/EWL/lib/armv7e-m/libc.a(strlen.o)
 .debug_loc     0x00000000000047fb       0x9d /Applications/FEH//Proteus/EWL/lib/armv7e-m/librt.a(gcc_ctor_dtor.o)
 .debug_loc     0x0000000000004898       0xb9 /Applications/FEH//Proteus/EWL/lib/armv7e-m/librt.a(ROMCopy.o)
 .debug_loc     0x0000000000004951      0x144 /Applications/FEH//Proteus/EWL/lib/armv7e-m/librt.a(__arm_eabi_init.o)

.debug_aranges  0x0000000000000000      0xaa8
 .debug_aranges
                0x0000000000000000       0x68 ../main.o
 .debug_aranges
                0x0000000000000068       0x48 Startup/__arm_start.o
 .debug_aranges
                0x00000000000000b0       0x20 Startup/__arm_end.o
 .debug_aranges
                0x00000000000000d0       0x30 Startup/kinetis_sysinit.o
 .debug_aranges
                0x0000000000000100       0x38 Libraries/FEHMotor.o
 .debug_aranges
                0x0000000000000138       0x38 Drivers/uart.o
 .debug_aranges
                0x0000000000000170       0x20 Drivers/lptmr.o
 .debug_aranges
                0x0000000000000190       0x28 FEHProteus.o
 .debug_aranges
                0x00000000000001b8       0x40 Drivers/FEHPropeller.o
 .debug_aranges
                0x00000000000001f8       0x58 Libraries/FEHUtility.o
 .debug_aranges
                0x0000000000000250      0x160 Libraries/FEHIO.o
 .debug_aranges
                0x00000000000003b0       0x30 Drivers/adc16.o
 .debug_aranges
                0x00000000000003e0       0x88 Libraries/FEHBuzzer.o
 .debug_aranges
                0x0000000000000468      0x218 Libraries/FEHLCD.o
 .debug_aranges
                0x0000000000000680       0x38 Libraries/FEHBattery.o
 .debug_aranges
                0x00000000000006b8       0x58 Drivers/FEHXBee.o
 .debug_aranges
                0x0000000000000710       0xd0 Libraries/FEHRPS.o
 .debug_aranges
                0x00000000000007e0       0x20 /Applications/FEH//Proteus/EWL/lib/armv7e-m/libc.a(sprintf.o)
 .debug_aranges
                0x0000000000000800       0x28 /Applications/FEH//Proteus/EWL/lib/armv7e-m/libc.a(vsnprintf.o)
 .debug_aranges
                0x0000000000000828       0x20 /Applications/FEH//Proteus/EWL/lib/armv7e-m/libc.a(exit.o)
 .debug_aranges
                0x0000000000000848       0x20 /Applications/FEH//Proteus/EWL/lib/armv7e-m/libc.a(memcpy.o)
 .debug_aranges
                0x0000000000000868       0x20 /Applications/FEH//Proteus/EWL/lib/armv7e-m/libc.a(memset.o)
 .debug_aranges
                0x0000000000000888       0x28 /Applications/FEH//Proteus/EWL/lib/armv7e-m/libc.a(printformat_.o)
 .debug_aranges
                0x00000000000008b0       0x20 /Applications/FEH//Proteus/EWL/lib/armv7e-m/libc.a(scanformat_.o)
 .debug_aranges
                0x00000000000008d0       0x88 /Applications/FEH//Proteus/EWL/lib/armv7e-m/libc.a(ctype_aeabi.o)
 .debug_aranges
                0x0000000000000958       0x20 /Applications/FEH//Proteus/EWL/lib/armv7e-m/libc.a(__strtoul.o)
 .debug_aranges
                0x0000000000000978       0x20 /Applications/FEH//Proteus/EWL/lib/armv7e-m/libc.a(__filll_mem.o)
 .debug_aranges
                0x0000000000000998       0x20 /Applications/FEH//Proteus/EWL/lib/armv7e-m/libc.a(memchr.o)
 .debug_aranges
                0x00000000000009b8       0x20 /Applications/FEH//Proteus/EWL/lib/armv7e-m/libc.a(strchr.o)
 .debug_aranges
                0x00000000000009d8       0x20 /Applications/FEH//Proteus/EWL/lib/armv7e-m/libc.a(strlen.o)
 .debug_aranges
                0x00000000000009f8       0x28 /Applications/FEH//Proteus/EWL/lib/armv7e-m/librt.a(gcc_ctor_dtor.o)
 .debug_aranges
                0x0000000000000a20       0x30 /Applications/FEH//Proteus/EWL/lib/armv7e-m/librt.a(ROMCopy.o)
 .debug_aranges
                0x0000000000000a50       0x58 /Applications/FEH//Proteus/EWL/lib/armv7e-m/librt.a(__arm_eabi_init.o)

.debug_macinfo  0x0000000000000000   0x6397bf
 .debug_macinfo
                0x0000000000000000    0x63a8f ../main.o
 .debug_macinfo
                0x0000000000063a8f    0x63de6 Startup/__arm_start.o
 .debug_macinfo
                0x00000000000c7875     0x3670 Startup/__arm_end.o
 .debug_macinfo
                0x00000000000caee5    0x63242 Startup/kinetis_sysinit.o
 .debug_macinfo
                0x000000000012e127    0x63268 Libraries/FEHMotor.o
 .debug_macinfo
                0x000000000019138f    0x631d3 Drivers/uart.o
 .debug_macinfo
                0x00000000001f4562    0x63242 Drivers/lptmr.o
 .debug_macinfo
                0x00000000002577a4    0x631e8 FEHProteus.o
 .debug_macinfo
                0x00000000002ba98c    0x63291 Drivers/FEHPropeller.o
 .debug_macinfo
                0x000000000031dc1d    0x631fd Libraries/FEHUtility.o
 .debug_macinfo
                0x0000000000380e1a    0x6391f Libraries/FEHIO.o
 .debug_macinfo
                0x00000000003e4739    0x63884 Drivers/adc16.o
 .debug_macinfo
                0x0000000000447fbd    0x6322a Libraries/FEHBuzzer.o
 .debug_macinfo
                0x00000000004ab1e7    0x63f36 Libraries/FEHLCD.o
 .debug_macinfo
                0x000000000050f11d    0x638ab Libraries/FEHBattery.o
 .debug_macinfo
                0x00000000005729c8    0x63348 Drivers/FEHXBee.o
 .debug_macinfo
                0x00000000005d5d10    0x63aaf Libraries/FEHRPS.o

.debug_line     0x0000000000000000     0x4830
 .debug_line    0x0000000000000000      0x39e ../main.o
 .debug_line    0x000000000000039e      0x358 Startup/__arm_start.o
 .debug_line    0x00000000000006f6      0x248 Startup/__arm_end.o
 .debug_line    0x000000000000093e      0x1fc Startup/kinetis_sysinit.o
 .debug_line    0x0000000000000b3a      0x23f Libraries/FEHMotor.o
 .debug_line    0x0000000000000d79      0x21f Drivers/uart.o
 .debug_line    0x0000000000000f98      0x1d2 Drivers/lptmr.o
 .debug_line    0x000000000000116a      0x1f4 FEHProteus.o
 .debug_line    0x000000000000135e      0x267 Drivers/FEHPropeller.o
 .debug_line    0x00000000000015c5      0x27e Libraries/FEHUtility.o
 .debug_line    0x0000000000001843      0x655 Libraries/FEHIO.o
 .debug_line    0x0000000000001e98      0x220 Drivers/adc16.o
 .debug_line    0x00000000000020b8      0x2ee Libraries/FEHBuzzer.o
 .debug_line    0x00000000000023a6      0xa97 Libraries/FEHLCD.o
 .debug_line    0x0000000000002e3d      0x228 Libraries/FEHBattery.o
 .debug_line    0x0000000000003065      0x2fc Drivers/FEHXBee.o
 .debug_line    0x0000000000003361      0x4d8 Libraries/FEHRPS.o
 .debug_line    0x0000000000003839       0x94 /Applications/FEH//Proteus/EWL/lib/armv7e-m/libc.a(sprintf.o)
 .debug_line    0x00000000000038cd       0xd1 /Applications/FEH//Proteus/EWL/lib/armv7e-m/libc.a(vsnprintf.o)
 .debug_line    0x000000000000399e       0x94 /Applications/FEH//Proteus/EWL/lib/armv7e-m/libc.a(exit.o)
 .debug_line    0x0000000000003a32       0x8b /Applications/FEH//Proteus/EWL/lib/armv7e-m/libc.a(memcpy.o)
 .debug_line    0x0000000000003abd       0x8f /Applications/FEH//Proteus/EWL/lib/armv7e-m/libc.a(memset.o)
 .debug_line    0x0000000000003b4c      0x2b4 /Applications/FEH//Proteus/EWL/lib/armv7e-m/libc.a(printformat_.o)
 .debug_line    0x0000000000003e00      0x2df /Applications/FEH//Proteus/EWL/lib/armv7e-m/libc.a(scanformat_.o)
 .debug_line    0x00000000000040df      0x1a9 /Applications/FEH//Proteus/EWL/lib/armv7e-m/libc.a(ctype_aeabi.o)
 .debug_line    0x0000000000004288      0x11b /Applications/FEH//Proteus/EWL/lib/armv7e-m/libc.a(__strtoul.o)
 .debug_line    0x00000000000043a3       0xcd /Applications/FEH//Proteus/EWL/lib/armv7e-m/libc.a(__filll_mem.o)
 .debug_line    0x0000000000004470       0x9f /Applications/FEH//Proteus/EWL/lib/armv7e-m/libc.a(memchr.o)
 .debug_line    0x000000000000450f       0x7d /Applications/FEH//Proteus/EWL/lib/armv7e-m/libc.a(strchr.o)
 .debug_line    0x000000000000458c       0x83 /Applications/FEH//Proteus/EWL/lib/armv7e-m/libc.a(strlen.o)
 .debug_line    0x000000000000460f       0x67 /Applications/FEH//Proteus/EWL/lib/armv7e-m/librt.a(gcc_ctor_dtor.o)
 .debug_line    0x0000000000004676       0xa9 /Applications/FEH//Proteus/EWL/lib/armv7e-m/librt.a(ROMCopy.o)
 .debug_line    0x000000000000471f      0x111 /Applications/FEH//Proteus/EWL/lib/armv7e-m/librt.a(__arm_eabi_init.o)

.debug_str      0x0000000000000000     0x3a67
 .debug_str     0x0000000000000000     0x13b8 ../main.o
                                       0x1484 (size before relaxing)
 .debug_str     0x00000000000013b8      0x34e Startup/__arm_start.o
                                        0xdf7 (size before relaxing)
 .debug_str     0x0000000000001706       0x2a Startup/__arm_end.o
                                         0xc4 (size before relaxing)
 .debug_str     0x0000000000001730      0x15d Startup/kinetis_sysinit.o
                                        0x2d5 (size before relaxing)
 .debug_str     0x000000000000188d       0x4e Libraries/FEHMotor.o
                                        0x2e8 (size before relaxing)
 .debug_str     0x00000000000018db      0x188 Drivers/uart.o
                                        0x355 (size before relaxing)
 .debug_str     0x0000000000001a63       0x61 Drivers/lptmr.o
                                        0x20e (size before relaxing)
 .debug_str     0x0000000000001ac4       0x28 FEHProteus.o
                                        0x25a (size before relaxing)
 .debug_str     0x0000000000001aec       0x3a Drivers/FEHPropeller.o
                                        0x3b1 (size before relaxing)
 .debug_str     0x0000000000001b26       0xc0 Libraries/FEHUtility.o
                                        0x1ec (size before relaxing)
 .debug_str     0x0000000000001be6      0xdb0 Libraries/FEHIO.o
                                       0x140c (size before relaxing)
 .debug_str     0x0000000000002996       0xdd Drivers/adc16.o
                                        0x29f (size before relaxing)
 .debug_str     0x0000000000002a73      0x1cc Libraries/FEHBuzzer.o
                                        0x3c3 (size before relaxing)
 .debug_str     0x0000000000002c3f      0x237 Libraries/FEHLCD.o
                                        0xe12 (size before relaxing)
 .debug_str     0x0000000000002e76       0x81 Libraries/FEHBattery.o
                                        0x395 (size before relaxing)
 .debug_str     0x0000000000002ef7      0x10d Drivers/FEHXBee.o
                                        0x567 (size before relaxing)
 .debug_str     0x0000000000003004       0xf3 Libraries/FEHRPS.o
                                       0x12ab (size before relaxing)
 .debug_str     0x00000000000030f7       0xb6 /Applications/FEH//Proteus/EWL/lib/armv7e-m/libc.a(sprintf.o)
                                        0x15a (size before relaxing)
 .debug_str     0x00000000000031ad       0x83 /Applications/FEH//Proteus/EWL/lib/armv7e-m/libc.a(vsnprintf.o)
                                        0x1c3 (size before relaxing)
 .debug_str     0x0000000000003230       0x2e /Applications/FEH//Proteus/EWL/lib/armv7e-m/libc.a(exit.o)
                                        0x14e (size before relaxing)
 .debug_str     0x000000000000325e       0x1c /Applications/FEH//Proteus/EWL/lib/armv7e-m/libc.a(memcpy.o)
                                        0x12f (size before relaxing)
 .debug_str     0x000000000000327a       0x1c /Applications/FEH//Proteus/EWL/lib/armv7e-m/libc.a(memset.o)
                                        0x137 (size before relaxing)
 .debug_str     0x0000000000003296      0x22c /Applications/FEH//Proteus/EWL/lib/armv7e-m/libc.a(printformat_.o)
                                        0x3aa (size before relaxing)
 .debug_str     0x00000000000034c2      0x17b /Applications/FEH//Proteus/EWL/lib/armv7e-m/libc.a(scanformat_.o)
                                        0x3f0 (size before relaxing)
 .debug_str     0x000000000000363d       0x9d /Applications/FEH//Proteus/EWL/lib/armv7e-m/libc.a(ctype_aeabi.o)
                                        0x1b3 (size before relaxing)
 .debug_str     0x00000000000036da       0x5b /Applications/FEH//Proteus/EWL/lib/armv7e-m/libc.a(__strtoul.o)
                                        0x1f2 (size before relaxing)
 .debug_str     0x0000000000003735       0x25 /Applications/FEH//Proteus/EWL/lib/armv7e-m/libc.a(__filll_mem.o)
                                        0x149 (size before relaxing)
 .debug_str     0x000000000000375a       0x1c /Applications/FEH//Proteus/EWL/lib/armv7e-m/libc.a(memchr.o)
                                        0x13f (size before relaxing)
 .debug_str     0x0000000000003776       0x1c /Applications/FEH//Proteus/EWL/lib/armv7e-m/libc.a(strchr.o)
                                        0x12e (size before relaxing)
 .debug_str     0x0000000000003792       0x1c /Applications/FEH//Proteus/EWL/lib/armv7e-m/libc.a(strlen.o)
                                        0x137 (size before relaxing)
 .debug_str     0x00000000000037ae      0x126 /Applications/FEH//Proteus/EWL/lib/armv7e-m/librt.a(gcc_ctor_dtor.o)
                                        0x178 (size before relaxing)
 .debug_str     0x00000000000038d4       0x9b /Applications/FEH//Proteus/EWL/lib/armv7e-m/librt.a(ROMCopy.o)
                                        0x133 (size before relaxing)
 .debug_str     0x000000000000396f       0xf8 /Applications/FEH//Proteus/EWL/lib/armv7e-m/librt.a(__arm_eabi_init.o)
                                        0x1ac (size before relaxing)

.comment        0x0000000000000000       0x70
 .comment       0x0000000000000000       0x70 ../main.o
                                         0x71 (size before relaxing)
 .comment       0x0000000000000000       0x71 Startup/__arm_start.o
 .comment       0x0000000000000000       0x71 Startup/__arm_end.o
 .comment       0x0000000000000000       0x71 Startup/kinetis_sysinit.o
 .comment       0x0000000000000000       0x71 Libraries/FEHMotor.o
 .comment       0x0000000000000000       0x71 Drivers/uart.o
 .comment       0x0000000000000000       0x71 Drivers/lptmr.o
 .comment       0x0000000000000000       0x71 FEHProteus.o
 .comment       0x0000000000000000       0x71 Drivers/FEHPropeller.o
 .comment       0x0000000000000000       0x71 Libraries/FEHUtility.o
 .comment       0x0000000000000000       0x71 Libraries/FEHIO.o
 .comment       0x0000000000000000       0x71 Drivers/adc16.o
 .comment       0x0000000000000000       0x71 Libraries/FEHBuzzer.o
 .comment       0x0000000000000000       0x71 Libraries/FEHLCD.o
 .comment       0x0000000000000000       0x71 Libraries/FEHBattery.o
 .comment       0x0000000000000000       0x71 Drivers/FEHXBee.o
 .comment       0x0000000000000000       0x71 Libraries/FEHRPS.o
 .comment       0x0000000000000000       0x71 /Applications/FEH//Proteus/EWL/lib/armv7e-m/libc.a(sprintf.o)
 .comment       0x0000000000000000       0x71 /Applications/FEH//Proteus/EWL/lib/armv7e-m/libc.a(vsnprintf.o)
 .comment       0x0000000000000000       0x71 /Applications/FEH//Proteus/EWL/lib/armv7e-m/libc.a(exit.o)
 .comment       0x0000000000000000       0x71 /Applications/FEH//Proteus/EWL/lib/armv7e-m/libc.a(memcpy.o)
 .comment       0x0000000000000000       0x71 /Applications/FEH//Proteus/EWL/lib/armv7e-m/libc.a(memset.o)
 .comment       0x0000000000000000       0x71 /Applications/FEH//Proteus/EWL/lib/armv7e-m/libc.a(printformat_.o)
 .comment       0x0000000000000000       0x71 /Applications/FEH//Proteus/EWL/lib/armv7e-m/libc.a(scanformat_.o)
 .comment       0x0000000000000000       0x71 /Applications/FEH//Proteus/EWL/lib/armv7e-m/libc.a(ctype_aeabi.o)
 .comment       0x0000000000000000       0x71 /Applications/FEH//Proteus/EWL/lib/armv7e-m/libc.a(__strtoul.o)
 .comment       0x0000000000000000       0x71 /Applications/FEH//Proteus/EWL/lib/armv7e-m/libc.a(__filll_mem.o)
 .comment       0x0000000000000000       0x71 /Applications/FEH//Proteus/EWL/lib/armv7e-m/libc.a(memchr.o)
 .comment       0x0000000000000000       0x71 /Applications/FEH//Proteus/EWL/lib/armv7e-m/libc.a(strchr.o)
 .comment       0x0000000000000000       0x71 /Applications/FEH//Proteus/EWL/lib/armv7e-m/libc.a(strlen.o)
 .comment       0x0000000000000000       0x71 /Applications/FEH//Proteus/EWL/lib/armv7e-m/librt.a(gcc_ctor_dtor.o)
 .comment       0x0000000000000000       0x71 /Applications/FEH//Proteus/EWL/lib/armv7e-m/librt.a(ROMCopy.o)
 .comment       0x0000000000000000       0x71 /Applications/FEH//Proteus/EWL/lib/armv7e-m/librt.a(__arm_eabi_init.o)

.debug_frame    0x0000000000000000     0x1d48
 .debug_frame   0x0000000000000000      0x154 ../main.o
 .debug_frame   0x0000000000000154       0x98 Startup/__arm_start.o
 .debug_frame   0x00000000000001ec       0x2c Startup/__arm_end.o
 .debug_frame   0x0000000000000218       0x58 Startup/kinetis_sysinit.o
 .debug_frame   0x0000000000000270       0x8c Libraries/FEHMotor.o
 .debug_frame   0x00000000000002fc       0x84 Drivers/uart.o
 .debug_frame   0x0000000000000380       0x2c Drivers/lptmr.o
 .debug_frame   0x00000000000003ac       0x4c FEHProteus.o
 .debug_frame   0x00000000000003f8       0xa8 Drivers/FEHPropeller.o
 .debug_frame   0x00000000000004a0       0xf8 Libraries/FEHUtility.o
 .debug_frame   0x0000000000000598      0x4e8 Libraries/FEHIO.o
 .debug_frame   0x0000000000000a80       0x64 Drivers/adc16.o
 .debug_frame   0x0000000000000ae4      0x1c8 Libraries/FEHBuzzer.o
 .debug_frame   0x0000000000000cac      0x7e0 Libraries/FEHLCD.o
 .debug_frame   0x000000000000148c       0x8c Libraries/FEHBattery.o
 .debug_frame   0x0000000000001518       0xfc Drivers/FEHXBee.o
 .debug_frame   0x0000000000001614      0x2b0 Libraries/FEHRPS.o
 .debug_frame   0x00000000000018c4       0x34 /Applications/FEH//Proteus/EWL/lib/armv7e-m/libc.a(sprintf.o)
 .debug_frame   0x00000000000018f8       0x4c /Applications/FEH//Proteus/EWL/lib/armv7e-m/libc.a(vsnprintf.o)
 .debug_frame   0x0000000000001944       0x28 /Applications/FEH//Proteus/EWL/lib/armv7e-m/libc.a(exit.o)
 .debug_frame   0x000000000000196c       0x28 /Applications/FEH//Proteus/EWL/lib/armv7e-m/libc.a(memcpy.o)
 .debug_frame   0x0000000000001994       0x28 /Applications/FEH//Proteus/EWL/lib/armv7e-m/libc.a(memset.o)
 .debug_frame   0x00000000000019bc       0x64 /Applications/FEH//Proteus/EWL/lib/armv7e-m/libc.a(printformat_.o)
 .debug_frame   0x0000000000001a20       0x3c /Applications/FEH//Proteus/EWL/lib/armv7e-m/libc.a(scanformat_.o)
 .debug_frame   0x0000000000001a5c       0xf0 /Applications/FEH//Proteus/EWL/lib/armv7e-m/libc.a(ctype_aeabi.o)
 .debug_frame   0x0000000000001b4c       0x3c /Applications/FEH//Proteus/EWL/lib/armv7e-m/libc.a(__strtoul.o)
 .debug_frame   0x0000000000001b88       0x2c /Applications/FEH//Proteus/EWL/lib/armv7e-m/libc.a(__filll_mem.o)
 .debug_frame   0x0000000000001bb4       0x20 /Applications/FEH//Proteus/EWL/lib/armv7e-m/libc.a(memchr.o)
 .debug_frame   0x0000000000001bd4       0x20 /Applications/FEH//Proteus/EWL/lib/armv7e-m/libc.a(strchr.o)
 .debug_frame   0x0000000000001bf4       0x20 /Applications/FEH//Proteus/EWL/lib/armv7e-m/libc.a(strlen.o)
 .debug_frame   0x0000000000001c14       0x40 /Applications/FEH//Proteus/EWL/lib/armv7e-m/librt.a(gcc_ctor_dtor.o)
 .debug_frame   0x0000000000001c54       0x48 /Applications/FEH//Proteus/EWL/lib/armv7e-m/librt.a(ROMCopy.o)
 .debug_frame   0x0000000000001c9c       0xac /Applications/FEH//Proteus/EWL/lib/armv7e-m/librt.a(__arm_eabi_init.o)
